11-02 16:13:00.192 D/ZenLog  ( 1378): config: readXml,ZenModeConfig[user=0,allowCalls=true,allowRepeatCallers=false,allowMessages=false,allowCallsFrom=contacts,allowMessagesFrom=contacts,allowReminders=true,allowEvents=true,allowWhenScreenOff=true,allowWhenScreenOn=true,automaticRules={d9fa132e1e7a4078bc59ac6a75f27da2=ZenRule[enabled=false,snoozing=false,name=Weekend,zenMode=ZEN_MODE_ALARMS,conditionId=condition://android/schedule?days=6.7&start=23.30&end=10.0&exitAtAlarm=false,condition=Condition[id=condition://android/schedule?days=6.7&start=23.30&end=10.0&exitAtAlarm=false,summary=...,line1=...,line2=...,icon=0,state=STATE_FALSE,flags=2],component=ComponentInfo{android/com.android.server.notification.ScheduleConditionProvider},id=d9fa132e1e7a4078bc59ac6a75f27da2,creationTime=24548659569,enabler=null], f536f9736b3e4f049ec59b483ddc743a=ZenRule[enabled=false,snoozing=false,name=Event,zenMode=ZEN_MODE_ALARMS,conditionId=condition://android/event?userId=-10000&calendar=&reply=1,condition=Condition[id=condition://android/event?userId=-10000&calendar=&reply=1,summary=...,line1=...,line2=...,icon=0,state=STATE_FALSE,flags=2],component=ComponentInfo{android/com.android.server.notification.EventConditionProvider},id=f536f9736b3e4f049ec59b483ddc743a,creationTime=24548659571,enabler=null], 8df48668efee4531ae7f2d847534c55d=ZenRule[enabled=false,snoozing=false,name=Weeknight,zenMode=ZEN_MODE_ALARMS,conditionId=condition://android/schedule?days=1.2.3.4.5&start=22.0&end=7.0&exitAtAlarm=false,condition=Condition[id=condition://android/schedule?days=1.2.3.4.5&start=22.0&end=7.0&exitAtAlarm=false,summary=...,line1=...,line2=...,icon=0,state=STATE_FALSE,flags=2],component=ComponentInfo{android/com.android.server.notification.ScheduleConditionProvider},id=8df48668efee4531ae7f2d847534c55d,creationTime=24548659568,enabler=null]},manualRule=null],Diff[automaticRule[d9fa132e1e7a4078bc59ac6a75f27da2]:insert,automaticRule[f536f9736b3e4f049ec59b483ddc743a]:insert,automaticRule[24540f1405df407cb1b0c269f3c4a24e]:delete,automaticRule[d8331a51b602439d99fbe8fa9f0dfad2]:delete,automaticRule[9096b6a4f176480a95927c75458c94e4]:delete,automaticRule[8df48668efee4531ae7f2d847534c55d]:insert]
11-02 16:13:00.290 D/ZenLog  ( 1378): set_zen_mode: off,init
11-02 16:13:00.319 I/SystemServiceManager( 1378): Starting com.android.server.storage.DeviceStorageMonitorService
11-02 16:13:00.324 I/SystemServer( 1378): StartLocationManagerService
11-02 16:13:00.327 I/SystemServer( 1378): StartCountryDetectorService
11-02 16:13:00.328 I/SystemServer( 1378): StartSearchManagerService
11-02 16:13:00.329 I/SystemServiceManager( 1378): Starting com.android.server.search.SearchManagerService$Lifecycle
11-02 16:13:00.333 I/SystemServiceManager( 1378): Starting com.android.server.DropBoxManagerService
11-02 16:13:00.337 I/SystemServer( 1378): StartWallpaperManagerService
11-02 16:13:00.337 I/SystemServiceManager( 1378): Starting com.android.server.wallpaper.WallpaperManagerService$Lifecycle
11-02 16:13:00.342 E/BitmapFactory( 1378): Unable to decode stream: java.io.FileNotFoundException: /data/system/users/0/wallpaper_orig (No such file or directory)
11-02 16:13:00.342 E/WallpaperManagerService( 1378): Invalid wallpaper data
11-02 16:13:00.342 E/WallpaperManagerService( 1378): Unable to apply new wallpaper
11-02 16:13:00.348 I/SystemServer( 1378): StartAudioService
11-02 16:13:00.348 I/SystemServiceManager( 1378): Starting com.android.server.audio.AudioService$Lifecycle
11-02 16:13:00.355 D/PermissionCache(  573): checking android.permission.MODIFY_AUDIO_SETTINGS for uid=1000 => granted (924 us)
11-02 16:13:00.355 D/AudioPolicyManagerCustom(  573): setForceUse() usage 4, config 0, mPhoneState 0
11-02 16:13:00.358 W/TelecomManager( 1378): Telecom Service not found.
11-02 16:13:00.360 D/AudioPolicyManagerCustom(  573): setForceUse() usage 3, config 8, mPhoneState 0
11-02 16:13:00.360 D/AudioPolicyManagerCustom(  573): setForceUse() usage 6, config 0, mPhoneState 0
11-02 16:13:00.366 E/BatteryStatsService( 1378): power: Missing API
11-02 16:13:00.367 W/AudioFlinger(  573): no wake lock to update, system not ready yet
11-02 16:13:00.367 W/AudioFlinger(  573): no wake lock to update, system not ready yet
11-02 16:13:00.367 W/AudioFlinger(  573): no wake lock to update, system not ready yet
11-02 16:13:00.368 W/AudioFlinger(  573): no wake lock to update, system not ready yet
11-02 16:13:00.368 D/audio_hw_primary(  573): adev_set_mic_mute state 0
11-02 16:13:00.441 I/SystemServiceManager( 1378): Starting com.android.server.DockObserver
11-02 16:13:00.442 W/DockObserver( 1378): This kernel does not have dock station support
11-02 16:13:00.444 I/SystemServer( 1378): StartWiredAccessoryManager
11-02 16:13:00.445 W/WiredAccessoryManager( 1378): This kernel does not have usb audio support
11-02 16:13:00.447 W/WiredAccessoryManager( 1378): This kernel does not have HDMI audio support
11-02 16:13:00.447 I/SystemServiceManager( 1378): Starting com.android.server.midi.MidiService$Lifecycle
11-02 16:13:00.450 I/SystemServiceManager( 1378): Starting com.android.server.usb.UsbService$Lifecycle
11-02 16:13:00.469 I/SystemServer( 1378): StartSerialService
11-02 16:13:00.471 E/HardwarePropertiesManagerService-JNI( 1378): Couldn't load thermal module (No such file or directory)
11-02 16:13:00.472 I/SystemServiceManager( 1378): Starting com.android.server.twilight.TwilightService
11-02 16:13:00.473 I/SystemServiceManager( 1378): Starting com.android.server.job.JobSchedulerService
11-02 16:13:00.477 D/JobStore( 1378): Start tag: job-info
11-02 16:13:00.490 I/SystemServiceManager( 1378): Starting com.android.server.soundtrigger.SoundTriggerService
11-02 16:13:00.492 I/SystemServiceManager( 1378): Starting com.android.server.backup.BackupManagerService$Lifecycle
11-02 16:13:00.496 I/SystemServiceManager( 1378): Starting com.android.server.appwidget.AppWidgetService
11-02 16:13:00.509 I/SystemServiceManager( 1378): Starting com.android.server.voiceinteraction.VoiceInteractionManagerService
11-02 16:13:00.513 I/SystemServer( 1378): Gesture Launcher Service
11-02 16:13:00.513 I/SystemServiceManager( 1378): Starting com.android.server.GestureLauncherService
11-02 16:13:00.514 I/SystemServiceManager( 1378): Starting com.android.server.SensorNotificationService
11-02 16:13:00.514 I/SystemServiceManager( 1378): Starting com.android.server.ContextHubSystemService
11-02 16:13:00.515 E/ContextHubService( 1378): ** Could not load context_hub module : err No such file or directory
11-02 16:13:00.515 W/ContextHubService( 1378): No Context Hub Module present
11-02 16:13:00.516 I/SystemServer( 1378): StartDiskStatsService
11-02 16:13:00.518 I/SystemServer( 1378): StartSamplingProfilerService
11-02 16:13:00.535 I/SystemServer( 1378): StartNetworkTimeUpdateService
11-02 16:13:00.537 I/SystemServer( 1378): StartCommonTimeManagementService
11-02 16:13:00.538 I/SystemServer( 1378): CertBlacklister
11-02 16:13:00.541 I/SystemServiceManager( 1378): Starting com.android.server.emergency.EmergencyAffordanceService
11-02 16:13:00.542 I/SystemServiceManager( 1378): Starting com.android.server.dreams.DreamManagerService
11-02 16:13:00.544 I/SystemServer( 1378): StartAssetAtlasService
11-02 16:13:00.560 I/SystemServiceManager( 1378): Starting com.android.server.print.PrintManagerService
11-02 16:13:00.563 D/AssetAtlas( 1378): Loaded configuration: SliceShortAxis (896x1344) flags=0x2 count=98
11-02 16:13:00.567 I/SystemServiceManager( 1378): Starting com.android.server.restrictions.RestrictionsManagerService
11-02 16:13:00.569 I/SystemServiceManager( 1378): Starting com.android.server.media.MediaSessionService
11-02 16:13:00.575 I/SystemServer( 1378): StartMediaRouterService
11-02 16:13:00.578 I/SystemServiceManager( 1378): Starting com.android.server.trust.TrustManagerService
11-02 16:13:00.581 I/SystemServiceManager( 1378): Starting com.android.server.fingerprint.FingerprintService
11-02 16:13:00.588 D/PermissionCache(  597): checking android.permission.MANAGE_FINGERPRINT for uid=1000 => granted (972 us)
11-02 16:13:00.588 V/fingerprintd(  597): nativeOpenHal()
11-02 16:13:00.596 I/Adreno  ( 1378): QUALCOMM build                   : ead2395, I23cc4685e6
11-02 16:13:00.596 I/Adreno  ( 1378): Build Date                       : 04/11/17
11-02 16:13:00.596 I/Adreno  ( 1378): OpenGL ES Shader Compiler Version: XE031.09.00.04
11-02 16:13:00.596 I/Adreno  ( 1378): Local Branch                     : 
11-02 16:13:00.596 I/Adreno  ( 1378): Remote Branch                    : quic/gfx-adreno.lnx.1.0.r5-rel
11-02 16:13:00.596 I/Adreno  ( 1378): Remote Branch                    : NONE
11-02 16:13:00.596 I/Adreno  ( 1378): Reconstruct Branch               : NOTHING
11-02 16:13:00.597 D/fpc_hal (  597): fpc_module_open
11-02 16:13:00.598 D/fpc_hal (  597): fpc_get_alikey_status
11-02 16:13:00.598 D/ALIPAY_FACTORY(  597): Loading app -alipay size 8192
11-02 16:13:00.598 D/QSEECOMAPI(  597): QSEECom_get_handle sb_length = 0x2000
11-02 16:13:00.598 D/QSEECOMAPI(  597): App is not loaded in QSEE
11-02 16:13:00.600 D/QSEECOMAPI(  597): app_arch = 1, total_files = 8
11-02 16:13:00.620 D/AssetAtlas( 1378): Rendered atlas in 46.62ms (26.69+19.94ms)
11-02 16:13:00.637 D/QSEECOMAPI(  597): Loaded image: APP id = 131074
11-02 16:13:00.637 D/ALIPAY_FACTORY(  597): Loading app firmware-alipay succeded
11-02 16:13:00.644 E/rpmb_emmc(  624): ----------------------------rpmb_emmc_read-----------------------------
11-02 16:13:00.646 D/ALIPAY_FACTORY(  597): qsc_shutdown_app: start
11-02 16:13:00.646 D/QSEECOMAPI(  597): QSEECom_dealloc_memory 
11-02 16:13:00.646 D/QSEECOMAPI(  597): QSEECom_shutdown_app, app_id = 131074
11-02 16:13:00.648 D/ALIPAY_FACTORY(  597): shutdown app: pass
11-02 16:13:00.648 D/ALIPAY_FACTORY(  597): alikey_verify successed
11-02 16:13:00.648 D/fpc_hal (  597): fpc_get_alikey_status alikey verify successed
11-02 16:13:00.648 D/fpc_tac (  597): fpc_irq_init,modalias,fpc_fpc1020,/sys/bus/platform/devices,4096
11-02 16:13:00.648 D/fpc_tac (  597): fpc_sysfs_path_by_attr
11-02 16:13:00.651 D/fpc_tac (  597): 'modalias'='of:Nfpc_fpc1020T<NULL>Cfpc,fpc1' found on  path '/sys/bus/platform/devices/soc:fpc_fpc1020/'
11-02 16:13:00.651 D/fpc_tac (  597): fpc_sysfs_path_by_attr
11-02 16:13:00.652 D/fpc_tac (  597): 'modalias'='of:Nfpc_fpc1020T<NULL>Cfpc,fpc1' found on  path '/sys/bus/platform/devices/soc:fpc_fpc1020/'
11-02 16:13:00.652 D/QSEECOMAPI(  597): QSEECom_get_handle sb_length = 0x80
11-02 16:13:00.652 D/QSEECOMAPI(  597): App is not loaded in QSEE
11-02 16:13:00.655 D/QSEECOMAPI(  597): app_arch = 1, total_files = 8
11-02 16:13:01.190 I/MSM-irqbalance(  664): Decided to move IRQ149 from CPU0 [P:0] to CPU7 [P:1] (banned)
11-02 16:13:01.249 D/QSEECOMAPI(  597): Loaded image: APP id = 196610
11-02 16:13:01.260 D/fpc_tac (  597): fpc_tee_print_build_info
11-02 16:13:01.262 D/fpc_tac (  597): fpc_tee_print_build_info : fpcbuildinfo : e4bec2bc0f836a1de313d356c48b79c8fpc_bio=9b2a8fc5ccfe5a5404f1d22e3e61b3d0fa591191C:CACsetup=daa82b312609ac507dd7cafcfa08a39cdcd1111cC:prodtestlib=300e5471226a0e9eac3cf2d847afe4b42d924b9bC:cac_controller=362f1c2921a151dbc2c5ab917cc7b3e2343f4e0fC:fpc_c_core=2e8b6504329e07ce64df270e3ebe44e24aa03204C:fpc_lib=fe2d105140593c6e76ecd1ddf0eb3378f070bcd6D:dongnkai@dongnkai-VirtualBox:Mon,19Sep201613:02:46+0800
11-02 16:13:01.262 D/fpc_tac (  597): qsee_km_get_encapsulated_key begin
11-02 16:13:01.262 D/QSEECOMAPI(  597): QSEECom_get_handle sb_length = 0x400
11-02 16:13:01.262 D/QSEECOMAPI(  597): App is already loaded QSEE and app id = 65537
11-02 16:13:01.263 D/QSEECOMAPI(  597): QSEECom_dealloc_memory 
11-02 16:13:01.263 D/QSEECOMAPI(  597): QSEECom_shutdown_app, app_id = 65537
11-02 16:13:01.266 D/fpc_hal (  597): input_init uinput-fpc created
11-02 16:13:01.268 D/fpc_hal (  597): fpc_worker_set_default_task
11-02 16:13:01.268 D/fpc_hal (  597): fpc_worker_resume
11-02 16:13:01.268 E/fingerprintd(  597): Wrong fp version. Expected 513, got 512
11-02 16:13:01.268 D/fpc_hal (  597): worker_function executing default task
11-02 16:13:01.268 D/fpc_hal (  597): fpc_set_notify
11-02 16:13:01.268 D/fpc_tac (  597): fpc_tee_nav_loop
11-02 16:13:01.268 D/fpc_tac (  597): fpc_tee_set_cancel
11-02 16:13:01.268 D/fpc_tac (  597): fpc_tee_wait_finger_lost
11-02 16:13:01.268 D/fpc_tac (  597): nav_stop
11-02 16:13:01.268 D/EventHub( 1378): No input device configuration file found for device 'uinput-fpc'.
11-02 16:13:01.271 W/EventHub( 1378): Unable to disable kernel key repeat for /dev/input/event7: Function not implemented
11-02 16:13:01.271 I/EventHub( 1378): New device: id=8, fd=23, path='/dev/input/event7', name='uinput-fpc', classes=0x80000001, configuration='', keyLayout='/system/usr/keylayout/uinput-fpc.kl', keyCharacterMap='/system/usr/keychars/Generic.kcm', builtinKeyboard=false, wakeMechanism=EPOLLWAKEUP, usingClockIoctl=true
11-02 16:13:01.271 I/InputReader( 1378): Device added: id=8, name='uinput-fpc', sources=0x00000101
11-02 16:13:01.274 D/fpc_tac (  597): fpc_tee_clear_cancel
11-02 16:13:01.274 D/fpc_hal (  597): fpc_worker_resume
11-02 16:13:01.274 D/fpc_hal (  597): worker_function executing default task
11-02 16:13:01.274 V/fingerprintd(  597): fingerprint HAL successfully initialized
11-02 16:13:01.274 D/fpc_tac (  597): fpc_tee_nav_loop
11-02 16:13:01.274 D/fpc_tac (  597): fpc_tee_wait_finger_lost
11-02 16:13:01.275 V/fingerprintd(  597): setActiveGroup(0, /data/system/users/0/fpdata, 27)
11-02 16:13:01.275 D/fpc_hal (  597): fpc_set_active_group
11-02 16:13:01.275 D/fpc_tac (  597): fpc_tee_set_cancel
11-02 16:13:01.372 D/fpc_tac (  597): fpc_tee_wait_finger_lost exit
11-02 16:13:01.372 D/fpc_tac (  597): monitor_trigger before there is no touch down
11-02 16:13:01.372 D/fpc_tac (  597): nav_start
11-02 16:13:01.378 D/fpc_tac (  597): fpc_tee_nav_loop waiting for finger down
11-02 16:13:01.384 D/fpc_tac (  597): fpc_irq_wait
11-02 16:13:01.384 D/fpc_tac (  597): nav_stop
11-02 16:13:01.390 D/fpc_tac (  597): fpc_tee_clear_cancel
11-02 16:13:01.390 D/fpc_tac (  597): fpc_tee_load_template_db
11-02 16:13:01.390 D/fpc_tac (  597): fpc_tee_load_empty_db
11-02 16:13:01.392 D/fpc_tac (  597): fpc_tee_set_gid
11-02 16:13:01.393 D/fpc_tac (  597): fpc_tee_get_template_db_id
11-02 16:13:01.395 D/fpc_hal (  597): fpc_worker_resume
11-02 16:13:01.395 D/fpc_hal (  597): worker_function executing default task
11-02 16:13:01.395 D/fpc_tac (  597): fpc_tee_nav_loop
11-02 16:13:01.395 D/fpc_tac (  597): fpc_tee_wait_finger_lost
11-02 16:13:01.395 D/fpc_hal (  597): fpc_get_authenticator_id
11-02 16:13:01.396 D/fpc_hal (  597): fpc_get_authenticator_id
11-02 16:13:01.396 V/FingerprintService( 1378): Fingerprint HAL id: 548254552064
11-02 16:13:01.397 I/SystemServer( 1378): StartBackgroundDexOptService
11-02 16:13:01.399 I/SystemServiceManager( 1378): Starting com.android.server.pm.ShortcutService$Lifecycle
11-02 16:13:01.403 D/fpc_tac (  597): fpc_tee_wait_finger_lost exit
11-02 16:13:01.403 D/fpc_tac (  597): monitor_trigger before there is no touch down
11-02 16:13:01.403 D/fpc_tac (  597): nav_start
11-02 16:13:01.405 I/SystemServiceManager( 1378): Starting com.android.server.pm.LauncherAppsService
11-02 16:13:01.408 I/SystemServiceManager( 1378): Starting com.android.server.media.projection.MediaProjectionManagerService
11-02 16:13:01.409 D/fpc_tac (  597): fpc_tee_nav_loop waiting for finger down
11-02 16:13:01.412 V/MediaRouter( 1378): Adding route: RouteInfo{ name=, description=null, status=null, category=RouteCategory{ name=null types=ROUTE_TYPE_LIVE_AUDIO ROUTE_TYPE_LIVE_VIDEO  groupable=false }, supportedTypes=ROUTE_TYPE_LIVE_AUDIO ROUTE_TYPE_LIVE_VIDEO , presentationDisplay=null }
11-02 16:13:01.415 V/MediaRouter( 1378): Updating audio routes: AudioRoutesInfo{ type=SPEAKER }
11-02 16:13:01.415 D/fpc_tac (  597): fpc_irq_wait
11-02 16:13:01.417 V/MediaRouter( 1378): Selecting route: RouteInfo{ name=, description=null, status=null, category=RouteCategory{ name=null types=ROUTE_TYPE_LIVE_AUDIO ROUTE_TYPE_LIVE_VIDEO  groupable=false }, supportedTypes=ROUTE_TYPE_LIVE_AUDIO ROUTE_TYPE_LIVE_VIDEO , presentationDisplay=null }
11-02 16:13:01.520 I/WindowManager( 1378): SAFE MODE not enabled
11-02 16:13:01.523 I/SystemServiceManager( 1378): Starting com.android.server.MmsServiceBroker
11-02 16:13:01.526 I/CMSystemServer( 1378): Attempting to start service org.cyanogenmod.platform.internal.CMStatusBarManagerService
11-02 16:13:01.529 I/CMSystemServer( 1378): Starting service org.cyanogenmod.platform.internal.CMStatusBarManagerService
11-02 16:13:01.529 I/SystemServiceManager( 1378): Starting org.cyanogenmod.platform.internal.CMStatusBarManagerService
11-02 16:13:01.529 D/CMStatusBarManagerService( 1378): registerCMStatusBar cmstatusbar: org.cyanogenmod.platform.internal.CMStatusBarManagerService@d968c7a
11-02 16:13:01.532 I/CMSystemServer( 1378): Attempting to start service org.cyanogenmod.platform.internal.ProfileManagerService
11-02 16:13:01.538 I/CMSystemServer( 1378): Starting service org.cyanogenmod.platform.internal.ProfileManagerService
11-02 16:13:01.538 I/SystemServiceManager( 1378): Starting org.cyanogenmod.platform.internal.ProfileManagerService
11-02 16:13:01.539 E/ServiceManager(  548): add_service('profile',72) uid=1000 - ALREADY REGISTERED, OVERRIDE
11-02 16:13:01.539 I/ServiceManager(  548): service 'profile' died
11-02 16:13:01.543 V/ProfileTriggerHelper( 1378): Enabling
11-02 16:13:01.552 D/CMProfileService( 1378): Found active: 0230226d-0d05-494a-a9bd-d222a1117655
11-02 16:13:01.572 D/CMProfileService( 1378): Set active profile to: 0230226d-0d05-494a-a9bd-d222a1117655 - 
11-02 16:13:01.572 D/CMProfileService( 1378): Saving profile data...
11-02 16:13:01.579 D/CMProfileService( 1378): Save completed.
11-02 16:13:01.580 I/CMSystemServer( 1378): Attempting to start service org.cyanogenmod.platform.internal.CMTelephonyManagerService
11-02 16:13:01.582 I/CMSystemServer( 1378): Starting service org.cyanogenmod.platform.internal.CMTelephonyManagerService
11-02 16:13:01.582 I/SystemServiceManager( 1378): Starting org.cyanogenmod.platform.internal.CMTelephonyManagerService
11-02 16:13:01.583 I/CMSystemServer( 1378): Attempting to start service org.cyanogenmod.platform.internal.CMHardwareService
11-02 16:13:01.587 I/CMSystemServer( 1378): Starting service org.cyanogenmod.platform.internal.CMHardwareService
11-02 16:13:01.587 I/SystemServiceManager( 1378): Starting org.cyanogenmod.platform.internal.CMHardwareService
11-02 16:13:01.588 E/ServiceManager(  548): add_service('cmhardware',74) uid=1000 - ALREADY REGISTERED, OVERRIDE
11-02 16:13:01.588 I/ServiceManager(  548): service 'cmhardware' died
11-02 16:13:01.588 I/CMSystemServer( 1378): Attempting to start service org.cyanogenmod.platform.internal.PerformanceManagerService
11-02 16:13:01.592 I/ServiceThread( 1378): Enabled StrictMode logging for PerformanceManager looper.
11-02 16:13:01.593 I/CMSystemServer( 1378): Starting service org.cyanogenmod.platform.internal.PerformanceManagerService
11-02 16:13:01.593 I/SystemServiceManager( 1378): Starting org.cyanogenmod.platform.internal.PerformanceManagerService
11-02 16:13:01.595 I/ServiceThread( 1378): Enabled StrictMode logging for PerformanceManager looper.
11-02 16:13:01.595 I/CMSystemServer( 1378): Attempting to start service org.cyanogenmod.platform.internal.WeatherManagerServiceBroker
11-02 16:13:01.598 I/CMSystemServer( 1378): Starting service org.cyanogenmod.platform.internal.WeatherManagerServiceBroker
11-02 16:13:01.598 I/SystemServiceManager( 1378): Starting org.cyanogenmod.platform.internal.WeatherManagerServiceBroker
11-02 16:13:01.599 I/CMSystemServer( 1378): Attempting to start service org.cyanogenmod.platform.internal.display.LiveDisplayService
11-02 16:13:01.603 I/ServiceThread( 1378): Enabled StrictMode logging for LiveDisplay looper.
11-02 16:13:01.607 I/CMSystemServer( 1378): Starting service org.cyanogenmod.platform.internal.display.LiveDisplayService
11-02 16:13:01.607 I/SystemServiceManager( 1378): Starting org.cyanogenmod.platform.internal.display.LiveDisplayService
11-02 16:13:01.609 I/ServiceThread( 1378): Enabled StrictMode logging for LiveDisplay looper.
11-02 16:13:01.611 I/CMSystemServer( 1378): Attempting to start service org.cyanogenmod.platform.internal.CMAudioServiceBroker
11-02 16:13:01.612 I/CMSystemServer( 1378): Starting service org.cyanogenmod.platform.internal.CMAudioServiceBroker
11-02 16:13:01.612 I/SystemServiceManager( 1378): Starting org.cyanogenmod.platform.internal.CMAudioServiceBroker
11-02 16:13:01.677 E/LockSettingsStorage( 1378): Cannot read file java.io.FileNotFoundException: /data/system/gatekeeper.password.key: open failed: ENOENT (No such file or directory)
11-02 16:13:01.678 E/LockSettingsStorage( 1378): Cannot read file java.io.FileNotFoundException: /data/system/password.key: open failed: ENOENT (No such file or directory)
11-02 16:13:01.679 E/LockSettingsStorage( 1378): Cannot read file java.io.FileNotFoundException: /data/system/gatekeeper.pattern.key: open failed: ENOENT (No such file or directory)
11-02 16:13:01.679 E/LockSettingsStorage( 1378): Cannot read file java.io.FileNotFoundException: /data/system/gatekeeper.gesture.key: open failed: ENOENT (No such file or directory)
11-02 16:13:01.680 E/LockSettingsStorage( 1378): Cannot read file java.io.FileNotFoundException: /data/system/gesture.key: open failed: ENOENT (No such file or directory)
11-02 16:13:01.680 I/SystemServiceManager( 1378): Starting phase 480
11-02 16:13:01.687 I/DevicePolicyManagerService( 1378): Set ro.device_owner property to false
11-02 16:13:01.693 I/SystemServiceManager( 1378): Starting phase 500
11-02 16:13:01.702 D/ConnectivityMetricsLoggerService( 1378): onBootPhase: PHASE_SYSTEM_SERVICES_READY
11-02 16:13:01.711 I/WifiService( 1378): WifiService starting up with Wi-Fi enabled
11-02 16:13:01.716 D/WifiService( 1378): setWifiEnabled: true pid=1378, uid=1000
11-02 16:13:01.716 I/WifiScanningService( 1378): Starting wifiscanner
11-02 16:13:01.718 D/WifiController( 1378): WifiController msg { when=0 what=155656 target=com.android.internal.util.StateMachine$SmHandler } deferred for 500ms
11-02 16:13:01.728 I/RttService( 1378): Registering rttmanager
11-02 16:13:01.731 I/EthernetServiceImpl( 1378): Starting Ethernet service
11-02 16:13:01.733 D/Ethernet( 1378): Registering NetworkFactory
11-02 16:13:01.734 D/ConnectivityService( 1378): Got NetworkFactory Messenger for Ethernet
11-02 16:13:01.734 D/Ethernet( 1378): got request NetworkRequest [ REQUEST id=1, [ Capabilities: INTERNET&NOT_RESTRICTED&TRUSTED&NOT_VPN] ] with score 0
11-02 16:13:01.805 D/ZenLog  ( 1378): config: cleanUpZenRules,ZenModeConfig[user=0,allowCalls=true,allowRepeatCallers=false,allowMessages=false,allowCallsFrom=contacts,allowMessagesFrom=contacts,allowReminders=true,allowEvents=true,allowWhenScreenOff=true,allowWhenScreenOn=true,automaticRules={d9fa132e1e7a4078bc59ac6a75f27da2=ZenRule[enabled=false,snoozing=false,name=Weekend,zenMode=ZEN_MODE_ALARMS,conditionId=condition://android/schedule?days=6.7&start=23.30&end=10.0&exitAtAlarm=false,condition=Condition[id=condition://android/schedule?days=6.7&start=23.30&end=10.0&exitAtAlarm=false,summary=...,line1=...,line2=...,icon=0,state=STATE_FALSE,flags=2],component=ComponentInfo{android/com.android.server.notification.ScheduleConditionProvider},id=d9fa132e1e7a4078bc59ac6a75f27da2,creationTime=24548659569,enabler=null], f536f9736b3e4f049ec59b483ddc743a=ZenRule[enabled=false,snoozing=false,name=Event,zenMode=ZEN_MODE_ALARMS,conditionId=condition://android/event?userId=-10000&calendar=&reply=1,condition=Condition[id=condition://android/event?userId=-10000&calendar=&reply=1,summary=...,line1=...,line2=...,icon=0,state=STATE_FALSE,flags=2],component=ComponentInfo{android/com.android.server.notification.EventConditionProvider},id=f536f9736b3e4f049ec59b483ddc743a,creationTime=24548659571,enabler=null], 8df48668efee4531ae7f2d847534c55d=ZenRule[enabled=false,snoozing=false,name=Weeknight,zenMode=ZEN_MODE_ALARMS,conditionId=condition://android/schedule?days=1.2.3.4.5&start=22.0&end=7.0&exitAtAlarm=false,condition=Condition[id=condition://android/schedule?days=1.2.3.4.5&start=22.0&end=7.0&exitAtAlarm=false,summary=...,line1=...,line2=...,icon=0,state=STATE_FALSE,flags=2],component=ComponentInfo{android/com.android.server.notification.ScheduleConditionProvider},id=8df48668efee4531ae7f2d847534c55d,creationTime=24548659568,enabler=null]},manualRule=null],Diff[]
11-02 16:13:01.807 D/ZenLog  ( 1378): set_zen_mode: off,onSystemReady
11-02 16:13:01.811 D/PermissionCache(  573): checking android.permission.CAPTURE_AUDIO_HOTWORD for uid=1000 => granted (232 us)
11-02 16:13:01.812 D/ContextHubSystemService( 1378): onBootPhase: PHASE_SYSTEM_SERVICES_READY
11-02 16:13:01.822 E/PerformanceManager( 1378): System is not ready, dropping profile request
11-02 16:13:01.903 I/ActivityManager( 1378): Config changes=20 {1.0 ?mcc?mnc [zh_CN] ldltr sw360dp w360dp h568dp 480dpi nrml port finger -keyb/v/h -nav/h s.5}
11-02 16:13:01.979 V/UserManagerService( 1378): Found /data/user_de/0 with serial number 0
11-02 16:13:01.980 V/UserManagerService( 1378): Found /data/user/0 with serial number 0
11-02 16:13:01.980 V/UserManagerService( 1378): Found /data/system_de/0 with serial number 0
11-02 16:13:01.980 V/UserManagerService( 1378): Found /data/system_ce/0 with serial number 0
11-02 16:13:01.988 I/ActivityManager( 1378): System now ready
11-02 16:13:01.989 W/KeyguardServiceDelegate( 1378): onScreenTurningOn(): no keyguard service!
11-02 16:13:01.996 I/SystemServer( 1378): Making services ready
11-02 16:13:01.996 I/SystemServiceManager( 1378): Starting phase 550
11-02 16:13:02.003 D/BluetoothManagerService( 1378): Bluetooth boot completed
11-02 16:13:02.028 E/InputMethodManagerService( 1378): Ignoring updateSystemUiLocked due to an invalid token. uid:1000 token:null
11-02 16:13:02.224 D/WifiController( 1378): DEFERRED_TOGGLE handled
11-02 16:13:02.225 E/WifiMonitor( 1378): killSupplicant p2ptrue init.svc.wpa_supplicant=unknown init.svc.p2p_supplicant=unknown
11-02 16:13:02.253 I/Zygote  ( 1378): Process: zygote socket opened, supported ABIS: arm64-v8a
11-02 16:13:02.265 I/ActivityManager( 1378): Start proc 1524:com.android.inputmethod.latin/u0a63 for service com.android.inputmethod.latin/.LatinIME
11-02 16:13:02.265 V/InputMethodManagerService( 1378): Adding window token: android.os.Binder@d7761b0
11-02 16:13:02.265 D/MountService( 1378): Thinking about init, mSystemReady=true, mDaemonConnected=true
11-02 16:13:02.266 D/MountService( 1378): Setting up emulation state, initlocked=false
11-02 16:13:02.266 D/CryptdConnector( 1378): SND -> {2 cryptfs unlock_user_key 0 0 ! !}
11-02 16:13:02.269 D/vold    (  459): e4crypt_unlock_user_key 0 serial=0 token_present=0
11-02 16:13:02.269 D/CryptdConnector( 1378): RCV <- {200 2 Command succeeded}
11-02 16:13:02.271 E/BitmapFactory( 1378): Unable to decode stream: java.io.FileNotFoundException: /data/system/users/0/wallpaper_orig (No such file or directory)
11-02 16:13:02.271 E/WallpaperManagerService( 1378): Invalid wallpaper data
11-02 16:13:02.271 E/WallpaperManagerService( 1378): Unable to apply new wallpaper
11-02 16:13:02.271 D/MountService( 1378): Thinking about reset, mSystemReady=true, mDaemonConnected=true
11-02 16:13:02.272 D/VoldConnector( 1378): SND -> {4 volume reset}
11-02 16:13:02.272 I/ActivityManager( 1378): Force stopping com.android.providers.media appid=10010 user=-1: vold reset
11-02 16:13:02.275 D/VoldConnector( 1378): RCV <- {651 emulated 7}
11-02 16:13:02.277 D/VoldConnector( 1378): RCV <- {659 emulated}
11-02 16:13:02.280 D/VoldConnector( 1378): RCV <- {650 emulated 2 "" ""}
11-02 16:13:02.283 D/VoldConnector( 1378): RCV <- {654 emulated emulated}
11-02 16:13:02.285 D/VoldConnector( 1378): RCV <- {651 emulated 0}
11-02 16:13:02.288 D/VoldConnector( 1378): RCV <- {200 4 Command succeeded}
11-02 16:13:02.289 I/ActivityManager( 1378): Start proc 1538:com.android.systemui/u0a33 for service com.android.systemui/.ImageWallpaper
11-02 16:13:02.289 V/MountService( 1378): Found primary storage at VolumeInfo{emulated}:
11-02 16:13:02.289 V/MountService( 1378):     type=EMULATED diskId=null partGuid=null mountFlags=0 mountUserId=-1 
11-02 16:13:02.289 V/MountService( 1378):     state=UNMOUNTED 
11-02 16:13:02.289 V/MountService( 1378):     fsType=null fsUuid=null fsLabel=null 
11-02 16:13:02.289 V/MountService( 1378):     path=null internalPath=null 
11-02 16:13:02.291 D/VoldConnector( 1378): SND -> {5 volume user_added 0 0}
11-02 16:13:02.292 D/audio_hw_primary(  573): adev_set_parameters: enter: A2dpSuspended=false
11-02 16:13:02.292 D/audio_hw_extn(  573): audio_extn_set_anc_parameters: anc_enabled:0
11-02 16:13:02.292 D/audio_hw_spkr_prot(  573): audio_extn_fbsp_set_parameters: Speaker protection disabled
11-02 16:13:02.294 D/VoldConnector( 1378): RCV <- {200 5 Command succeeded}
11-02 16:13:02.296 D/BluetoothManagerService( 1378): Trying to bind to profile: 1, while Bluetooth was disabled
11-02 16:13:02.297 D/UsbAlsaManager( 1378): Adding ALSA device AlsaDevice: [card: 0, device: 36, type: 2]
11-02 16:13:02.297 D/UsbAlsaManager( 1378): Adding ALSA device AlsaDevice: [card: 0, device: 36, type: 1]
11-02 16:13:02.297 D/UsbAlsaManager( 1378): Adding ALSA device AlsaDevice: [card: 0, device: 35, type: 2]
11-02 16:13:02.298 D/UsbAlsaManager( 1378): Adding ALSA device AlsaDevice: [card: 0, device: 35, type: 1]
11-02 16:13:02.298 D/UsbAlsaManager( 1378): Adding ALSA device AlsaDevice: [card: 0, device: 34, type: 2]
11-02 16:13:02.298 D/UsbAlsaManager( 1378): Adding ALSA device AlsaDevice: [card: 0, device: 34, type: 1]
11-02 16:13:02.298 D/UsbAlsaManager( 1378): Adding ALSA device AlsaDevice: [card: 0, device: 26, type: 2]
11-02 16:13:02.298 D/UsbAlsaManager( 1378): Adding ALSA device AlsaDevice: [card: 0, device: 25, type: 1]
11-02 16:13:02.299 D/UsbAlsaManager( 1378): Adding ALSA device AlsaDevice: [card: 0, device: 23, type: 2]
11-02 16:13:02.299 D/UsbAlsaManager( 1378): Adding ALSA device AlsaDevice: [card: 0, device: 22, type: 2]
11-02 16:13:02.299 D/UsbAlsaManager( 1378): Adding ALSA device AlsaDevice: [card: 0, device: 21, type: 2]
11-02 16:13:02.299 D/UsbAlsaManager( 1378): Adding ALSA device AlsaDevice: [card: 0, device: 20, type: 2]
11-02 16:13:02.300 D/UsbAlsaManager( 1378): Adding ALSA device AlsaDevice: [card: 0, device: 19, type: 2]
11-02 16:13:02.300 D/UsbAlsaManager( 1378): Adding ALSA device AlsaDevice: [card: 0, device: 18, type: 2]
11-02 16:13:02.300 D/UsbAlsaManager( 1378): Adding ALSA device AlsaDevice: [card: 0, device: 18, type: 1]
11-02 16:13:02.300 D/UsbAlsaManager( 1378): Adding ALSA device AlsaDevice: [card: 0, device: 17, type: 2]
11-02 16:13:02.300 D/UsbAlsaManager( 1378): Adding ALSA device AlsaDevice: [card: 0, device: 17, type: 1]
11-02 16:13:02.301 D/UsbAlsaManager( 1378): Adding ALSA device AlsaDevice: [card: 0, device: 16, type: 2]
11-02 16:13:02.301 D/UsbAlsaManager( 1378): Adding ALSA device AlsaDevice: [card: 0, device: 16, type: 1]
11-02 16:13:02.301 D/UsbAlsaManager( 1378): Adding ALSA device AlsaDevice: [card: 0, device: 15, type: 2]
11-02 16:13:02.301 D/UsbAlsaManager( 1378): Adding ALSA device AlsaDevice: [card: 0, device: 15, type: 1]
11-02 16:13:02.301 D/UsbAlsaManager( 1378): Adding ALSA device AlsaDevice: [card: 0, device: 14, type: 2]
11-02 16:13:02.302 D/UsbAlsaManager( 1378): Adding ALSA device AlsaDevice: [card: 0, device: 14, type: 1]
11-02 16:13:02.302 D/UsbAlsaManager( 1378): Adding ALSA device AlsaDevice: [card: 0, device: 13, type: 2]
11-02 16:13:02.302 D/UsbAlsaManager( 1378): Adding ALSA device AlsaDevice: [card: 0, device: 13, type: 1]
11-02 16:13:02.302 D/UsbAlsaManager( 1378): Adding ALSA device AlsaDevice: [card: 0, device: 12, type: 2]
11-02 16:13:02.302 D/UsbAlsaManager( 1378): Adding ALSA device AlsaDevice: [card: 0, device: 12, type: 1]
11-02 16:13:02.303 D/UsbAlsaManager( 1378): Adding ALSA device AlsaDevice: [card: 0, device: 11, type: 2]
11-02 16:13:02.303 D/UsbAlsaManager( 1378): Adding ALSA device AlsaDevice: [card: 0, device: 11, type: 1]
11-02 16:13:02.303 D/UsbAlsaManager( 1378): Adding ALSA device AlsaDevice: [card: 0, device: 10, type: 2]
11-02 16:13:02.303 D/UsbAlsaManager( 1378): Adding ALSA device AlsaDevice: [card: 0, device: 10, type: 1]
11-02 16:13:02.303 D/UsbAlsaManager( 1378): Adding ALSA device AlsaDevice: [card: 0, device: 8, type: 2]
11-02 16:13:02.304 D/UsbAlsaManager( 1378): Adding ALSA device AlsaDevice: [card: 0, device: 7, type: 1]
11-02 16:13:02.304 D/UsbAlsaManager( 1378): Adding ALSA device AlsaDevice: [card: 0, device: 6, type: 2]
11-02 16:13:02.304 D/UsbAlsaManager( 1378): Adding ALSA device AlsaDevice: [card: 0, device: 5, type: 1]
11-02 16:13:02.304 D/VoldConnector( 1378): SND -> {6 volume mount emulated 3 -1}
11-02 16:13:02.304 D/UsbAlsaManager( 1378): Adding ALSA device AlsaDevice: [card: 0, device: 4, type: 1]
11-02 16:13:02.304 D/UsbAlsaManager( 1378): Adding ALSA device AlsaDevice: [card: 0, device: 3, type: 2]
11-02 16:13:02.305 D/UsbAlsaManager( 1378): Adding ALSA device AlsaDevice: [card: 0, device: 3, type: 1]
11-02 16:13:02.305 D/UsbAlsaManager( 1378): Adding ALSA device AlsaDevice: [card: 0, device: 2, type: 2]
11-02 16:13:02.305 D/UsbAlsaManager( 1378): Adding ALSA device AlsaDevice: [card: 0, device: 2, type: 1]
11-02 16:13:02.305 D/UsbAlsaManager( 1378): Adding ALSA device AlsaDevice: [card: 0, device: 1, type: 2]
11-02 16:13:02.305 D/UsbAlsaManager( 1378): Adding ALSA device AlsaDevice: [card: 0, device: 1, type: 1]
11-02 16:13:02.306 D/UsbAlsaManager( 1378): Adding ALSA device AlsaDevice: [card: 0, device: 0, type: 2]
11-02 16:13:02.306 D/UsbAlsaManager( 1378): Adding ALSA device AlsaDevice: [card: 0, device: 0, type: 1]
11-02 16:13:02.308 V/vold    (  459): Waiting for FUSE to spin up...
11-02 16:13:02.309 D/VoldConnector( 1378): RCV <- {651 emulated 1}
11-02 16:13:02.311 D/VoldConnector( 1378): RCV <- {656 emulated /data/media}
11-02 16:13:02.313 D/VoldConnector( 1378): RCV <- {655 emulated /storage/emulated}
11-02 16:13:02.317 I/SystemServer( 1378): WebViewFactory preparation
11-02 16:13:02.319 I/AudioFlinger(  573): systemReady
11-02 16:13:02.323 W/sdcard  ( 1553): Device explicitly enabled sdcardfs
11-02 16:13:02.324 E/sdcard  ( 1553): failed to mount sdcardfs filesystem: Invalid argument
11-02 16:13:02.324 E/sdcard  ( 1553): failed to fuse_setup
11-02 16:13:02.329 E/WifiHW  (  586): Failed to open wlan fw path param (No such file or directory)
11-02 16:13:02.329 E/SoftapController(  586): Softap fwReload failed
11-02 16:13:02.330 D/WebViewFactory( 1378): Setting new address space to 219250000
11-02 16:13:02.332 E/WifiStateMachine( 1378): Failed to reload STA firmware java.lang.IllegalStateException: command '4 softap fwreload wlan0 STA' failed with '400 4 SoftAP command has failed'
11-02 16:13:02.359 V/vold    (  459): Waiting for FUSE to spin up...
11-02 16:13:02.369 I/Zygote  ( 1378): Process: zygote socket opened, supported ABIS: armeabi-v7a,armeabi
11-02 16:13:02.372 I/art     (  572): Starting a blocking GC Background
11-02 16:13:02.378 E/WVMExtractor( 1378): Failed to open libwvm.so: dlopen failed: library "libwvm.so" not found
11-02 16:13:02.386 W/System  ( 1538): ClassLoader referenced unknown path: /system/priv-app/SystemUI/lib/arm64
11-02 16:13:02.405 I/MediaPlayerService(  585): MediaPlayerService::getOMX
11-02 16:13:02.410 V/vold    (  459): Waiting for FUSE to spin up...
11-02 16:13:02.416 E/OMXMaster(  585): A component of name 'OMX.qcom.file.muxer' already exists, ignoring this one.
11-02 16:13:02.435 E/OMXMaster(  580): A component of name 'OMX.qcom.file.muxer' already exists, ignoring this one.
11-02 16:13:02.458 W/ActivityManager( 1378): Slow operation: 102ms so far, now at startProcess: returned from zygote!
11-02 16:13:02.459 W/ActivityManager( 1378): Slow operation: 102ms so far, now at startProcess: done updating battery stats
11-02 16:13:02.459 W/ActivityManager( 1378): Slow operation: 102ms so far, now at startProcess: building log message
11-02 16:13:02.459 I/ActivityManager( 1378): Start proc 1562:WebViewLoader-armeabi-v7a/1037 [android.webkit.WebViewFactory$RelroFileCreator] for 
11-02 16:13:02.460 W/ActivityManager( 1378): Slow operation: 103ms so far, now at startProcess: starting to update pids map
11-02 16:13:02.460 W/ActivityManager( 1378): Slow operation: 103ms so far, now at startProcess: done updating pids map
11-02 16:13:02.460 W/ActivityManager( 1378): Slow operation: 104ms so far, now at startProcess: done starting proc!
11-02 16:13:02.460 V/vold    (  459): Waiting for FUSE to spin up...
11-02 16:13:02.470 V/WebViewFactory( 1562): RelroFileCreator (64bit = false),  32-bit lib: /system/app/webview/webview.apk!/lib/armeabi-v7a/libwebviewchromium.so, 64-bit lib: /system/app/webview/webview.apk!/lib/arm64-v8a/libwebviewchromium.so
11-02 16:13:02.472 I/ActivityManager( 1378): Start proc 1576:WebViewLoader-arm64-v8a/1037 [android.webkit.WebViewFactory$RelroFileCreator] for 
11-02 16:13:02.480 D/NetworkManagement( 1378): enabling bandwidth control
11-02 16:13:02.482 V/WebViewFactory( 1576): RelroFileCreator (64bit = true),  32-bit lib: /system/app/webview/webview.apk!/lib/armeabi-v7a/libwebviewchromium.so, 64-bit lib: /system/app/webview/webview.apk!/lib/arm64-v8a/libwebviewchromium.so
11-02 16:13:02.499 I/OMXClient(  585): MuxOMX ctor
11-02 16:13:02.510 I/MediaPlayerService(  585): MediaPlayerService::getOMX
11-02 16:13:02.510 I/OMXClient(  585): MuxOMX ctor
11-02 16:13:02.510 V/vold    (  459): Waiting for FUSE to spin up...
11-02 16:13:02.511 I/OMXMaster(  580): makeComponentInstance(OMX.google.mp3.decoder) in mediacodec process
11-02 16:13:02.524 I/MediaPlayerService(  585): MediaPlayerService::getOMX
11-02 16:13:02.525 I/OMXClient(  585): MuxOMX ctor
11-02 16:13:02.525 I/OMXMaster(  580): makeComponentInstance(OMX.google.amrnb.decoder) in mediacodec process
11-02 16:13:02.540 I/MediaPlayerService(  585): MediaPlayerService::getOMX
11-02 16:13:02.541 I/OMXClient(  585): MuxOMX ctor
11-02 16:13:02.541 I/OMXMaster(  580): makeComponentInstance(OMX.google.amrwb.decoder) in mediacodec process
11-02 16:13:02.545 I/MediaPlayerService(  585): MediaPlayerService::getOMX
11-02 16:13:02.545 I/OMXClient(  585): MuxOMX ctor
11-02 16:13:02.546 I/OMXMaster(  580): makeComponentInstance(OMX.google.aac.decoder) in mediacodec process
11-02 16:13:02.560 V/vold    (  459): Waiting for FUSE to spin up...
11-02 16:13:02.564 I/MediaPlayerService(  585): MediaPlayerService::getOMX
11-02 16:13:02.564 I/OMXClient(  585): MuxOMX ctor
11-02 16:13:02.565 I/OMXMaster(  580): makeComponentInstance(OMX.google.g711.alaw.decoder) in mediacodec process
11-02 16:13:02.571 I/MediaPlayerService(  585): MediaPlayerService::getOMX
11-02 16:13:02.571 I/OMXClient(  585): MuxOMX ctor
11-02 16:13:02.571 I/OMXMaster(  580): makeComponentInstance(OMX.google.g711.mlaw.decoder) in mediacodec process
11-02 16:13:02.574 I/MediaPlayerService(  585): MediaPlayerService::getOMX
11-02 16:13:02.574 I/OMXClient(  585): MuxOMX ctor
11-02 16:13:02.574 I/OMXMaster(  580): makeComponentInstance(OMX.google.vorbis.decoder) in mediacodec process
11-02 16:13:02.578 V/SystemUIService( 1538): Starting SystemUI services for user 0.
11-02 16:13:02.585 I/MediaPlayerService(  585): MediaPlayerService::getOMX
11-02 16:13:02.586 I/OMXClient(  585): MuxOMX ctor
11-02 16:13:02.586 I/OMXMaster(  580): makeComponentInstance(OMX.google.opus.decoder) in mediacodec process
11-02 16:13:02.599 I/MediaPlayerService(  585): MediaPlayerService::getOMX
11-02 16:13:02.600 I/OMXClient(  585): MuxOMX ctor
11-02 16:13:02.600 I/OMXMaster(  580): makeComponentInstance(OMX.google.raw.decoder) in mediacodec process
11-02 16:13:02.606 W/NetworkManagement( 1378): setDataSaverMode(): already false
11-02 16:13:02.611 V/vold    (  459): Waiting for FUSE to spin up...
11-02 16:13:02.613 I/MediaPlayerService(  585): MediaPlayerService::getOMX
11-02 16:13:02.613 I/OMXClient(  585): MuxOMX ctor
11-02 16:13:02.613 I/OMXMaster(  580): makeComponentInstance(OMX.google.aac.encoder) in mediacodec process
11-02 16:13:02.618 I/art     ( 1562): System.exit called, status: 0
11-02 16:13:02.618 I/AndroidRuntime( 1562): VM exiting with result code 0, cleanup skipped.
11-02 16:13:02.629 I/MediaPlayerService(  585): MediaPlayerService::getOMX
11-02 16:13:02.629 I/OMXClient(  585): MuxOMX ctor
11-02 16:13:02.629 I/OMXMaster(  580): makeComponentInstance(OMX.google.amrnb.encoder) in mediacodec process
11-02 16:13:02.633 I/art     ( 1576): System.exit called, status: 0
11-02 16:13:02.633 I/AndroidRuntime( 1576): VM exiting with result code 0, cleanup skipped.
11-02 16:13:02.634 I/MediaPlayerService(  585): MediaPlayerService::getOMX
11-02 16:13:02.634 I/OMXClient(  585): MuxOMX ctor
11-02 16:13:02.634 I/OMXMaster(  580): makeComponentInstance(OMX.google.amrwb.encoder) in mediacodec process
11-02 16:13:02.636 I/TetherStatsReporting( 1378): binding to service
11-02 16:13:02.637 I/TetherStatsReporting( 1378): getTetherStats() called NetworkStats: elapsedRealtime=30184
11-02 16:13:02.637 I/TetherStatsReporting( 1378):   [0] iface=dummy0 uid=0 set=DEFAULT tag=0x0 roaming=NO rxBytes=0 rxPackets=0 txBytes=168 txPackets=3 operations=0
11-02 16:13:02.637 I/TetherStatsReporting( 1378):   [1] iface=dummy0 uid=0 set=FOREGROUND tag=0x0 roaming=NO rxBytes=0 rxPackets=0 txBytes=0 txPackets=0 operations=0
11-02 16:13:02.637 I/TetherStatsReporting( 1378): binding to service
11-02 16:13:02.641 I/MediaPlayerService(  585): MediaPlayerService::getOMX
11-02 16:13:02.642 I/OMXClient(  585): MuxOMX ctor
11-02 16:13:02.643 I/OMXMaster(  580): makeComponentInstance(OMX.google.flac.encoder) in mediacodec process
11-02 16:13:02.645 V/MediaRouter( 1538): Adding route: RouteInfo{ name=, description=null, status=null, category=RouteCategory{ name=null types=ROUTE_TYPE_LIVE_AUDIO ROUTE_TYPE_LIVE_VIDEO  groupable=false }, supportedTypes=ROUTE_TYPE_LIVE_AUDIO ROUTE_TYPE_LIVE_VIDEO , presentationDisplay=null }
11-02 16:13:02.650 I/LatinIME( 1524): Hardware accelerated drawing: true
11-02 16:13:02.651 I/MediaPlayerService(  585): MediaPlayerService::getOMX
11-02 16:13:02.651 I/OMXClient(  585): MuxOMX ctor
11-02 16:13:02.651 I/OMXMaster(  580): makeComponentInstance(OMX.google.gsm.decoder) in mediacodec process
11-02 16:13:02.652 V/MediaRouter( 1538): Updating audio routes: AudioRoutesInfo{ type=SPEAKER }
11-02 16:13:02.655 V/MediaRouter( 1538): Selecting route: RouteInfo{ name=, description=null, status=null, category=RouteCategory{ name=null types=ROUTE_TYPE_LIVE_AUDIO ROUTE_TYPE_LIVE_VIDEO  groupable=false }, supportedTypes=ROUTE_TYPE_LIVE_AUDIO ROUTE_TYPE_LIVE_VIDEO , presentationDisplay=null }
11-02 16:13:02.658 I/MediaPlayerService(  585): MediaPlayerService::getOMX
11-02 16:13:02.659 I/OMXClient(  585): MuxOMX ctor
11-02 16:13:02.659 I/OMXMaster(  580): makeComponentInstance(OMX.qcom.video.encoder.hevc) in mediacodec process
11-02 16:13:02.661 V/vold    (  459): Waiting for FUSE to spin up...
11-02 16:13:02.673 I/OMX-VENC(  580): Video encode perflock acquired,handle=-1
11-02 16:13:02.673 E/OMX-VENC(  580): ERROR: Omx_venc::Comp Init Returning failure
11-02 16:13:02.673 E/OMX-VENC(  580): ERROR: venc_open failed
11-02 16:13:02.673 I/OMX-VENC(  580): Video encode perflock released
11-02 16:13:02.673 E/OMX     (  580): FAILED to allocate omx component 'OMX.qcom.video.encoder.hevc' err=InsufficientResources(0x80001000)
11-02 16:13:02.674 I/MediaPlayerService(  585): MediaPlayerService::getOMX
11-02 16:13:02.675 I/OMXClient(  585): MuxOMX ctor
11-02 16:13:02.677 I/OMXMaster(  580): makeComponentInstance(OMX.qcom.video.encoder.avc) in mediacodec process
11-02 16:13:02.678 I/OMX-VENC(  580): Video encode perflock acquired,handle=-1
11-02 16:13:02.678 E/OMX-VENC(  580): ERROR: Omx_venc::Comp Init Returning failure
11-02 16:13:02.678 E/OMX-VENC(  580): ERROR: venc_open failed
11-02 16:13:02.679 I/OMX-VENC(  580): Video encode perflock released
11-02 16:13:02.679 E/OMX     (  580): FAILED to allocate omx component 'OMX.qcom.video.encoder.avc' err=InsufficientResources(0x80001000)
11-02 16:13:02.680 I/MediaPlayerService(  585): MediaPlayerService::getOMX
11-02 16:13:02.680 I/OMXClient(  585): MuxOMX ctor
11-02 16:13:02.680 I/OMXMaster(  580): makeComponentInstance(OMX.qcom.video.encoder.mpeg4) in mediacodec process
11-02 16:13:02.681 I/OMX-VENC(  580): Video encode perflock acquired,handle=-1
11-02 16:13:02.682 E/OMX-VENC(  580): ERROR: Omx_venc::Comp Init Returning failure
11-02 16:13:02.682 E/OMX-VENC(  580): ERROR: venc_open failed
11-02 16:13:02.682 I/OMX-VENC(  580): Video encode perflock released
11-02 16:13:02.682 E/OMX     (  580): FAILED to allocate omx component 'OMX.qcom.video.encoder.mpeg4' err=InsufficientResources(0x80001000)
11-02 16:13:02.683 I/MediaPlayerService(  585): MediaPlayerService::getOMX
11-02 16:13:02.683 I/OMXClient(  585): MuxOMX ctor
11-02 16:13:02.684 I/OMXMaster(  580): makeComponentInstance(OMX.qcom.video.encoder.h263) in mediacodec process
11-02 16:13:02.684 I/OMX-VENC(  580): Video encode perflock acquired,handle=-1
11-02 16:13:02.685 E/OMX-VENC(  580): ERROR: Omx_venc::Comp Init Returning failure
11-02 16:13:02.685 E/OMX-VENC(  580): ERROR: venc_open failed
11-02 16:13:02.685 I/OMX-VENC(  580): Video encode perflock released
11-02 16:13:02.685 E/OMX     (  580): FAILED to allocate omx component 'OMX.qcom.video.encoder.h263' err=InsufficientResources(0x80001000)
11-02 16:13:02.686 I/MediaPlayerService(  585): MediaPlayerService::getOMX
11-02 16:13:02.686 I/OMXClient(  585): MuxOMX ctor
11-02 16:13:02.686 I/OMXMaster(  580): makeComponentInstance(OMX.qcom.video.encoder.vp8) in mediacodec process
11-02 16:13:02.687 I/OMX-VENC(  580): Video encode perflock acquired,handle=-1
11-02 16:13:02.688 E/OMX-VENC(  580): ERROR: Omx_venc::Comp Init Returning failure
11-02 16:13:02.688 E/OMX-VENC(  580): ERROR: venc_open failed
11-02 16:13:02.688 I/OMX-VENC(  580): Video encode perflock released
11-02 16:13:02.688 E/OMX     (  580): FAILED to allocate omx component 'OMX.qcom.video.encoder.vp8' err=InsufficientResources(0x80001000)
11-02 16:13:02.689 I/MediaPlayerService(  585): MediaPlayerService::getOMX
11-02 16:13:02.689 I/OMXClient(  585): MuxOMX ctor
11-02 16:13:02.689 I/OMXMaster(  580): makeComponentInstance(OMX.qti.audio.decoder.flac) in mediacodec process
11-02 16:13:02.698 I/MediaPlayerService(  585): MediaPlayerService::getOMX
11-02 16:13:02.698 I/OMXClient(  585): MuxOMX ctor
11-02 16:13:02.699 I/OMXMaster(  580): makeComponentInstance(OMX.qcom.video.decoder.avc) in mediacodec process
11-02 16:13:02.704 I/OMX-VDEC-1080P(  580): Video slvp perflock acquired
11-02 16:13:02.711 V/vold    (  459): Waiting for FUSE to spin up...
11-02 16:13:02.726 D/NetworkPolicy( 1378): setRestrictBackgroundUL(): false
11-02 16:13:02.733 W/NetworkManagement( 1378): setDataSaverMode(): already false
11-02 16:13:02.761 V/vold    (  459): Waiting for FUSE to spin up...
11-02 16:13:02.771 E/WVMExtractor( 1538): Failed to open libwvm.so: dlopen failed: library "libwvm.so" not found
11-02 16:13:02.802 I/OMX-VDEC-1080P(  580): component_init: OMX.qcom.video.decoder.avc : fd=5
11-02 16:13:02.808 I/OMX-VDEC-1080P(  580): omx_vdec::component_init() success : fd=5
11-02 16:13:02.810 E/OMX-VDEC-1080P(  580): Extension: OMX.google.android.index.storeANWBufferInMetadata not implemented
11-02 16:13:02.810 E/OMX-VDEC-1080P(  580): Extension: OMX.google.android.index.configureVideoTunnelMode not implemented
11-02 16:13:02.810 E/OMX-VDEC-1080P(  580): Extension: OMX.google.android.index.useAndroidNativeBuffer is supported
11-02 16:13:02.810 E/OMXNodeInstance(  580): getParameter(2440010:qcom.decoder.avc, ??(0x7f000044)) ERROR: UnsupportedSetting(0x80001019)
11-02 16:13:02.811 E/OMXNodeInstance(  580): getParameter(2440010:qcom.decoder.avc, ??(0x7f000044)) ERROR: UnsupportedSetting(0x80001019)
11-02 16:13:02.811 E/OMX-VDEC-1080P(  580): Extension: OMX.google.android.index.configureVideoTunnelMode not implemented
11-02 16:13:02.811 E/OMXNodeInstance(  580): getExtensionIndex(2440010:qcom.decoder.avc, OMX.google.android.index.configureVideoTunnelMode) ERROR: NotImplemented(0x80001006)
11-02 16:13:02.811 E/OMX-VDEC-1080P(  580): Extension: OMX.google.android.index.storeANWBufferInMetadata not implemented
11-02 16:13:02.811 V/vold    (  459): Waiting for FUSE to spin up...
11-02 16:13:02.812 I/OMX-VDEC-1080P(  580): omx_vdec::component_deinit() complete
11-02 16:13:02.814 I/OMX-VDEC-1080P(  580): Exit OMX vdec Destructor: fd=5
11-02 16:13:02.814 I/OMX-VDEC-1080P(  580): Video slvp perflock released
11-02 16:13:02.816 I/MediaPlayerService(  585): MediaPlayerService::getOMX
11-02 16:13:02.816 I/OMXClient(  585): MuxOMX ctor
11-02 16:13:02.816 I/OMXMaster(  580): makeComponentInstance(OMX.qcom.video.decoder.avc.secure) in mediacodec process
11-02 16:13:02.819 I/OMX-VDEC-1080P(  580): Video slvp perflock acquired
11-02 16:13:02.819 I/OMX-VDEC-1080P(  580): component_init: OMX.qcom.video.decoder.avc : fd=5
11-02 16:13:02.835 I/OMX-VDEC-1080P(  580): omx_vdec::component_init() success : fd=5
11-02 16:13:02.836 E/OMX-VDEC-1080P(  580): Extension: OMX.google.android.index.storeANWBufferInMetadata not implemented
11-02 16:13:02.836 E/OMX-VDEC-1080P(  580): Extension: OMX.google.android.index.configureVideoTunnelMode not implemented
11-02 16:13:02.836 E/OMX-VDEC-1080P(  580): Extension: OMX.google.android.index.useAndroidNativeBuffer is supported
11-02 16:13:02.837 E/OMXNodeInstance(  580): getParameter(2440011:qcom.decoder.avc.secure, ??(0x7f000044)) ERROR: UnsupportedSetting(0x80001019)
11-02 16:13:02.837 E/OMXNodeInstance(  580): getParameter(2440011:qcom.decoder.avc.secure, ??(0x7f000044)) ERROR: UnsupportedSetting(0x80001019)
11-02 16:13:02.839 E/OMX-VDEC-1080P(  580): Extension: OMX.google.android.index.configureVideoTunnelMode not implemented
