--------- beginning of main
10-11 15:38:53.531 W/auditd  (  437): type=2000 audit(0.0:1): initialized
10-11 15:38:56.589 I/auditd  (  437): type=1403 audit(0.0:2): policy loaded auid=4294967295 ses=4294967295
10-11 15:39:01.000 D/QC-time-services(  567): Daemon: Time-services: All initializations done
10-11 15:39:01.000 E/QC-time-services(  567): Daemon: Time-services: Waiting to acceptconnection
10-11 15:39:01.000 D/QC-time-services(  567): Daemon:genoff_modem_qmi_service_request: Initiallizing QMI 
10-11 15:39:01.003 E/QMI_FW  (  567): QMUXD: WARNING qmi_qmux_if_pwr_up_init failed! rc=-6
10-11 15:39:01.003 E/QC-time-services(  567): Daemon:genoff_modem_qmi_service_request: qmi_client_get_service_list returned -2num_services 0
10-11 15:39:01.018 I/        (  589): installd firing up
10-11 15:39:01.021 D/QSEECOMAPI(  551): QSEECom_get_handle sb_length = 0x400
10-11 15:39:01.021 D/QSEECOMAPI(  551): App is not loaded in QSEE
10-11 15:39:01.022 E/QSEECOMAPI(  551): Error::Cannot open the file /firmware/image/keymaste.mdt errno = 2
10-11 15:39:01.022 E/QSEECOMAPI(  551): Error::Loading image failed with ret = -1
10-11 15:39:01.022 D/QSEECOMAPI(  551): QSEECom_get_handle sb_length = 0x400
10-11 15:39:01.022 D/QSEECOMAPI(  551): App is already loaded QSEE and app id = 65537
10-11 15:39:01.026 E/ThermalEngine(  568): Unable to open /sys/devices/soc.0/
10-11 15:39:01.026 E/ThermalEngine(  568): bcl_setup: Unexpected node error
10-11 15:39:01.026 E/ThermalEngine(  568): add_tgt_sensors_set: Error adding bcl
10-11 15:39:01.027 E/ThermalEngine(  568): sensors_init: Error adding BCL TS
10-11 15:39:01.031 I/AlipayDaemon(  619): BpServiceManager->addService
10-11 15:39:01.034 I/AlipayDaemon(  619): ServiceManager:0x7f9ac3d0c0
10-11 15:39:01.038 E/SELinux (  539): avc:  denied  { add } for service=oppo.com.alipayService pid=619 uid=1000 scontext=u:r:init:s0 tcontext=u:object_r:default_android_service:s0 tclass=service_manager permissive=1
10-11 15:39:01.039 D/AlipayDaemon(  619): nR = 0
10-11 15:39:01.055 I/ThermalEngine(  568): Loading config file for virtual sensor
10-11 15:39:01.055 I/ThermalEngine(  568): Loading configuration file /system/etc/thermal-engine.conf
10-11 15:39:01.055 E/ThermalEngine(  568): Unable to open config file '/system/etc/thermal-engine.conf'
10-11 15:39:01.056 I/ThermalEngine(  568): [VIRTUAL-CPUS]
10-11 15:39:01.056 I/ThermalEngine(  568): #algo_type virtual
10-11 15:39:01.056 I/ThermalEngine(  568): trip_sensor tsens_tz_sensor9
10-11 15:39:01.056 I/ThermalEngine(  568): set_point 75000
10-11 15:39:01.056 I/ThermalEngine(  568): set_point_clr 65000
10-11 15:39:01.056 I/ThermalEngine(  568): sensors tsens_tz_sensor9 tsens_tz_sensor10 tsens_tz_sensor11 tsens_tz_sensor12 tsens_tz_sensor13 tsens_tz_sensor4 tsens_tz_sensor5 tsens_tz_sensor6 tsens_tz_sensor7 tsens_tz_sensor8
10-11 15:39:01.056 I/ThermalEngine(  568): weights
10-11 15:39:01.056 I/ThermalEngine(  568): sampling 50
10-11 15:39:01.056 I/ThermalEngine(  568): math 2
10-11 15:39:01.056 I/ThermalEngine(  568): Loading configuration file /system/etc/thermal-engine.conf
10-11 15:39:01.056 E/ThermalEngine(  568): Unable to open config file '/system/etc/thermal-engine.conf'
10-11 15:39:01.056 I/ThermalEngine(  568): [VDD_RSTR_MONITOR-TSENS15]
10-11 15:39:01.056 I/ThermalEngine(  568): #algo_type monitor
10-11 15:39:01.056 I/ThermalEngine(  568): sampling 1000
10-11 15:39:01.056 I/ThermalEngine(  568): sensor tsens_tz_sensor15
10-11 15:39:01.056 I/ThermalEngine(  568): thresholds 5000
10-11 15:39:01.056 I/ThermalEngine(  568): thresholds_clr 10000
10-11 15:39:01.056 I/ThermalEngine(  568): actions vdd_restriction
10-11 15:39:01.056 I/ThermalEngine(  568): action_info 1
10-11 15:39:01.056 I/ThermalEngine(  568): descending
10-11 15:39:01.056 I/ThermalEngine(  568): [VDD_RSTR_MONITOR-TSENS14]
10-11 15:39:01.056 I/ThermalEngine(  568): #algo_type monitor
10-11 15:39:01.056 I/ThermalEngine(  568): sampling 1000
10-11 15:39:01.056 I/ThermalEngine(  568): sensor tsens_tz_sensor14
10-11 15:39:01.056 I/ThermalEngine(  568): thresholds 5000
10-11 15:39:01.057 I/ThermalEngine(  568): thresholds_clr 10000
10-11 15:39:01.057 I/ThermalEngine(  568): actions vdd_restriction
10-11 15:39:01.057 I/ThermalEngine(  568): action_info 1
10-11 15:39:01.057 I/ThermalEngine(  568): descending
10-11 15:39:01.057 I/ThermalEngine(  568): [VDD_RSTR_MONITOR-TSENS13]
10-11 15:39:01.057 I/ThermalEngine(  568): #algo_type monitor
10-11 15:39:01.057 I/ThermalEngine(  568): sampling 1000
10-11 15:39:01.057 I/ThermalEngine(  568): sensor tsens_tz_sensor13
10-11 15:39:01.057 I/ThermalEngine(  568): thresholds 5000
10-11 15:39:01.057 I/ThermalEngine(  568): thresholds_clr 10000
10-11 15:39:01.057 I/ThermalEngine(  568): actions vdd_restriction
10-11 15:39:01.057 I/ThermalEngine(  568): action_info 1
10-11 15:39:01.057 I/ThermalEngine(  568): descending
10-11 15:39:01.057 I/ThermalEngine(  568): [VDD_RSTR_MONITOR-TSENS12]
10-11 15:39:01.057 I/ThermalEngine(  568): #algo_type monitor
10-11 15:39:01.057 I/ThermalEngine(  568): sampling 1000
10-11 15:39:01.057 I/ThermalEngine(  568): sensor tsens_tz_sensor12
10-11 15:39:01.057 I/ThermalEngine(  568): thresholds 5000
10-11 15:39:01.057 I/ThermalEngine(  568): thresholds_clr 10000
10-11 15:39:01.057 I/ThermalEngine(  568): actions vdd_restriction
10-11 15:39:01.057 I/ThermalEngine(  568): action_info 1
10-11 15:39:01.057 I/ThermalEngine(  568): descending
10-11 15:39:01.057 I/ThermalEngine(  568): [VDD_RSTR_MONITOR-TSENS11]
10-11 15:39:01.057 I/ThermalEngine(  568): #algo_type monitor
10-11 15:39:01.057 I/ThermalEngine(  568): sampling 1000
10-11 15:39:01.057 I/ThermalEngine(  568): sensor tsens_tz_sensor11
10-11 15:39:01.057 I/ThermalEngine(  568): thresholds 5000
10-11 15:39:01.057 I/ThermalEngine(  568): thresholds_clr 10000
10-11 15:39:01.057 I/ThermalEngine(  568): actions vdd_restriction
10-11 15:39:01.057 I/ThermalEngine(  568): action_info 1
10-11 15:39:01.057 I/ThermalEngine(  568): descending
10-11 15:39:01.057 I/ThermalEngine(  568): [VDD_RSTR_MONITOR-TSENS10]
10-11 15:39:01.057 I/ThermalEngine(  568): #algo_type monitor
10-11 15:39:01.057 I/ThermalEngine(  568): sampling 1000
10-11 15:39:01.057 I/ThermalEngine(  568): sensor tsens_tz_sensor10
10-11 15:39:01.057 E/wcnss_service(  570): Serial Number is  d62bc64c
10-11 15:39:01.057 I/ThermalEngine(  568): thresholds 5000
10-11 15:39:01.057 I/ThermalEngine(  568): thresholds_clr 10000
10-11 15:39:01.057 I/ThermalEngine(  568): actions vdd_restriction
10-11 15:39:01.057 I/ThermalEngine(  568): action_info 1
10-11 15:39:01.057 I/ThermalEngine(  568): descending
10-11 15:39:01.057 I/ThermalEngine(  568): [VDD_RSTR_MONITOR-TSENS9]
10-11 15:39:01.057 I/ThermalEngine(  568): #algo_type monitor
10-11 15:39:01.057 I/ThermalEngine(  568): sampling 1000
10-11 15:39:01.057 I/ThermalEngine(  568): sensor tsens_tz_sensor9
10-11 15:39:01.057 I/ThermalEngine(  568): thresholds 5000
10-11 15:39:01.057 E/wcnss_service(  570): CAL file not found
10-11 15:39:01.057 I/ThermalEngine(  568): thresholds_clr 10000
10-11 15:39:01.057 I/ThermalEngine(  568): actions vdd_restriction
10-11 15:39:01.057 I/ThermalEngine(  568): action_info 1
10-11 15:39:01.057 I/ThermalEngine(  568): descending
10-11 15:39:01.057 I/ThermalEngine(  568): [VDD_RSTR_MONITOR-TSENS8]
10-11 15:39:01.057 I/ThermalEngine(  568): #algo_type monitor
10-11 15:39:01.057 I/ThermalEngine(  568): sampling 1000
10-11 15:39:01.057 I/ThermalEngine(  568): sensor tsens_tz_sensor8
10-11 15:39:01.057 I/ThermalEngine(  568): thresholds 5000
10-11 15:39:01.057 I/ThermalEngine(  568): thresholds_clr 10000
10-11 15:39:01.057 I/ThermalEngine(  568): actions vdd_restriction
10-11 15:39:01.057 I/ThermalEngine(  568): action_info 1
10-11 15:39:01.057 I/ThermalEngine(  568): descending
10-11 15:39:01.057 I/ThermalEngine(  568): [VDD_RSTR_MONITOR-TSENS7]
10-11 15:39:01.057 I/ThermalEngine(  568): #algo_type monitor
10-11 15:39:01.057 I/ThermalEngine(  568): sampling 1000
10-11 15:39:01.057 I/ThermalEngine(  568): sensor tsens_tz_sensor7
10-11 15:39:01.057 I/ThermalEngine(  568): thresholds 5000
10-11 15:39:01.057 I/ThermalEngine(  568): thresholds_clr 10000
10-11 15:39:01.057 I/ThermalEngine(  568): actions vdd_restriction
10-11 15:39:01.057 I/ThermalEngine(  568): action_info 1
10-11 15:39:01.057 I/ThermalEngine(  568): descending
10-11 15:39:01.057 I/ThermalEngine(  568): [VDD_RSTR_MONITOR-TSENS6]
10-11 15:39:01.057 I/ThermalEngine(  568): #algo_type monitor
10-11 15:39:01.057 I/ThermalEngine(  568): sampling 1000
10-11 15:39:01.057 I/ThermalEngine(  568): sensor tsens_tz_sensor6
10-11 15:39:01.057 I/ThermalEngine(  568): thresholds 5000
10-11 15:39:01.057 D/QSEECOMD: (  551): QSEECOM DAEMON RUNNING 
10-11 15:39:01.057 I/ThermalEngine(  568): thresholds_clr 10000
10-11 15:39:01.057 I/ThermalEngine(  568): actions vdd_restriction
10-11 15:39:01.057 I/ThermalEngine(  568): action_info 1
10-11 15:39:01.057 I/ThermalEngine(  568): descending
10-11 15:39:01.057 I/ThermalEngine(  568): [VDD_RSTR_MONITOR-TSENS5]
10-11 15:39:01.057 I/ThermalEngine(  568): #algo_type monitor
10-11 15:39:01.057 I/ThermalEngine(  568): sampling 1000
10-11 15:39:01.057 I/ThermalEngine(  568): sensor tsens_tz_sensor5
10-11 15:39:01.057 I/ThermalEngine(  568): thresholds 5000
10-11 15:39:01.057 I/ThermalEngine(  568): thresholds_clr 10000
10-11 15:39:01.057 I/ThermalEngine(  568): actions vdd_restriction
10-11 15:39:01.057 I/ThermalEngine(  568): action_info 1
10-11 15:39:01.057 I/ThermalEngine(  568): descending
10-11 15:39:01.057 I/ThermalEngine(  568): [VDD_RSTR_MONITOR-TSENS4]
10-11 15:39:01.057 I/ThermalEngine(  568): #algo_type monitor
10-11 15:39:01.057 I/ThermalEngine(  568): sampling 1000
10-11 15:39:01.057 I/ThermalEngine(  568): sensor tsens_tz_sensor4
10-11 15:39:01.057 I/ThermalEngine(  568): thresholds 5000
10-11 15:39:01.057 I/ThermalEngine(  568): thresholds_clr 10000
10-11 15:39:01.057 I/ThermalEngine(  568): actions vdd_restriction
10-11 15:39:01.057 I/ThermalEngine(  568): action_info 1
10-11 15:39:01.057 I/ThermalEngine(  568): descending
10-11 15:39:01.057 I/ThermalEngine(  568): [VDD_RSTR_MONITOR-TSENS3]
10-11 15:39:01.057 I/ThermalEngine(  568): #algo_type monitor
10-11 15:39:01.057 I/ThermalEngine(  568): sampling 1000
10-11 15:39:01.057 I/ThermalEngine(  568): sensor tsens_tz_sensor3
10-11 15:39:01.057 I/ThermalEngine(  568): thresholds 5000
10-11 15:39:01.057 I/ThermalEngine(  568): thresholds_clr 10000
10-11 15:39:01.057 I/ThermalEngine(  568): actions vdd_restriction
10-11 15:39:01.057 I/ThermalEngine(  568): action_info 1
10-11 15:39:01.057 I/ThermalEngine(  568): descending
10-11 15:39:01.057 I/ThermalEngine(  568): [VDD_RSTR_MONITOR-TSENS2]
10-11 15:39:01.057 I/ThermalEngine(  568): #algo_type monitor
10-11 15:39:01.057 I/ThermalEngine(  568): sampling 1000
10-11 15:39:01.057 I/ThermalEngine(  568): sensor tsens_tz_sensor2
10-11 15:39:01.057 I/ThermalEngine(  568): thresholds 5000
10-11 15:39:01.057 I/ThermalEngine(  568): thresholds_clr 10000
10-11 15:39:01.057 I/ThermalEngine(  568): actions vdd_restriction
10-11 15:39:01.057 I/ThermalEngine(  568): action_info 1
10-11 15:39:01.057 I/ThermalEngine(  568): descending
10-11 15:39:01.057 I/ThermalEngine(  568): [VDD_RSTR_MONITOR-TSENS1]
10-11 15:39:01.057 I/ThermalEngine(  568): #algo_type monitor
10-11 15:39:01.057 I/ThermalEngine(  568): sampling 1000
10-11 15:39:01.057 I/ThermalEngine(  568): sensor tsens_tz_sensor1
10-11 15:39:01.057 I/ThermalEngine(  568): thresholds 5000
10-11 15:39:01.057 I/ThermalEngine(  568): thresholds_clr 10000
10-11 15:39:01.057 I/ThermalEngine(  568): actions vdd_restriction
10-11 15:39:01.057 I/ThermalEngine(  568): action_info 1
10-11 15:39:01.057 I/ThermalEngine(  568): descending
10-11 15:39:01.058 I/ThermalEngine(  568): [VDD_RSTR_MONITOR-TSENS0]
10-11 15:39:01.058 I/ThermalEngine(  568): #algo_type monitor
10-11 15:39:01.058 I/ThermalEngine(  568): sampling 1000
10-11 15:39:01.058 I/ThermalEngine(  568): sensor tsens_tz_sensor0
10-11 15:39:01.058 I/ThermalEngine(  568): thresholds 5000
10-11 15:39:01.058 I/ThermalEngine(  568): thresholds_clr 10000
10-11 15:39:01.058 I/ThermalEngine(  568): actions vdd_restriction
10-11 15:39:01.058 I/ThermalEngine(  568): action_info 1
10-11 15:39:01.058 I/ThermalEngine(  568): descending
10-11 15:39:01.058 I/ThermalEngine(  568): [SS-GPU]
10-11 15:39:01.058 I/ThermalEngine(  568): #algo_type ss
10-11 15:39:01.058 I/ThermalEngine(  568): sampling 250
10-11 15:39:01.058 I/ThermalEngine(  568): sensor gpu
10-11 15:39:01.058 I/ThermalEngine(  568): device gpu
10-11 15:39:01.058 I/ThermalEngine(  568): set_point 95000
10-11 15:39:01.058 I/ThermalEngine(  568): set_point_clr 65000
10-11 15:39:01.058 I/ThermalEngine(  568): time_constant 0
10-11 15:39:01.058 I/ThermalEngine(  568): [SS-POPMEM]
10-11 15:39:01.058 I/ThermalEngine(  568): #algo_type ss
10-11 15:39:01.058 I/ThermalEngine(  568): sampling 250
10-11 15:39:01.058 I/ThermalEngine(  568): sensor pop_mem
10-11 15:39:01.058 I/ThermalEngine(  568): device cluster0
10-11 15:39:01.058 I/ThermalEngine(  568): set_point 70000
10-11 15:39:01.058 I/ThermalEngine(  568): set_point_clr 55000
10-11 15:39:01.058 I/ThermalEngine(  568): time_constant 2
10-11 15:39:01.058 I/ThermalEngine(  568): [SS-CPUS-ALL]
10-11 15:39:01.058 I/ThermalEngine(  568): #algo_type ss
10-11 15:39:01.058 I/ThermalEngine(  568): sampling 50
10-11 15:39:01.058 I/ThermalEngine(  568): sensor VIRTUAL-CPUS
10-11 15:39:01.058 I/ThermalEngine(  568): device cluster0
10-11 15:39:01.058 I/ThermalEngine(  568): set_point 95000
10-11 15:39:01.058 I/ThermalEngine(  568): set_point_clr 55000
10-11 15:39:01.058 I/ThermalEngine(  568): time_constant 0
10-11 15:39:01.058 I/ThermalEngine(  568): [SPEAKER-CAL]
10-11 15:39:01.058 I/ThermalEngine(  568): sampling 30000 30000 10 1800000
10-11 15:39:01.058 I/ThermalEngine(  568): sensor pm8953_tz
10-11 15:39:01.058 I/ThermalEngine(  568): sensors tsens_tz_sensor1 tsens_tz_sensor2 tsens_tz_sensor3 tsens_tz_sensor14 tsens_tz_sensor15
10-11 15:39:01.058 I/ThermalEngine(  568): temp_range 6000 10000 2000
10-11 15:39:01.058 I/ThermalEngine(  568): max_temp 45000
10-11 15:39:01.058 I/ThermalEngine(  568): offset -4000
10-11 15:39:01.074 I/fingerprintd(  615): Starting fingerprintd
10-11 15:39:01.075 I/ThermalEngine(  568): vdd_restrict_qmi_request: MODEM req level(0) is recorded and waiting for completing QMI registration
10-11 15:39:01.075 I/ThermalEngine(  568): vdd_restrict_qmi_request: ADSP req level(0) is recorded and waiting for completing QMI registration
10-11 15:39:01.075 I/ThermalEngine(  568): hotplug_ktm_disable_cb: write out 0
10-11 15:39:01.090 I/MSM-irqbalance(  689): msm-irq_balance (1.3) initialized
10-11 15:39:01.090 I/MSM-irqbalance(  689): Configuration
10-11 15:39:01.090 I/MSM-irqbalance(  689): Rate: 0.2 Hz
10-11 15:39:01.090 I/MSM-irqbalance(  689): Decay Factor: 75.0
10-11 15:39:01.090 I/MSM-irqbalance(  689): Balancing Factor: 0.1
10-11 15:39:01.090 I/MSM-irqbalance(  689): Debug Log: OFF
10-11 15:39:01.090 I/MSM-irqbalance(  689): Cfg file: /system/vendor/etc/msm_irqbalance.conf
10-11 15:39:01.090 I/MSM-irqbalance(  689): CPU PRIO: CPU0: 0 CPU1: 0 CPU2: 0 CPU3: 0 CPU4: 1 CPU5: 1 CPU6: 1 CPU7: 1 
10-11 15:39:01.090 I/MSM-irqbalance(  689): Ignored IRQs: 20 39 
10-11 15:39:01.101 I/keystore(  590): Found keymaster1 module Keymaster QTI HAL, version 100
10-11 15:39:01.101 I/gatekeeperd(  620): Starting gatekeeperd...
10-11 15:39:01.101 I/SoftKeymaster(  590): system/keymaster/soft_keymaster_device.cpp, Line 131: Creating device
10-11 15:39:01.101 D/SoftKeymaster(  590): system/keymaster/soft_keymaster_device.cpp, Line 132: Device address: 0x7fad23e000
10-11 15:39:01.102 D/QSEECOMAPI(  590): QSEECom_get_handle sb_length = 0xa000
10-11 15:39:01.102 D/QSEECOMAPI(  590): App is already loaded QSEE and app id = 65537
10-11 15:39:01.102 I/Netd    (  600): Netd 1.0 starting
10-11 15:39:01.111 D/libEGL  (  540): loaded /vendor/lib64/egl/libEGL_adreno.so
10-11 15:39:01.115 D/TetherController(  600): Setting IP forward enable = 0
10-11 15:39:01.116 I/perfprofd(  669): starting Android Wide Profiling daemon
10-11 15:39:01.116 E/perfprofd(  669): unable to open configuration file /data/data/com.google.android.gms/files/perfprofd.conf
10-11 15:39:01.118 I/perfprofd(  669): random seed set to 1069430931
10-11 15:39:01.128 D/QtiConnectivityAdapter(  600): Successfully loaded libconnectivitycontroller
10-11 15:39:01.128 D/        (  600): initConnectivityController cons 
10-11 15:39:01.128 D/ConnectivityController(  600): QtiTetherCommand cons done
10-11 15:39:01.128 I/libconnctrl(  600): Creating a NetlinkRelay
10-11 15:39:01.128 I/libconnctrl(  600): NetlinkRelay constructor
10-11 15:39:01.128 E/        (  600): Failed to open libdatactrl, some features may not be present.
10-11 15:39:01.128 E/        (  600): Failed to open libcsm_data, some features may not be present.
10-11 15:39:01.163 E/QCNEA   (  565): Cne Version 4.9
10-11 15:39:01.165 E/Diag_Lib(  696): qpLogDiagInit <== result : 1
10-11 15:39:01.165 E/Diag_Lib(  696): DATAD : gIsQXDMDisabled 0, gIsADBDisabled 1, gIsDebugDisabled 0, gIsIMSLogsDisabled 0
10-11 15:39:01.165 E/Diag_Lib(  696): [IMS_DataD] imsdatad.c | 5236 | | 696 |DATAD#$$#0#DATAD STARTED
10-11 15:39:01.197 I/mediacodec(  591): @@@ mediacodecservice starting
10-11 15:39:01.200 W//system/bin/mediacodec(  591): libminijail: allowing syscall: clock_gettime
10-11 15:39:01.200 W//system/bin/mediacodec(  591): libminijail: allowing syscall: connect
10-11 15:39:01.200 W//system/bin/mediacodec(  591): libminijail: allowing syscall: fcntl64
10-11 15:39:01.200 W//system/bin/mediacodec(  591): libminijail: allowing syscall: socket
10-11 15:39:01.200 W//system/bin/mediacodec(  591): libminijail: allowing syscall: writev
10-11 15:39:01.202 W//system/bin/mediacodec(  591): libminijail: logging seccomp filter failures
10-11 15:39:01.230 V/AudioDaemonMain(  617): Audio daemon starting sequence..
10-11 15:39:01.245 V/MediaUtils(  598): physMem: 3748995072
10-11 15:39:01.245 V/MediaUtils(  598): requested limit: 749799000
10-11 15:39:01.245 V/MediaUtils(  598): actual limit: 749799000
10-11 15:39:01.245 V/MediaUtils(  598): original limits: 4294967295/4294967295
10-11 15:39:01.245 V/MediaUtils(  598): new limits: 749799000/4294967295
10-11 15:39:01.245 W//system/bin/mediaextractor(  598): libminijail: allowing syscall: clock_gettime
10-11 15:39:01.246 W//system/bin/mediaextractor(  598): libminijail: allowing syscall: connect
10-11 15:39:01.246 W//system/bin/mediaextractor(  598): libminijail: allowing syscall: fcntl64
10-11 15:39:01.246 W//system/bin/mediaextractor(  598): libminijail: allowing syscall: socket
10-11 15:39:01.246 W//system/bin/mediaextractor(  598): libminijail: allowing syscall: writev
10-11 15:39:01.248 W//system/bin/mediaextractor(  598): libminijail: logging seccomp filter failures
10-11 15:39:01.266 I/        (  446): debuggerd: starting
10-11 15:39:01.273 I/        (  445): debuggerd: starting
10-11 15:39:01.289 I/        (  585): sMaxFastTracks = 8
--------- beginning of system
10-11 15:39:01.300 I/vold    (  447): Vold 3.0 (the awakening) firing up
10-11 15:39:01.300 V/vold    (  447): Detected support for: exfat ext4 ntfs vfat
10-11 15:39:01.320 D/vold    (  447): e4crypt_init_user0
10-11 15:39:01.320 D/vold    (  447): e4crypt_prepare_user_storage for volume null, user 0, serial 0, flags 1
10-11 15:39:01.320 D/vold    (  447): Preparing: /data/system/users/0
10-11 15:39:01.321 D/vold    (  447): Preparing: /data/misc/profiles/cur/0
10-11 15:39:01.321 D/vold    (  447): Preparing: /data/misc/profiles/cur/0/foreign-dex
10-11 15:39:01.322 D/vold    (  447): Preparing: /data/system_de/0
10-11 15:39:01.322 D/vold    (  447): Preparing: /data/misc_de/0
10-11 15:39:01.322 D/vold    (  447): Preparing: /data/user_de/0
10-11 15:39:01.323 D/vold    (  447): e4crypt_unlock_user_key 0 serial=0 token_present=0
10-11 15:39:01.323 E/vold    (  447): Failed to chmod /data/system_ce/0: No such file or directory
10-11 15:39:01.323 E/vold    (  447): Failed to chmod /data/misc_ce/0: No such file or directory
10-11 15:39:01.324 I/vdc     (    1): 200 450 Command succeeded
10-11 15:39:01.340 I//system/bin/tzdatacheck(  454): tzdata file /data/misc/zoneinfo/current/tzdata does not exist. No action required.
10-11 15:39:01.377 E/ANDR-PERF-MPCTL(  455): Checking boot complete
10-11 15:39:01.386 D/libEGL  (  540): loaded /vendor/lib64/egl/libGLESv1_CM_adreno.so
10-11 15:39:01.393 D/libEGL  (  540): loaded /vendor/lib64/egl/libGLESv2_adreno.so
10-11 15:39:01.405 I/sysinit (  457): Running /system/etc/init.d/00banner 
10-11 15:39:01.427 I/cm      (  462): _ _                                        
10-11 15:39:01.439 I/cm      (  463): | (_)_ __   ___  __ _  __ _  ___  ___  ___  
10-11 15:39:01.451 I/cm      (  464): | | | '_ \ / _ \/ _` |/ _` |/ _ \/ _ \/ __| 
10-11 15:39:01.463 I/cm      (  465): | | | | | |  __/ (_| | (_| |  __/ (_) \__ \ 
10-11 15:39:01.475 I/cm      (  466): |_|_|_| |_|\___|\__,_|\__, |\___|\___/|___/ 
10-11 15:39:01.486 I/cm      (  467):                       |___/ 
10-11 15:39:01.511 I/qcom-bluetooth(  786): /system/etc/init.qcom.bt.sh: Bluetooth stack is Bluedroid 
10-11 15:39:01.521 I/cm      (  470): Welcome to Android 7.1.2 / LineageOS-14.1-20211102-UNOFFICIAL-r9s 
10-11 15:39:01.533 I/sysinit (  471): Running /system/etc/init.d/90userinit 
10-11 15:39:01.669 I/BOOT    (  480): MSM target '', SoC 'MTP', HwID '293', SoC ver '65536' 
10-11 15:39:01.758 V/AudioDaemon(  617): Start audiod daemon
10-11 15:39:01.758 I/cameraserver(  587): ServiceManager: 0xf63996e0
10-11 15:39:01.758 I/CameraService(  587): CameraService started (pid=587)
10-11 15:39:01.758 I/CameraService(  587): CameraService process starting
10-11 15:39:01.759 I/wcnss_service(  570): wcnss_read_and_store_cal_data trying to read cal
10-11 15:39:01.759 V/AudioDaemon(  617): readyToRun: open snd card state node files
10-11 15:39:01.759 V/AudioDaemon(  617): Start threadLoop()
10-11 15:39:01.759 D/gatekeeper_device(  620): HwGkOpen called
10-11 15:39:01.759 D/AudioDaemon(  617): Opening sound card state : /proc/asound/card0/state
10-11 15:39:01.759 V/AudioDaemon(  617): bool android::AudioDaemon::getStateFDs(std::vector<std::pair<int, int> > &): 1 sound cards detected
10-11 15:39:01.759 I/audioserver(  585): ServiceManager: 0xf69996e0
10-11 15:39:01.760 D/QSEECOMAPI(  620): QSEECom_get_handle sb_length = 0xa000
10-11 15:39:01.760 D/QSEECOMAPI(  620): App is already loaded QSEE and app id = 65537
10-11 15:39:01.760 V/AudioDaemon(  617): bool android::AudioDaemon::getDeviceEventFDs(): 0 audio device event detected
10-11 15:39:01.760 E/AudioDaemon(  617): No audio device events detected
10-11 15:39:01.760 D/AudioDaemon(  617): Opening cpe0_state : /proc/asound/card0/cpe0_state
10-11 15:39:01.760 E/AudioDaemon(  617): CPE state open /proc/asound/card0/cpe0_state failed No such file or directory, Retrying 1
10-11 15:39:01.760 I/mediaserver(  593): ServiceManager: 0xf6699740
10-11 15:39:01.760 I/mediaserver(  599): ServiceManager: 0xf6419740
10-11 15:39:01.760 W/BatteryNotifier(  587): batterystats service unavailable!
10-11 15:39:01.761 W/BatteryNotifier(  585): batterystats service unavailable!
10-11 15:39:01.761 I/AudioFlinger(  585): Using default 3000 mSec as standby time.
10-11 15:39:01.761 W/BatteryNotifier(  587): batterystats service unavailable!
10-11 15:39:01.762 W/BatteryNotifier(  599): batterystats service unavailable!
10-11 15:39:01.762 I/AudioPolicyService(  585): AudioPolicyService CSTOR in new mode
10-11 15:39:01.763 E/gatekeeper_device(  620): Gatekeeper initialized
10-11 15:39:01.765 E/keymaster1_device(  590): Keymaster Initialized
10-11 15:39:01.765 E/keymaster1_device(  590): TA API Major Verion: 1
10-11 15:39:01.765 E/keymaster1_device(  590): TA API Minor Verion: 0
10-11 15:39:01.765 E/keymaster1_device(  590): TA Major Verion: 1
10-11 15:39:01.765 E/keymaster1_device(  590): TA Minor Verion: 10
10-11 15:39:01.765 E/keymaster1_device(  590): set_version_req->flags: 1
10-11 15:39:01.765 D/keystore(  590): Wrapping keymaster1 module Keymaster QTI HAL with SofKeymasterDevice
10-11 15:39:01.765 D/SoftKeymaster(  590): system/keymaster/soft_keymaster_device.cpp, Line 178: Reinitializing SoftKeymasterDevice to use HW keymaster1
10-11 15:39:01.767 I/SoftKeymaster(  590): system/keymaster/soft_keymaster_device.cpp, Line 131: Creating device
10-11 15:39:01.767 D/SoftKeymaster(  590): system/keymaster/soft_keymaster_device.cpp, Line 132: Device address: 0x7fad23e400
10-11 15:39:01.768 I/Adreno  (  540): QUALCOMM build                   : ead2395, I23cc4685e6
10-11 15:39:01.768 I/Adreno  (  540): Build Date                       : 04/11/17
10-11 15:39:01.768 I/Adreno  (  540): OpenGL ES Shader Compiler Version: XE031.09.00.04
10-11 15:39:01.768 I/Adreno  (  540): Local Branch                     : 
10-11 15:39:01.768 I/Adreno  (  540): Remote Branch                    : quic/gfx-adreno.lnx.1.0.r5-rel
10-11 15:39:01.768 I/Adreno  (  540): Remote Branch                    : NONE
10-11 15:39:01.768 I/Adreno  (  540): Reconstruct Branch               : NOTHING
10-11 15:39:01.800 E/Sensors (  684): sns_debug_main.c(283):Debug Config File missing in EFS!
10-11 15:39:01.807 D/audio_hw_primary(  585): adev_open: enter
10-11 15:39:01.838 D/msm8916_platform(  585): platform_init: snd_card_name: msm8953-snd-card-mtp
10-11 15:39:01.838 D/msm8916_platform(  585): platform_init: mixer path file is /system/etc/mixer_paths_mtp.xml
10-11 15:39:01.860 E/AudioDaemon(  617): CPE state open /proc/asound/card0/cpe0_state failed No such file or directory, Retrying 2
10-11 15:39:01.874 E/HAL     (  587): load: module=/system/lib/hw/camera.msm8953.so
10-11 15:39:01.874 E/HAL     (  587): dlopen failed: cannot locate symbol "_ZN7android16CameraParameters26KEY_MAX_LONG_EXPOSURE_TIMEE" referenced by "/system/lib/hw/camera.msm8953.so"...
10-11 15:39:01.874 E/CameraService(  587): Could not load camera HAL module: -22 (Invalid argument)
10-11 15:39:01.891 I/SDM     (  540): ExtensionInterface::CreateExtensionInterface: 
10-11 15:39:01.891 I/SDM     (  540): SDM-EXTENSION Version: Date: 03/18/17, Commit: 90ef57a, Change: Ie9aed89678
10-11 15:39:01.892 I/SDM     (  540): HWInfo::GetHWResourceInfo: SDE Version = 500, SDE Revision = 10100000, RGB = 2, VIG = 1, DMA = 1, Cursor = 1
10-11 15:39:01.892 I/SDM     (  540): HWInfo::GetHWResourceInfo: Upscale Ratio = 20, Downscale Ratio = 4, Blending Stages = 4
10-11 15:39:01.892 I/SDM     (  540): HWInfo::GetHWResourceInfo: SourceSplit = 0 QSEED3 = 0
10-11 15:39:01.892 I/SDM     (  540): HWInfo::GetHWResourceInfo: BWC = 0, UBWC = 1, Decimation = 1, Tile Format = 0 Concurrent Writeback = 0
10-11 15:39:01.892 I/SDM     (  540): HWInfo::GetHWResourceInfo: MaxLowBw = 3400000 , MaxHighBw = 3400000
10-11 15:39:01.892 I/SDM     (  540): HWInfo::GetHWResourceInfo: MaxPipeBw = 2300000 KBps, MaxSDEClock = 400000000 Hz, ClockFudgeFactor = 1.050000
10-11 15:39:01.892 I/SDM     (  540): HWInfo::GetHWResourceInfo: Prefill factors: Tiled_NV12 = 8, Tiled = 4, Linear = 1, Scale = 1, Fudge_factor = 2
10-11 15:39:01.892 I/SDM     (  540): HWInfo::GetMDSSRotatorInfo: MDSS Rotator: Count = 1, Downscale = 1
10-11 15:39:01.892 I/SDM     (  540): HWInfo::GetHWResourceInfo: Has Support for multiple bw limits shown below
10-11 15:39:01.893 I/SDM     (  540): HWInfo::GetHWResourceInfo: Mode-index=0  total_bw_limit=3400000 and pipe_bw_limit=2300000
10-11 15:39:01.893 I/SDM     (  540): HWInfo::GetHWResourceInfo: Mode-index=1  total_bw_limit=3100000 and pipe_bw_limit=2300000
10-11 15:39:01.893 I/SDM     (  540): HWInfo::GetHWResourceInfo: Mode-index=2  total_bw_limit=3400000 and pipe_bw_limit=2300000
10-11 15:39:01.893 I/SDM     (  540): HWInfo::GetHWResourceInfo: Mode-index=3  total_bw_limit=3400000 and pipe_bw_limit=2300000
10-11 15:39:01.900 D/PerMgrSrv(  537): modem new state: is on-line
10-11 15:39:01.900 D/PerMgrSrv(  537): modem state: is on-line, add client QCRIL
10-11 15:39:01.900 D/PerMgrSrv(  537): QCRIL registered
10-11 15:39:01.900 D/PerMgrSrv(  537): modem state: is on-line, add client QCRIL
10-11 15:39:01.900 I/SDM     (  540): CoreInterface::CreateCore: Open interface handle = 0x7f8ba7ba00
10-11 15:39:01.901 D/PerMgrSrv(  537): QCRIL registered
10-11 15:39:01.901 I/SDM     (  540): HWInfo::GetFirstDisplayInterfaceType: First display is internal display
10-11 15:39:01.901 D/PerMgrLib(  723): QCRIL successfully registered for modem
10-11 15:39:01.901 D/PerMgrLib(  601): QCRIL successfully registered for modem
10-11 15:39:01.901 I/SDM     (  540): CPUHint::Init: Invalid CPU Hint Pre-enable Window -1
10-11 15:39:01.901 I/SDM     (  540): HWDevice::GetHWPanelMaxBrightnessFromNode: Max brightness level = 255
10-11 15:39:01.901 I/SDM     (  540): HWDevice::GetHWPanelMaxBrightnessFromNode: Max brightness level = 255
10-11 15:39:01.902 I/SDM     (  540): HWDevice::PopulateHWPanelInfo: Device type = 0, Display Port = 1, Display Mode = 2, Device Node = 0, Is Primary = 1
10-11 15:39:01.902 I/SDM     (  540): HWDevice::PopulateHWPanelInfo: Partial Update = 0, Dynamic FPS = 0
10-11 15:39:01.902 I/SDM     (  540): HWDevice::PopulateHWPanelInfo: Align: left = 0, width = 0, top = 0, height = 0
10-11 15:39:01.902 I/SDM     (  540): HWDevice::PopulateHWPanelInfo: ROI: min_width = 0, min_height = 0, need_merge = 0
10-11 15:39:01.902 I/SDM     (  540): HWDevice::PopulateHWPanelInfo: FPS: min = 0, max =0
10-11 15:39:01.902 I/SDM     (  540): HWDevice::PopulateHWPanelInfo: Left Split = 0, Right Split = 0
10-11 15:39:01.902 I/SDM     (  540): HWInfo::GetHWResourceInfo: SDE Version = 500, SDE Revision = 10100000, RGB = 2, VIG = 1, DMA = 1, Cursor = 1
10-11 15:39:01.902 I/SDM     (  540): HWInfo::GetHWResourceInfo: Upscale Ratio = 20, Downscale Ratio = 4, Blending Stages = 4
10-11 15:39:01.902 I/SDM     (  540): HWInfo::GetHWResourceInfo: SourceSplit = 0 QSEED3 = 0
10-11 15:39:01.902 I/SDM     (  540): HWInfo::GetHWResourceInfo: BWC = 0, UBWC = 1, Decimation = 1, Tile Format = 0 Concurrent Writeback = 0
10-11 15:39:01.902 I/SDM     (  540): HWInfo::GetHWResourceInfo: MaxLowBw = 3400000 , MaxHighBw = 3400000
10-11 15:39:01.902 I/SDM     (  540): HWInfo::GetHWResourceInfo: MaxPipeBw = 2300000 KBps, MaxSDEClock = 400000000 Hz, ClockFudgeFactor = 1.050000
10-11 15:39:01.902 I/SDM     (  540): HWInfo::GetHWResourceInfo: Prefill factors: Tiled_NV12 = 8, Tiled = 4, Linear = 1, Scale = 1, Fudge_factor = 2
10-11 15:39:01.902 I/SDM     (  540): HWInfo::GetMDSSRotatorInfo: MDSS Rotator: Count = 1, Downscale = 1
10-11 15:39:01.902 I/SDM     (  540): HWInfo::GetHWResourceInfo: Has Support for multiple bw limits shown below
10-11 15:39:01.902 I/SDM     (  540): HWInfo::GetHWResourceInfo: Mode-index=0  total_bw_limit=3400000 and pipe_bw_limit=2300000
10-11 15:39:01.902 I/SDM     (  540): HWInfo::GetHWResourceInfo: Mode-index=1  total_bw_limit=3100000 and pipe_bw_limit=2300000
10-11 15:39:01.902 I/SDM     (  540): HWInfo::GetHWResourceInfo: Mode-index=2  total_bw_limit=3400000 and pipe_bw_limit=2300000
10-11 15:39:01.902 I/SDM     (  540): HWInfo::GetHWResourceInfo: Mode-index=3  total_bw_limit=3400000 and pipe_bw_limit=2300000
10-11 15:39:01.905 I/SDM     (  540): HWDevice::GetHWPanelMaxBrightnessFromNode: Max brightness level = 255
10-11 15:39:01.905 I/SDM     (  540): HWDevice::GetHWPanelMaxBrightnessFromNode: Max brightness level = 255
10-11 15:39:01.905 W/SDM     (  540): HWDevice::GetHWPanelInfoByNode: Failed to open msm_fb_panel_info node device node 2
10-11 15:39:01.905 I/SDM     (  540): HWDevice::GetHWPanelMaxBrightnessFromNode: Max brightness level = 255
10-11 15:39:01.906 I/SDM     (  540): HWDevice::GetHWPanelMaxBrightnessFromNode: Max brightness level = 255
10-11 15:39:01.906 W/SDM     (  540): HWDevice::GetHWPanelInfoByNode: Failed to open msm_fb_panel_info node device node 2
10-11 15:39:01.906 I/SDM     (  540): HWInfo::GetHWResourceInfo: SDE Version = 500, SDE Revision = 10100000, RGB = 2, VIG = 1, DMA = 1, Cursor = 1
10-11 15:39:01.906 I/SDM     (  540): HWInfo::GetHWResourceInfo: Upscale Ratio = 20, Downscale Ratio = 4, Blending Stages = 4
10-11 15:39:01.906 I/SDM     (  540): HWInfo::GetHWResourceInfo: SourceSplit = 0 QSEED3 = 0
10-11 15:39:01.906 I/SDM     (  540): HWInfo::GetHWResourceInfo: BWC = 0, UBWC = 1, Decimation = 1, Tile Format = 0 Concurrent Writeback = 0
10-11 15:39:01.906 I/SDM     (  540): HWInfo::GetHWResourceInfo: MaxLowBw = 3400000 , MaxHighBw = 3400000
10-11 15:39:01.906 I/SDM     (  540): HWInfo::GetHWResourceInfo: MaxPipeBw = 2300000 KBps, MaxSDEClock = 400000000 Hz, ClockFudgeFactor = 1.050000
10-11 15:39:01.906 I/SDM     (  540): HWInfo::GetHWResourceInfo: Prefill factors: Tiled_NV12 = 8, Tiled = 4, Linear = 1, Scale = 1, Fudge_factor = 2
10-11 15:39:01.906 I/SDM     (  540): HWInfo::GetMDSSRotatorInfo: MDSS Rotator: Count = 1, Downscale = 1
10-11 15:39:01.906 I/SDM     (  540): HWInfo::GetHWResourceInfo: Has Support for multiple bw limits shown below
10-11 15:39:01.906 I/SDM     (  540): HWInfo::GetHWResourceInfo: Mode-index=0  total_bw_limit=3400000 and pipe_bw_limit=2300000
10-11 15:39:01.906 I/SDM     (  540): HWInfo::GetHWResourceInfo: Mode-index=1  total_bw_limit=3100000 and pipe_bw_limit=2300000
10-11 15:39:01.906 I/SDM     (  540): HWInfo::GetHWResourceInfo: Mode-index=2  total_bw_limit=3400000 and pipe_bw_limit=2300000
10-11 15:39:01.906 I/SDM     (  540): HWInfo::GetHWResourceInfo: Mode-index=3  total_bw_limit=3400000 and pipe_bw_limit=2300000
10-11 15:39:01.907 W/SDM     (  540): ColorManager::CreateColorManagerProxy: PAV2 version is versions = 11, version = 11 
10-11 15:39:01.907 I/SDM     (  540): DisplayBase::SetFrameBufferConfig: New framebuffer resolution (1080x1920)
10-11 15:39:01.907 I/SDM     (  540): HWCDisplay::SetFrameBufferResolution: New framebuffer resolution (1080x1920)
10-11 15:39:01.910 I/SDM     (  540): HWCColorManager::CreateColorManager: Successfully loaded libsdm-disp-apis.so
10-11 15:39:01.914 I/SDM     (  540): HWCColorManager::CreateColorManager: Successfully loaded libsdm-disp-apis.so and libsdm-diag.so and diag_init'ed
10-11 15:39:01.914 I/SurfaceFlinger(  540): Using composer version 1.5
10-11 15:39:01.914 W/SDM     (  540): HWCDisplay::GetDisplayAttributes: Spurious attribute type = 6
10-11 15:39:01.915 I/SurfaceFlinger(  540): EGL information:
10-11 15:39:01.915 I/SurfaceFlinger(  540): vendor    : Android
10-11 15:39:01.915 I/SurfaceFlinger(  540): version   : 1.4 Android META-EGL
10-11 15:39:01.915 I/SurfaceFlinger(  540): extensions: EGL_KHR_get_all_proc_addresses EGL_ANDROID_presentation_time EGL_KHR_swap_buffers_with_damage EGL_ANDROID_create_native_client_buffer EGL_ANDROID_front_buffer_auto_refresh EGL_KHR_image EGL_KHR_image_base EGL_KHR_lock_surface EGL_KHR_gl_texture_2D_image EGL_KHR_gl_texture_3D_image EGL_KHR_gl_texture_cubemap_image EGL_KHR_gl_renderbuffer_image EGL_KHR_reusable_sync EGL_KHR_fence_sync EGL_KHR_create_context EGL_KHR_surfaceless_context EGL_EXT_create_context_robustness EGL_ANDROID_image_native_buffer EGL_KHR_wait_sync EGL_ANDROID_recordable EGL_KHR_partial_update EGL_KHR_create_context_no_error EGL_KHR_mutable_render_buffer EGL_EXT_yuv_surface EGL_EXT_protected_content 
10-11 15:39:01.915 I/SurfaceFlinger(  540): Client API: OpenGL_ES
10-11 15:39:01.916 I/SurfaceFlinger(  540): EGLSurface: 8-8-8-8, config=0x7f8bbcc280
10-11 15:39:01.919 I/SurfaceFlinger(  540): OpenGL ES informations:
10-11 15:39:01.919 I/SurfaceFlinger(  540): vendor    : Qualcomm
10-11 15:39:01.919 I/SurfaceFlinger(  540): renderer  : Adreno (TM) 506
10-11 15:39:01.919 I/SurfaceFlinger(  540): version   : OpenGL ES 3.2 V@145.0 (GIT@I23cc4685e6)
10-11 15:39:01.919 I/SurfaceFlinger(  540): extensions: GL_OES_EGL_image GL_OES_EGL_image_external GL_OES_EGL_sync GL_OES_vertex_half_float GL_OES_framebuffer_object GL_OES_rgb8_rgba8 GL_OES_compressed_ETC1_RGB8_texture GL_AMD_compressed_ATC_texture GL_KHR_texture_compression_astc_ldr GL_KHR_texture_compression_astc_hdr GL_OES_texture_compression_astc GL_OES_texture_npot GL_EXT_texture_filter_anisotropic GL_EXT_texture_format_BGRA8888 GL_OES_texture_3D GL_EXT_color_buffer_float GL_EXT_color_buffer_half_float GL_QCOM_alpha_test GL_OES_depth24 GL_OES_packed_depth_stencil GL_OES_depth_texture GL_OES_depth_texture_cube_map GL_EXT_sRGB GL_OES_texture_float GL_OES_texture_float_linear GL_OES_texture_half_float GL_OES_texture_half_float_linear GL_EXT_texture_type_2_10_10_10_REV GL_EXT_texture_sRGB_decode GL_OES_element_index_uint GL_EXT_copy_image GL_EXT_geometry_shader GL_EXT_tessellation_shader GL_OES_texture_stencil8 GL_EXT_shader_io_blocks GL_OES_shader_image_atomic GL_OES_sample_variables GL_EXT_texture_border_clamp GL_EXT_multisampled_render_to_texture
10-11 15:39:01.919 I/SurfaceFlinger(  540): GL_MAX_TEXTURE_SIZE = 16384
10-11 15:39:01.919 I/SurfaceFlinger(  540): GL_MAX_VIEWPORT_DIMS = 16384
10-11 15:39:01.935 E/audio_route(  585): Control 'HPHL Volume' doesn't exist - skipping
10-11 15:39:01.936 E/audio_route(  585): Control 'HPHR Volume' doesn't exist - skipping
10-11 15:39:01.936 E/audio_route(  585): Control 'RX2 MIX2 INP2' doesn't exist - skipping
10-11 15:39:01.936 E/audio_route(  585): Control 'RX1 MIX2 INP2' doesn't exist - skipping
10-11 15:39:01.937 E/audio_route(  585): Control 'SpkrMono WSA_RDAC' doesn't exist - skipping
10-11 15:39:01.937 E/audio_route(  585): Control 'SpkrMono BOOST Switch' doesn't exist - skipping
10-11 15:39:01.938 E/audio_route(  585): Control 'SpkrMono VISENSE Switch' doesn't exist - skipping
10-11 15:39:01.938 E/audio_route(  585): Control 'Program' doesn't exist - skipping
10-11 15:39:01.938 E/audio_route(  585): Control 'PRI_MI2S_RX Port Mixer INT_BT_SCO_TX' doesn't exist - skipping
10-11 15:39:01.939 E/audio_route(  585): Control 'INTERNAL_BT_SCO_RX Audio Mixer Multimedia6' doesn't exist - skipping
10-11 15:39:01.940 E/audio_route(  585): Control 'MI2S_DL_HL Switch' doesn't exist - skipping
10-11 15:39:01.940 E/audio_route(  585): Control 'MI2S_DL_HL Switch' doesn't exist - skipping
10-11 15:39:01.940 E/audio_route(  585): unknown enum value string 16000 for ctl Internal BTSCO SampleRate
10-11 15:39:01.941 E/audio_route(  585): Control 'QUIN_MI2S_RX Audio Mixer MultiMedia1' already exists in path 'deep-buffer-playback speaker-and-hdmi'
10-11 15:39:01.941 E/audio_route(  585): Control 'QUIN_MI2S_RX Audio Mixer MultiMedia5' already exists in path 'low-latency-playback speaker-and-hdmi'
10-11 15:39:01.942 E/audio_route(  585): Control 'QUIN_MI2S_RX Audio Mixer MultiMedia3' already exists in path 'audio-ull-playback speaker-and-hdmi'
10-11 15:39:01.942 E/audio_route(  585): Control 'QUIN_MI2S_RX Audio Mixer MultiMedia4' already exists in path 'compress-offload-playback speaker-and-hdmi'
10-11 15:39:01.942 E/audio_route(  585): Control 'QUIN_MI2S_RX Audio Mixer MultiMedia7' already exists in path 'compress-offload-playback2 speaker-and-hdmi'
10-11 15:39:01.943 E/audio_route(  585): Control 'QUIN_MI2S_RX Audio Mixer MultiMedia10' already exists in path 'compress-offload-playback3 speaker-and-hdmi'
10-11 15:39:01.943 E/audio_route(  585): Control 'QUIN_MI2S_RX Audio Mixer MultiMedia11' already exists in path 'compress-offload-playback4 speaker-and-hdmi'
10-11 15:39:01.943 E/audio_route(  585): Control 'QUIN_MI2S_RX Audio Mixer MultiMedia12' already exists in path 'compress-offload-playback5 speaker-and-hdmi'
10-11 15:39:01.943 E/audio_route(  585): Control 'QUIN_MI2S_RX Audio Mixer MultiMedia13' already exists in path 'compress-offload-playback6 speaker-and-hdmi'
10-11 15:39:01.943 E/audio_route(  585): Control 'QUIN_MI2S_RX Audio Mixer MultiMedia14' already exists in path 'compress-offload-playback7 speaker-and-hdmi'
10-11 15:39:01.944 E/audio_route(  585): Control 'MultiMedia8 Mixer TERT_MI2S_TX' doesn't exist - skipping
10-11 15:39:01.944 E/audio_route(  585): unknown enum value string 16000 for ctl Internal BTSCO SampleRate
10-11 15:39:01.944 E/audio_route(  585): unknown enum value string 16000 for ctl Internal BTSCO SampleRate
10-11 15:39:01.945 E/audio_route(  585): Control 'MI2S_DL_HL Switch' doesn't exist - skipping
10-11 15:39:01.945 E/audio_route(  585): unknown enum value string 16000 for ctl Internal BTSCO SampleRate
10-11 15:39:01.946 E/audio_route(  585): unknown enum value string 16000 for ctl Internal BTSCO SampleRate
10-11 15:39:01.948 E/audio_route(  585): Control 'Configuration' doesn't exist - skipping
10-11 15:39:01.948 E/audio_route(  585): Control 'Program' doesn't exist - skipping
10-11 15:39:01.948 E/audio_route(  585): Control 'DAC Playback Volume' doesn't exist - skipping
10-11 15:39:01.949 E/audio_route(  585): Control 'SpkrMono WSA_RDAC' doesn't exist - skipping
10-11 15:39:01.949 E/audio_route(  585): Control 'SpkrMono VISENSE Switch' doesn't exist - skipping
10-11 15:39:01.950 E/audio_route(  585): Control 'Configuration' doesn't exist - skipping
10-11 15:39:01.950 I/irsc_util(  528): Starting irsc tool
10-11 15:39:01.951 E/audio_route(  585): Control 'MI2S_DL_HL Switch' doesn't exist - skipping
10-11 15:39:01.954 I/irsc_util(  528): Num of entries:290
10-11 15:39:01.955 I/irsc_util(  528): Ending irsc tool
10-11 15:39:01.961 D/AudioDaemon(  617): number of sndcards 1 CPEs 0
10-11 15:39:01.961 D/AudioDaemon(  617): read for sound card state change before while
10-11 15:39:01.961 D/AudioDaemon(  617): sound card state file content: ONLINE
10-11 15:39:01.961 D/AudioDaemon(  617):  before while
10-11 15:39:01.961 E/AudioDaemon(  617): put cur_state to online
10-11 15:39:01.961 D/AudioDaemon(  617): cur_state=0, bootup_complete=0
10-11 15:39:01.961 E/AudioDaemon(  617): sound card up is deteced before while
10-11 15:39:01.961 E/AudioDaemon(  617): bootup_complete set to 1
10-11 15:39:01.961 E/AudioDaemon(  617): read for event state change before while
10-11 15:39:01.961 D/AudioDaemon(  617): poll() for sound card state change 
10-11 15:39:01.963 I/tftp_server(  530): Starting...
10-11 15:39:01.964 I/rmt_storage(  529): Shared memory initialised successfully.
10-11 15:39:01.964 I/rmt_storage(  529): Registering modemst1: 0x4a /boot/modem_fs1
10-11 15:39:01.964 I/rmt_storage(  529): Registering modemst2: 0x4b /boot/modem_fs2
10-11 15:39:01.964 I/rmt_storage(  529): Registering fsc: 0xff /boot/modem_fsc
10-11 15:39:01.964 I/rmt_storage(  529): Registering fsg: 0x58 /boot/modem_fsg
10-11 15:39:01.964 I/rmt_storage(  529): Registering oppodycnvbk: 0x4a /oppo/oppodycnvbk
10-11 15:39:01.964 I/rmt_storage(  529): Registering oppostanvbk: 0x4a /oppo/oppostanvbk
10-11 15:39:01.964 I/rmt_storage(  529): 6 GPT partitions found
10-11 15:39:01.966 I/rmt_storage(  529): Capset success!
10-11 15:39:01.968 I/lowmemorykiller(  538): Using in-kernel low memory killer interface
10-11 15:39:01.973 D/msm8916_platform(  585): platform_init: Opened sound card:0
10-11 15:39:01.974 D/msm8916_platform(  585): Opening /sys/class/thermal/thermal_zone0/type
10-11 15:39:01.974 D/msm8916_platform(  585): Opening /sys/class/thermal/thermal_zone1/type
10-11 15:39:01.974 D/msm8916_platform(  585): Opening /sys/class/thermal/thermal_zone2/type
10-11 15:39:01.974 D/msm8916_platform(  585): Opening /sys/class/thermal/thermal_zone3/type
10-11 15:39:01.974 D/msm8916_platform(  585): Opening /sys/class/thermal/thermal_zone4/type
10-11 15:39:01.975 D/msm8916_platform(  585): Opening /sys/class/thermal/thermal_zone5/type
10-11 15:39:01.975 D/msm8916_platform(  585): Opening /sys/class/thermal/thermal_zone6/type
10-11 15:39:01.975 D/msm8916_platform(  585): Opening /sys/class/thermal/thermal_zone7/type
10-11 15:39:01.975 D/msm8916_platform(  585): Opening /sys/class/thermal/thermal_zone8/type
10-11 15:39:01.975 D/msm8916_platform(  585): Opening /sys/class/thermal/thermal_zone9/type
10-11 15:39:01.975 D/msm8916_platform(  585): Opening /sys/class/thermal/thermal_zone10/type
10-11 15:39:01.975 D/msm8916_platform(  585): Opening /sys/class/thermal/thermal_zone11/type
10-11 15:39:01.975 D/msm8916_platform(  585): Opening /sys/class/thermal/thermal_zone12/type
10-11 15:39:01.976 D/msm8916_platform(  585): Opening /sys/class/thermal/thermal_zone13/type
10-11 15:39:01.976 D/msm8916_platform(  585): Opening /sys/class/thermal/thermal_zone14/type
10-11 15:39:01.976 D/msm8916_platform(  585): Opening /sys/class/thermal/thermal_zone15/type
10-11 15:39:01.976 D/msm8916_platform(  585): Opening /sys/class/thermal/thermal_zone16/type
10-11 15:39:01.976 D/msm8916_platform(  585): Opening /sys/class/thermal/thermal_zone17/type
10-11 15:39:01.976 D/msm8916_platform(  585): Opening /sys/class/thermal/thermal_zone18/type
10-11 15:39:01.976 D/msm8916_platform(  585): Opening /sys/class/thermal/thermal_zone19/type
10-11 15:39:01.977 D/msm8916_platform(  585): Opening /sys/class/thermal/thermal_zone20/type
10-11 15:39:01.977 D/msm8916_platform(  585): Opening /sys/class/thermal/thermal_zone21/type
10-11 15:39:01.977 D/msm8916_platform(  585): Opening /sys/class/thermal/thermal_zone22/type
10-11 15:39:01.977 D/msm8916_platform(  585): Opening /sys/class/thermal/thermal_zone23/type
10-11 15:39:01.977 D/audio_hw_extn(  585): audio_extn_can_use_vbat: vbat.enabled property is set to 0
10-11 15:39:01.983 D/QSEECOMD: (  535): qseecom listener services process entry PPID = 1
10-11 15:39:01.983 E/QSEECOMD: (  535): Listener: index = 0, hierarchy = 0
10-11 15:39:01.987 D/tftp_server(  530): pid=530 tid=530 tftp-server : DBG :[tftp_os_wakelocks_la.c, 204] Capset success!
10-11 15:39:01.989 D/QSEECOMD: (  535): Init dlopen(librpmb.so, RTLD_NOW) succeeds
10-11 15:39:01.989 D/QSEECOMD: (  535): Init::Init dlsym(g_FSHandle rpmb_init_service) succeeds
10-11 15:39:01.989 I/rpmb_emmc(  535): RPMB Mult (512-bytes sector) = 8192, Rel_sec_cnt = 32
10-11 15:39:01.989 E/DrmLibRpmb(  535): rpmb_init succeeded! with ret = 0
10-11 15:39:01.989 D/QSEECOMD: (  535): Init rpmb_init_service ret = 0
10-11 15:39:01.989 D/QSEECOMD: (  535): RPMB system services: init (Listener ID = 8192)
10-11 15:39:01.989 E/QSEECOMD: (  535): Listener: index = 1, hierarchy = 0
10-11 15:39:01.992 D/QSEECOMD: (  535): Init dlopen(libssd.so, RTLD_NOW) succeeds
10-11 15:39:01.992 D/QSEECOMD: (  535): Init::Init dlsym(g_FSHandle ssd_init_service) succeeds
10-11 15:39:01.992 E/SSD     (  535): ssd_init_service succeeded!
10-11 15:39:01.992 D/QSEECOMD: (  535): Init ssd_init_service ret = 0
10-11 15:39:01.992 D/QSEECOMD: (  535): SSD system services: init (Listener ID = 12288)
10-11 15:39:01.992 E/QSEECOMD: (  535): Listener: index = 2, hierarchy = 0
10-11 15:39:01.992 E/QSEECOMD: (  535): Init dlopen(libsecureui.so, RLTD_NOW) is failed....
10-11 15:39:01.992 D/QSEECOMD: (  535): SEC_UI_INIT failed, shall not start secure ui listener
10-11 15:39:01.992 D/tftp_server(  530): pid=530 tid=530 tftp-server : DBG :[tftp_server.c, 597] Server waiting for client-connection.
10-11 15:39:01.993 E/ACDB-LOADER(  585): Enter get_files_from_device_tree
10-11 15:39:01.993 D/QSEECOMD: (  535): Parent qseecom daemon process paused!! 
10-11 15:39:01.993 D/ACDB-LOADER(  585): getProjectNameFromFile project:16017
10-11 15:39:01.993 D/QSEECOMD: (  551): qseecom listener service threads starting!!! 
10-11 15:39:01.993 D/QSEECOMD: (  551): Total listener services to start = 9
10-11 15:39:01.993 E/QSEECOMD: (  551): Listener: index = 0, hierarchy = 1
10-11 15:39:01.993 D/QSEECOMD: (  551): Init dlopen(librpmb.so, RTLD_NOW) succeeds
10-11 15:39:01.993 D/QSEECOMD: (  551): Init::Init dlsym(g_FSHandle rpmb_start) succeeds
10-11 15:39:01.993 D/QSEECOMAPI(  551): QSEECom_register_listener 8192 sb_length = 0x6400
10-11 15:39:01.994 D/ACDB-LOADER(  585): ACDB -> Load file: /etc/acdbdata/16017/Bluetooth_cal.acdb
10-11 15:39:01.994 D/ACDB-LOADER(  585): ACDB -> Load file: /etc/acdbdata/16017/General_cal.acdb
10-11 15:39:01.994 D/ACDB-LOADER(  585): ACDB -> Load file: /etc/acdbdata/16017/Global_cal.acdb
10-11 15:39:01.994 D/ACDB-LOADER(  585): ACDB -> Load file: /etc/acdbdata/16017/Handset_cal.acdb
10-11 15:39:01.994 D/ACDB-LOADER(  585): ACDB -> Load file: /etc/acdbdata/16017/Hdmi_cal.acdb
10-11 15:39:01.994 D/ACDB-LOADER(  585): ACDB -> Load file: /etc/acdbdata/16017/Headset_cal.acdb
10-11 15:39:01.994 D/ACDB-LOADER(  585): ACDB -> Load file: /etc/acdbdata/16017/Speaker_cal.acdb
10-11 15:39:01.994 D/ACDB-LOADER(  585): ACDB -> Load file: /etc/acdbdata/16017/workspaceFile.qwsp
10-11 15:39:01.994 D/ACDB-LOADER(  585): ACDB -> ACDB_CMD_INITIALIZE_V2
10-11 15:39:01.994 D/QSEECOMD: (  551): Init rpmb_start ret = 0
10-11 15:39:01.994 D/QSEECOMD: (  551): RPMB system services: Started (Listener ID = 8192)
10-11 15:39:01.994 E/QSEECOMD: (  551): Listener: index = 1, hierarchy = 1
10-11 15:39:01.994 D/QSEECOMD: (  551): Init dlopen(libssd.so, RTLD_NOW) succeeds
10-11 15:39:01.994 D/QSEECOMD: (  551): Init::Init dlsym(g_FSHandle ssd_start) succeeds
10-11 15:39:01.994 D/QSEECOMAPI(  551): QSEECom_register_listener 12288 sb_length = 0x5000
10-11 15:39:01.995 D/QSEECOMD: (  551): Init ssd_start ret = 0
10-11 15:39:01.995 D/QSEECOMD: (  551): SSD system services: Started (Listener ID = 12288)
10-11 15:39:01.995 E/QSEECOMD: (  551): Listener: index = 2, hierarchy = 1
10-11 15:39:01.995 E/QSEECOMD: (  551): Init dlopen(libsecureui.so, RLTD_NOW) is failed....
10-11 15:39:01.995 E/QSEECOMD: (  551): Listener: index = 3, hierarchy = 1
10-11 15:39:01.995 D/        (  585): [ACDB Command]->SW Minor/Major/Revision version info for /etc/acdbdata/16017/Bluetooth_cal.acdb
10-11 15:39:01.996 D/        (  585): [ACDB Command]->ACDB Sw Major = 9, ACDB Sw Minor = 0, ACDB Sw Revision = 0, ACDB Sw Cpl Number = 0
10-11 15:39:01.996 D/        (  585): [ACDB Command]->ACDB File Major = 8, ACDB File Minor = 0, ACDB File Revision = 1, ACDB File Cpl Number = 0
10-11 15:39:02.000 D/        (  585): [ACDB Command]->SW Minor/Major/Revision version info for /etc/acdbdata/16017/General_cal.acdb
10-11 15:39:02.000 D/        (  585): [ACDB Command]->ACDB Sw Major = 9, ACDB Sw Minor = 0, ACDB Sw Revision = 0, ACDB Sw Cpl Number = 0
