10-11 15:39:02.113 D/QC-time-services(  567): Daemon:genoff_post_init:Error in accessing storage
10-11 15:39:02.113 D/QC-time-services(  567): Daemon:genoff_pre_init::Base = 4
10-11 15:39:02.113 D/QC-time-services(  567): Daemon: Storage Name: ats_4 
10-11 15:39:02.113 D/QC-time-services(  567): Daemon:Opening File: /persist/time/ats_4 /data/time/ats_4
10-11 15:39:02.113 D/QC-time-services(  567): Daemon:time_persistent_memory_opr:Genoff Read operation 
10-11 15:39:02.113 D/QC-time-services(  567): Daemon:Open File: /data/time/ats_4
10-11 15:39:02.113 D/QC-time-services(  567): Daemon:Unable to open filefor read
10-11 15:39:02.113 D/QC-time-services(  567): Daemon:genoff_post_init:Error in accessing storage
10-11 15:39:02.113 D/QC-time-services(  567): Daemon:genoff_pre_init::Base = 5
10-11 15:39:02.113 D/QC-time-services(  567): Daemon: Storage Name: ats_5 
10-11 15:39:02.113 D/QC-time-services(  567): Daemon:Opening File: /persist/time/ats_5 /data/time/ats_5
10-11 15:39:02.113 D/QC-time-services(  567): Daemon:time_persistent_memory_opr:Genoff Read operation 
10-11 15:39:02.113 D/QC-time-services(  567): Daemon:Open File: /data/time/ats_5
10-11 15:39:02.113 D/QC-time-services(  567): Daemon:Unable to open filefor read
10-11 15:39:02.113 D/QC-time-services(  567): Daemon:genoff_post_init:Error in accessing storage
10-11 15:39:02.113 D/QC-time-services(  567): Daemon:genoff_pre_init::Base = 6
10-11 15:39:02.113 D/QC-time-services(  567): Daemon: Storage Name: ats_6 
10-11 15:39:02.113 D/QC-time-services(  567): Daemon:Opening File: /persist/time/ats_6 /data/time/ats_6
10-11 15:39:02.113 I/ThermalEngine(  568): cpr_band_init: Could not read /sys/module/msm_thermal/cpr_band/curr_cpr_band
10-11 15:39:02.113 D/QC-time-services(  567): Daemon:time_persistent_memory_opr:Genoff Read operation 
10-11 15:39:02.113 D/QC-time-services(  567): Daemon:Open File: /data/time/ats_6
10-11 15:39:02.113 D/QC-time-services(  567): Daemon:Unable to open filefor read
10-11 15:39:02.113 D/QC-time-services(  567): Daemon:genoff_post_init:Error in accessing storage
10-11 15:39:02.113 D/QC-time-services(  567): Daemon:genoff_pre_init::Base = 7
10-11 15:39:02.113 D/QC-time-services(  567): Daemon: Storage Name: ats_7 
10-11 15:39:02.113 D/QC-time-services(  567): Daemon:Opening File: /persist/time/ats_7 /data/time/ats_7
10-11 15:39:02.113 D/QC-time-services(  567): Daemon:time_persistent_memory_opr:Genoff Read operation 
10-11 15:39:02.113 D/QC-time-services(  567): Daemon:Open File: /data/time/ats_7
10-11 15:39:02.113 D/AndroidRuntime(  583): CheckJNI is ON
10-11 15:39:02.113 D/QC-time-services(  567): Daemon:Unable to open filefor read
10-11 15:39:02.113 D/QC-time-services(  567): Daemon:genoff_post_init:Error in accessing storage
10-11 15:39:02.113 D/QC-time-services(  567): Daemon:genoff_pre_init::Base = 8
10-11 15:39:02.113 D/QC-time-services(  567): Daemon: Storage Name: ats_8 
10-11 15:39:02.113 D/QC-time-services(  567): Daemon:Opening File: /persist/time/ats_8 /data/time/ats_8
10-11 15:39:02.113 D/QC-time-services(  567): Daemon:time_persistent_memory_opr:Genoff Read operation 
10-11 15:39:02.113 D/QC-time-services(  567): Daemon:Open File: /data/time/ats_8
10-11 15:39:02.113 I/ThermalEngine(  568): sensors_manager_init: Init
10-11 15:39:02.113 D/QC-time-services(  567): Daemon:Unable to open filefor read
10-11 15:39:02.113 D/QC-time-services(  567): Daemon:genoff_post_init:Error in accessing storage
10-11 15:39:02.113 D/QC-time-services(  567): Daemon:genoff_pre_init::Base = 9
10-11 15:39:02.113 D/QC-time-services(  567): Daemon: Storage Name: ats_9 
10-11 15:39:02.113 D/QC-time-services(  567): Daemon:Opening File: /persist/time/ats_9 /data/time/ats_9
10-11 15:39:02.113 D/QC-time-services(  567): Daemon:time_persistent_memory_opr:Genoff Read operation 
10-11 15:39:02.113 D/QC-time-services(  567): Daemon:Open File: /data/time/ats_9
10-11 15:39:02.113 D/QC-time-services(  567): Daemon:Unable to open filefor read
10-11 15:39:02.113 D/QC-time-services(  567): Daemon:genoff_post_init:Error in accessing storage
10-11 15:39:02.113 D/QC-time-services(  567): Daemon:genoff_pre_init::Base = 10
10-11 15:39:02.113 D/QC-time-services(  567): Daemon: Storage Name: ats_10 
10-11 15:39:02.113 D/QC-time-services(  567): Daemon:Opening File: /persist/time/ats_10 /data/time/ats_10
10-11 15:39:02.113 D/QC-time-services(  567): Daemon:time_persistent_memory_opr:Genoff Read operation 
10-11 15:39:02.114 D/QC-time-services(  567): Daemon:Open File: /data/time/ats_10
10-11 15:39:02.114 D/QC-time-services(  567): Daemon:Unable to open filefor read
10-11 15:39:02.114 D/QC-time-services(  567): Daemon:genoff_post_init:Error in accessing storage
10-11 15:39:02.114 D/QC-time-services(  567): Daemon:genoff_pre_init::Base = 11
10-11 15:39:02.114 D/QC-time-services(  567): Daemon: Storage Name: ats_11 
10-11 15:39:02.114 D/QC-time-services(  567): Daemon:Opening File: /persist/time/ats_11 /data/time/ats_11
10-11 15:39:02.114 D/QC-time-services(  567): Daemon:time_persistent_memory_opr:Genoff Read operation 
10-11 15:39:02.114 D/QC-time-services(  567): Daemon:Open File: /data/time/ats_11
10-11 15:39:02.114 D/QC-time-services(  567): Daemon:Unable to open filefor read
10-11 15:39:02.114 D/QC-time-services(  567): Daemon:genoff_post_init:Error in accessing storage
10-11 15:39:02.114 D/QC-time-services(  567): Daemon:genoff_pre_init::Base = 12
10-11 15:39:02.114 D/QC-time-services(  567): Daemon: Storage Name: ats_12 
10-11 15:39:02.114 D/QC-time-services(  567): Daemon:Opening File: /persist/time/ats_12 /data/time/ats_12
10-11 15:39:02.114 D/QC-time-services(  567): Daemon:time_persistent_memory_opr:Genoff Read operation 
10-11 15:39:02.114 D/QC-time-services(  567): Daemon:Open File: /data/time/ats_12
10-11 15:39:02.114 D/QC-time-services(  567): Daemon:Unable to open filefor read
10-11 15:39:02.114 D/QC-time-services(  567): Daemon:genoff_post_init:Error in accessing storage
10-11 15:39:02.114 D/QC-time-services(  567): Daemon:genoff_pre_init::Base = 13
10-11 15:39:02.114 D/QC-time-services(  567): Daemon: Storage Name: ats_13 
10-11 15:39:02.114 D/QC-time-services(  567): Daemon:Opening File: /persist/time/ats_13 /data/time/ats_13
10-11 15:39:02.114 D/QC-time-services(  567): Daemon:time_persistent_memory_opr:Genoff Read operation 
10-11 15:39:02.114 D/QC-time-services(  567): Daemon:Open File: /data/time/ats_13
10-11 15:39:02.114 D/QC-time-services(  567): Daemon:Unable to open filefor read
10-11 15:39:02.114 D/QC-time-services(  567): Daemon:genoff_post_init:Error in accessing storage
10-11 15:39:02.114 D/QC-time-services(  567): Daemon:genoff_pre_init::Base = 14
10-11 15:39:02.114 D/QC-time-services(  567): Daemon: Storage Name: ats_14 
10-11 15:39:02.114 D/QC-time-services(  567): Daemon:Opening File: /persist/time/ats_14 /data/time/ats_14
10-11 15:39:02.114 D/QC-time-services(  567): Daemon:time_persistent_memory_opr:Genoff Read operation 
10-11 15:39:02.114 D/QC-time-services(  567): Daemon:Open File: /data/time/ats_14
10-11 15:39:02.114 D/QC-time-services(  567): Daemon:Unable to open filefor read
10-11 15:39:02.114 D/QC-time-services(  567): Daemon:genoff_post_init:Error in accessing storage
10-11 15:39:02.114 D/QC-time-services(  567): Daemon:genoff_pre_init::Base = 15
10-11 15:39:02.114 D/QC-time-services(  567): Daemon: Storage Name: ats_15 
10-11 15:39:02.114 I/ThermalEngine(  568): qmi: Instance id 157 for fusion TS
10-11 15:39:02.114 D/QC-time-services(  567): Daemon:Opening File: /persist/time/ats_15 /data/time/ats_15
10-11 15:39:02.114 D/QC-time-services(  567): Daemon:time_persistent_memory_opr:Genoff Read operation 
10-11 15:39:02.114 D/QC-time-services(  567): Daemon:Open File: /data/time/ats_15
10-11 15:39:02.114 D/QC-time-services(  567): Daemon:Unable to open filefor read
10-11 15:39:02.114 D/QC-time-services(  567): Daemon:genoff_post_init:Error in accessing storage
10-11 15:39:02.114 D/QC-time-services(  567): Daemon:genoff_init_config: Other bases initilized, exiting genoff_init
10-11 15:39:02.114 D/QC-time-services(  567): Daemon:rtc_get: Time read from RTC -- MM/DD/YY HH:MM:SS9/11/70 15:39:1
10-11 15:39:02.114 D/QC-time-services(  567): Daemon rtc_get: seconds = 24507541
10-11 15:39:02.114 D/QC-time-services(  567): Daemon:Value read from RTC mseconds = 24507541000
10-11 15:39:02.114 D/QC-time-services(  567): Daemon:Value read from QTimer mseconds = 12816
10-11 15:39:02.114 D/QC-time-services(  567): Daemon:genoff_opr: Base = 1, val = 0, operation = 1
10-11 15:39:02.114 D/QC-time-services(  567): Daemon: genoff get for 1
10-11 15:39:02.114 D/QC-time-services(  567): Daemon:Value read from QTimer mseconds = 12816
10-11 15:39:02.114 D/QC-time-services(  567): Daemon:Value read from RTC mseconds on boot = 24507541000
10-11 15:39:02.114 D/QC-time-services(  567): Daemon:Value read from QTimer mseconds = 12816
10-11 15:39:02.114 D/QC-time-services(  567): Daemon:Value read from generic offset = 0
10-11 15:39:02.114 D/QC-time-services(  567): Daemon:Delta read on boot mseconds = 24507528184
10-11 15:39:02.114 D/QC-time-services(  567): Daemon:Final Time = 24507541000
10-11 15:39:02.114 E/QC-time-services(  567): Daemon:genoff_boot_tod_init: Unable to open alarm device
10-11 15:39:02.114 E/QC-time-services(  567): Daemon:genoff_boot_tod_init: Updating system time to sec=24507541, usec=0
10-11 15:39:02.115 I/rmt_storage(  529): buf2:0x0x7f8171d810
10-11 15:39:02.116 I/rmt_storage(  529): buf3:0x0x7f81730010
10-11 15:39:02.116 D/rmt_storage(  529): pcb_data  0
10-11 15:39:02.116 I/rmt_storage(  529): oppo_nv_client_thread: /oppo/oem_partion: clnt_h=0xb: req_h=0xb msg_id=3: Bytes1 read = 196884
10-11 15:39:02.116 I/rmt_storage(  529): oppo_nv_client_thread: /oppo/oem_partion: clnt_h=0xb: req_h=0xb msg_id=3: Send response: res=0 err=0
10-11 15:39:02.116 I/rmt_storage(  529): oppo_nv_client_thread: /oppo/oem_partion: clnt_h=0xb About to block rmt_storage client thread (th_id: 547628299344) wakelock released: 1, error no: 0
10-11 15:39:02.116 I/rmt_storage(  529): 
10-11 15:39:02.116 I/rmt_storage(  529): rmt_storage_disconnect_cb: clnt_h=0xb conn_h=0x7f8182a000
10-11 15:39:02.116 I/AudioFlinger(  585): loadHwModule() Loaded usb audio interface from USB audio HW HAL (audio) handle 26
10-11 15:39:02.119 I/r_submix(  585): adev_open(name=audio_hw_if)
10-11 15:39:02.120 I/r_submix(  585): adev_init_check()
10-11 15:39:02.120 I/AudioFlinger(  585): loadHwModule() Loaded r_submix audio interface from Wifi Display audio HAL (audio) handle 34
10-11 15:39:02.120 D/r_submix(  585): adev_open_input_stream(addr=0)
10-11 15:39:02.120 D/r_submix(  585): submix_audio_device_create_pipe_l(addr=0, idx=9)
10-11 15:39:02.120 D/r_submix(  585):   now using address 0 for route 9
10-11 15:39:02.120 I/AudioFlinger(  585): AudioFlinger's thread 0xf5303e00 ready to run
10-11 15:39:02.120 D/r_submix(  585): adev_close_input_stream()
10-11 15:39:02.120 D/r_submix(  585): submix_audio_device_release_pipe_l(idx=9) addr=0
10-11 15:39:02.120 D/r_submix(  585): submix_audio_device_destroy_pipe_l(): pipe destroyed
10-11 15:39:02.120 D/AudioPolicyManagerCustom(  585): USE_XML_AUDIO_POLICY_CONF is TRUE
10-11 15:39:02.120 I/AudioPolicyManagerCustom(  585): removing AUDIO_CHANNEL_IN_5POINT1 from input profile as SSR(surround sound record) is not supported on this chipset variant
10-11 15:39:02.121 I/RadioService(  585): RadioService
10-11 15:39:02.121 I/RadioService(  585): onFirstRef
10-11 15:39:02.121 E/RadioService(  585): couldn't load radio module radio.primary (No such file or directory)
10-11 15:39:02.122 D/sound_trigger_hw(  585): stdev_open: Enter
10-11 15:39:02.122 I/sound_trigger_platform(  585): platform_stdev_init: Enter
10-11 15:39:02.125 I/art     (  583): option[0]=-Xzygote
10-11 15:39:02.125 I/art     (  583): option[1]=-Xcheck:jni
10-11 15:39:02.125 I/art     (  583): option[2]=-Xstacktracefile:/data/anr/traces.txt
10-11 15:39:02.125 I/art     (  583): option[3]=exit
10-11 15:39:02.125 I/art     (  583): option[4]=vfprintf
10-11 15:39:02.125 I/art     (  583): option[5]=sensitiveThread
10-11 15:39:02.125 I/art     (  583): option[6]=-verbose:gc
10-11 15:39:02.125 I/art     (  583): option[7]=-Xms8m
10-11 15:39:02.125 I/art     (  583): option[8]=-Xmx768m
10-11 15:39:02.126 I/art     (  583): option[9]=-XX:HeapGrowthLimit=288m
10-11 15:39:02.126 I/art     (  583): option[10]=-XX:HeapMinFree=512k
10-11 15:39:02.126 I/art     (  583): option[11]=-XX:HeapMaxFree=8m
10-11 15:39:02.126 I/art     (  583): option[12]=-XX:HeapTargetUtilization=0.75
10-11 15:39:02.126 I/art     (  583): option[13]=-Xusejit:true
10-11 15:39:02.126 I/art     (  583): option[14]=-Xjitsaveprofilinginfo
10-11 15:39:02.126 I/art     (  583): option[15]=-agentlib:jdwp=transport=dt_android_adb,suspend=n,server=y
10-11 15:39:02.126 I/art     (  583): option[16]=-Xlockprofthreshold:500
10-11 15:39:02.126 I/art     (  583): option[17]=-Ximage-compiler-option
10-11 15:39:02.126 I/art     (  583): option[18]=--runtime-arg
10-11 15:39:02.126 I/art     (  583): option[19]=-Ximage-compiler-option
10-11 15:39:02.126 I/art     (  583): option[20]=-Xms64m
10-11 15:39:02.126 I/art     (  583): option[21]=-Ximage-compiler-option
10-11 15:39:02.126 I/art     (  583): option[22]=--runtime-arg
10-11 15:39:02.126 I/art     (  583): option[23]=-Ximage-compiler-option
10-11 15:39:02.126 I/art     (  583): option[24]=-Xmx64m
10-11 15:39:02.126 I/art     (  583): option[25]=-Ximage-compiler-option
10-11 15:39:02.126 I/art     (  583): option[26]=--compiler-filter=verify-at-runtime
10-11 15:39:02.126 I/art     (  583): option[27]=-Ximage-compiler-option
10-11 15:39:02.126 I/art     (  583): option[28]=--image-classes=/system/etc/preloaded-classes
10-11 15:39:02.126 I/art     (  583): option[29]=-Ximage-compiler-option
10-11 15:39:02.126 I/art     (  583): option[30]=--compiled-classes=/system/etc/compiled-classes
10-11 15:39:02.126 I/art     (  583): option[31]=-Xcompiler-option
10-11 15:39:02.126 I/art     (  583): option[32]=--runtime-arg
10-11 15:39:02.126 I/art     (  583): option[33]=-Xcompiler-option
10-11 15:39:02.126 I/art     (  583): option[34]=-Xms64m
10-11 15:39:02.126 I/art     (  583): option[35]=-Xcompiler-option
10-11 15:39:02.126 I/art     (  583): option[36]=--runtime-arg
10-11 15:39:02.126 I/art     (  583): option[37]=-Xcompiler-option
10-11 15:39:02.126 I/art     (  583): option[38]=-Xmx512m
10-11 15:39:02.126 I/art     (  583): option[39]=-Ximage-compiler-option
10-11 15:39:02.126 I/art     (  583): option[40]=--instruction-set-variant=cortex-a53
10-11 15:39:02.126 I/art     (  583): option[41]=-Xcompiler-option
10-11 15:39:02.126 I/art     (  583): option[42]=--instruction-set-variant=cortex-a53
10-11 15:39:02.126 I/art     (  583): option[43]=-Ximage-compiler-option
10-11 15:39:02.126 I/art     (  583): option[44]=--instruction-set-features=default
10-11 15:39:02.126 I/art     (  583): option[45]=-Xcompiler-option
10-11 15:39:02.126 I/art     (  583): option[46]=--instruction-set-features=default
10-11 15:39:02.126 I/art     (  583): option[47]=-Duser.locale=en-US
10-11 15:39:02.126 I/art     (  583): option[48]=--cpu-abilist=armeabi-v7a,armeabi
10-11 15:39:02.126 I/art     (  583): option[49]=-Xfingerprint:OPPO/R9s/R9s:6.0.1/MMB29M/1390465867:user/release-keys
10-11 15:39:02.148 I/art     (  583): Pruning dalvik-cache since we are generating an image and will need to recompile
10-11 15:39:02.156 I/art     (  583): Using an offset of 0xff273000 from default art base address of 0x70000000
10-11 15:39:02.156 I/art     (  583): GenerateImage: /system/bin/dex2oat --image=/data/dalvik-cache/arm/system@framework@boot.art --dex-file=/system/framework/core-oj.jar --dex-file=/system/framework/core-libart.jar --dex-file=/system/framework/conscrypt.jar --dex-file=/system/framework/okhttp.jar --dex-file=/system/framework/core-junit.jar --dex-file=/system/framework/bouncycastle.jar --dex-file=/system/framework/ext.jar --dex-file=/system/framework/framework.jar --dex-file=/system/framework/telephony-common.jar --dex-file=/system/framework/voip-common.jar --dex-file=/system/framework/ims-common.jar --dex-file=/system/framework/apache-xml.jar --dex-file=/system/framework/org.apache.http.legacy.boot.jar --dex-file=/system/framework/telephony-ext.jar --oat-file=/data/dalvik-cache/arm/system@framework@boot.oat --instruction-set=arm --instruction-set-features=smp,div,atomic_ldrd_strd --base=0x6f273000 --runtime-arg -Xms64m --runtime-arg -Xmx64m --compiler-filter=verify-at-runtime --image-classes=/system/etc/preloaded-classes --compiled-classes=/sys
10-11 15:39:02.194 D/SurfaceFlinger(  540): SF. shader cache generated - 26 shaders in 264.326263 ms
10-11 15:39:02.196 D/SurfaceFlinger(  540): Set power mode=2, type=0 flinger=0x7f8ba48000
10-11 15:39:02.196 I/SDM     (  540): HWCDisplay::SetPowerMode: display = 0, mode = 2
10-11 15:39:02.196 I/SDM     (  540): DisplayBase::SetDisplayState: Set state = 1, display 0
10-11 15:39:02.212 D/qdutils (  540): DEBUG_CALC_FPS: 0
10-11 15:39:02.212 D/qdutils (  540): period: 10
10-11 15:39:02.212 D/qdutils (  540): ignorethresh_us: 500000
10-11 15:39:02.215 I/dex2oat (  945): /system/bin/dex2oat --image=/data/dalvik-cache/arm/system@framework@boot.art --dex-file=/system/framework/core-oj.jar --dex-file=/system/framework/core-libart.jar --dex-file=/system/framework/conscrypt.jar --dex-file=/system/framework/okhttp.jar --dex-file=/system/framework/core-junit.jar --dex-file=/system/framework/bouncycastle.jar --dex-file=/system/framework/ext.jar --dex-file=/system/framework/framework.jar --dex-file=/system/framework/telephony-common.jar --dex-file=/system/framework/voip-common.jar --dex-file=/system/framework/ims-common.jar --dex-file=/system/framework/apache-xml.jar --dex-file=/system/framework/org.apache.http.legacy.boot.jar --dex-file=/system/framework/telephony-ext.jar --oat-file=/data/dalvik-cache/arm/system@framework@boot.oat --instruction-set=arm --instruction-set-features=smp,div,atomic_ldrd_strd --base=0x6f273000 --runtime-arg -Xms64m --runtime-arg -Xmx64m --compiler-filter=verify-at-runtime --image-classes=/system/etc/preloaded-classes --compiled-classes=/system/etc/compile
10-11 15:39:02.223 I/mm-camera(  616): < INFO> 420: void init(): memleak lib init.
10-11 15:39:02.223 I/mm-camera(  616): < INFO> 439: void init(): memleak tracer not attached
10-11 15:39:02.280 I/dex2oat (  945): setting boot class path to /system/framework/core-oj.jar:/system/framework/core-libart.jar:/system/framework/conscrypt.jar:/system/framework/okhttp.jar:/system/framework/core-junit.jar:/system/framework/bouncycastle.jar:/system/framework/ext.jar:/system/framework/framework.jar:/system/framework/telephony-common.jar:/system/framework/voip-common.jar:/system/framework/ims-common.jar:/system/framework/apache-xml.jar:/system/framework/org.apache.http.legacy.boot.jar:/system/framework/telephony-ext.jar
10-11 15:39:02.301 D/ICU     (  580): No timezone override file found: /data/misc/zoneinfo/current/icu/icu_tzdata.dat
10-11 15:39:02.394 W/art     (  580): Before Android 4.1, method double java.util.concurrent.ThreadLocalRandom.internalNextDouble(double, double) would have incorrectly overridden the package-private method in java.util.Random
10-11 15:39:02.394 W/art     (  580): Before Android 4.1, method int java.util.concurrent.ThreadLocalRandom.internalNextInt(int, int) would have incorrectly overridden the package-private method in java.util.Random
10-11 15:39:02.394 W/art     (  580): Before Android 4.1, method long java.util.concurrent.ThreadLocalRandom.internalNextLong(long, long) would have incorrectly overridden the package-private method in java.util.Random
10-11 15:39:02.577 V/libsettings(  601): [3e7]> QcSettingsD::ProtoSource::ProtoSource(const std::string &, bool): tag: /dev/socket/settingsd
10-11 15:39:02.577 D/libsettings(  601): [3e7]Main Loop created
10-11 15:39:02.577 D/libsettings(  601): [3e7]current main loop set: true
10-11 15:39:02.577 D/help_/dev/socket/settingsd(  601): Command help_/dev/socket/settingsd
10-11 15:39:02.577 V/libsettings(  601): [3e7]> static void QcSettingsD::CommandRegistry::registerCommand(const std::string &, const std::shared_ptr<Command> &): help_/dev/socket/settingsd
10-11 15:39:02.577 V/libsettings(  601): [3e7]> static std::shared_ptr<CommandRegistry> QcSettingsD::CommandRegistry::getRegistry(const std::string &): default
10-11 15:39:02.577 V/libsettings(  601): [3e7]< static std::shared_ptr<CommandRegistry> QcSettingsD::CommandRegistry::getRegistry(const std::string &): 
10-11 15:39:02.577 V/libsettings(  601): [3e7]> void QcSettingsD::CommandRegistry::doRegisterCommand(const std::string &, const std::shared_ptr<Command> &): (default) help_/dev/socket/settingsd
10-11 15:39:02.577 V/libsettings(  601): [3e7]< void QcSettingsD::CommandRegistry::doRegisterCommand(const std::string &, const std::shared_ptr<Command> &): 
10-11 15:39:02.577 V/libsettings(  601): [3e7]< static void QcSettingsD::CommandRegistry::registerCommand(const std::string &, const std::shared_ptr<Command> &): 
10-11 15:39:02.577 V/libsettings(  601): [3e7]> static std::shared_ptr<CommandRegistry> QcSettingsD::CommandRegistry::getRegistry(const std::string &): default
10-11 15:39:02.577 V/libsettings(  601): [3e7]< static std::shared_ptr<CommandRegistry> QcSettingsD::CommandRegistry::getRegistry(const std::string &): 
10-11 15:39:02.577 V/libsettings(  601): [3e7]> bool QcSettingsD::Command::enqueue(const QcSettingsD::CommandParameters &, QcSettingsD::CommandResults &, const callback_t &): 
10-11 15:39:02.577 D/libsettings(  601): [3e7]enqueueing command
10-11 15:39:02.577 D/CommandEvent(  601): 
10-11 15:39:02.577 V/libsettings(  601): [3e7]> void QcSettingsD::MainLoop::localQueueEvent(std::shared_ptr<Event> &): 
10-11 15:39:02.577 V/libsettings(  601): [3e7]< void QcSettingsD::MainLoop::localQueueEvent(std::shared_ptr<Event> &): 
10-11 15:39:02.577 V/libsettings(  601): [3e7]< bool QcSettingsD::Command::enqueue(const QcSettingsD::CommandParameters &, QcSettingsD::CommandResults &, const callback_t &): ret: 1
10-11 15:39:02.577 V/libsettings(  601): [3e7]< QcSettingsD::ProtoSource::ProtoSource(const std::string &, bool): 
10-11 15:39:02.577 D//dev/socket/settingsd(  601): QcSettingsD::ClientSocket<QcSettingsD::ProtoSource>::ClientSocket(const std::string &, const std::string &, int, int, int) [T = QcSettingsD::ProtoSource] ( /dev/socket/settingsd, /dev/socket/settingsd, 1, 1, 0)
10-11 15:39:02.577 D//dev/socket/settingsd(  601): int QcSettingsD::ClientSocket<QcSettingsD::ProtoSource>::connect() [T = QcSettingsD::ProtoSource]: ret: -1. fd: 30. errno: 2
10-11 15:39:02.577 E//dev/socket/settingsd(  601): int QcSettingsD::ClientSocket<QcSettingsD::ProtoSource>::connect() [T = QcSettingsD::ProtoSource]: connect: No such file or directory(2)
10-11 15:39:02.577 D//dev/socket/settingsd(  601): Closing fd 30
10-11 15:39:02.577 V/libsettings(  601): [3e7]> virtual QcSettingsD::ProtoSource::~ProtoSource(): tag: /dev/socket/settingsd
10-11 15:39:02.578 D/libsettings(  601): [3e7]De-registering command help_/dev/socket/settingsd
10-11 15:39:02.578 V/libsettings(  601): [3e7]> static void QcSettingsD::CommandRegistry::deRegisterCommand(const std::string &): help_/dev/socket/settingsd
10-11 15:39:02.578 V/libsettings(  601): [3e7]> static std::shared_ptr<CommandRegistry> QcSettingsD::CommandRegistry::getRegistry(const std::string &): default
10-11 15:39:02.578 V/libsettings(  601): [3e7]< static std::shared_ptr<CommandRegistry> QcSettingsD::CommandRegistry::getRegistry(const std::string &): 
10-11 15:39:02.578 V/libsettings(  601): [3e7]> void QcSettingsD::CommandRegistry::doDeRegisterCommand(const std::string &): default(help_/dev/socket/settingsd)
10-11 15:39:02.578 V/libsettings(  601): [3e7]< void QcSettingsD::CommandRegistry::doDeRegisterCommand(const std::string &): 
10-11 15:39:02.578 V/libsettings(  601): [3e7]< static void QcSettingsD::CommandRegistry::deRegisterCommand(const std::string &): 
10-11 15:39:02.578 V/libsettings(  601): [3e7]< virtual QcSettingsD::ProtoSource::~ProtoSource(): 
10-11 15:39:02.584 D/PerMgrLib(  601): QCRIL voting for modem
10-11 15:39:02.584 D/PerMgrSrv(  537): QCRIL voting for modem
10-11 15:39:02.584 D/PerMgrSrv(  537): modem num voters is 2
10-11 15:39:02.585 E/QMI_FW  (  601): QMUXD: WARNING qmi_qmux_if_pwr_up_init failed! rc=-6
10-11 15:39:02.603 D/libEGL  (  949): loaded /vendor/lib64/egl/libEGL_adreno.so
10-11 15:39:02.604 D/tftp_server(  530): pid=530 tid=530 tftp-server : DBG :[tftp_os_wakelocks_la.c, 304] Wake-lock acquired successfully
10-11 15:39:02.604 D/tftp_server(  530): pid=530 tid=530 tftp-server : DBG :[tftp_server.c, 597] Server waiting for client-connection.
10-11 15:39:02.605 D/tftp_server(  530): pid=530 tid=1010 tftp-server : DBG :[tftp_server_utils.c, 101] Normalized file [/readwrite/server_check.txt] to : [/system/rfs/msm/mpss/readwrite/server_chec
10-11 15:39:02.605 D/tftp_server(  530): pid=530 tid=1010 tftp-server : DBG :[tftp_server.c, 721] Using temp file[/system/rfs/msm/mpss/readwrite/server_check.txt.rfs_tmp] for atomic put
10-11 15:39:02.606 I/ThermalEngine(  568): MODEM thermal mitigation available.
10-11 15:39:02.607 I/ThermalEngine(  568): ACTION: MODEM - Pending request: pa mitigation succeeded for level 0.
10-11 15:39:02.607 I/ThermalEngine(  568): Mitigation:Modem:0
10-11 15:39:02.607 I/ThermalEngine(  568): ACTION: MODEM - Pending request: cpuv_restriction_cold mitigation succeeded for level 0.
10-11 15:39:02.607 I/ThermalEngine(  568): Mitigation:VDD[MODEM-cpuv_restriction_cold]:0
10-11 15:39:02.608 I/ThermalEngine(  568): ACTION: MODEM - Pending request: modem mitigation succeeded for level 0.
10-11 15:39:02.608 I/ThermalEngine(  568): Mitigation:VDD[MODEM-modem]:0
10-11 15:39:02.608 I/ThermalEngine(  568): ACTION: MODEM - Pending request: modem_current mitigation succeeded for level 0.
10-11 15:39:02.608 I/ThermalEngine(  568): Mitigation:VDD[MODEM-modem_current]:0
10-11 15:39:02.610 D/tftp_server(  530): pid=530 tid=1010 tftp-server : DBG :[tftp_protocol.c, 1301] Sent last ACK: *Waiting* on reply.
10-11 15:39:02.613 E/QC-time-services(  567): Daemon:genoff_modem_qmi_service_request: qmi_client_get_service_list returned 0num_services 1
10-11 15:39:02.620 D/libEGL  (  949): loaded /vendor/lib64/egl/libGLESv1_CM_adreno.so
10-11 15:39:02.625 D/QC-time-services(  567): Daemon:genoff_modem_qmi_service_request: Initial transaction successfull
10-11 15:39:02.629 D/libEGL  (  949): loaded /vendor/lib64/egl/libGLESv2_adreno.so
10-11 15:39:02.643 I/Adreno  (  949): QUALCOMM build                   : ead2395, I23cc4685e6
10-11 15:39:02.643 I/Adreno  (  949): Build Date                       : 04/11/17
10-11 15:39:02.643 I/Adreno  (  949): OpenGL ES Shader Compiler Version: XE031.09.00.04
10-11 15:39:02.643 I/Adreno  (  949): Local Branch                     : 
10-11 15:39:02.643 I/Adreno  (  949): Remote Branch                    : quic/gfx-adreno.lnx.1.0.r5-rel
10-11 15:39:02.643 I/Adreno  (  949): Remote Branch                    : NONE
10-11 15:39:02.643 I/Adreno  (  949): Reconstruct Branch               : NOTHING
10-11 15:39:02.771 I/Radio-JNI(  580): register_android_hardware_Radio DONE
10-11 15:39:02.835 I/SamplingProfilerIntegration(  580): Profiling disabled.
10-11 15:39:02.837 D/Zygote  (  580): begin preload
10-11 15:39:02.837 I/Zygote  (  580): Installing ICU cache reference pinning...
10-11 15:39:02.837 I/Zygote  (  580): Preloading ICU data...
10-11 15:39:03.023 V/libsettings(  723): [447]> QcSettingsD::ProtoSource::ProtoSource(const std::string &, bool): tag: /dev/socket/settingsd
10-11 15:39:03.023 D/libsettings(  723): [447]Main Loop created
10-11 15:39:03.023 D/libsettings(  723): [447]current main loop set: true
10-11 15:39:03.023 D/help_/dev/socket/settingsd(  723): Command help_/dev/socket/settingsd
10-11 15:39:03.023 V/libsettings(  723): [447]> static void QcSettingsD::CommandRegistry::registerCommand(const std::string &, const std::shared_ptr<Command> &): help_/dev/socket/settingsd
10-11 15:39:03.023 V/libsettings(  723): [447]> static std::shared_ptr<CommandRegistry> QcSettingsD::CommandRegistry::getRegistry(const std::string &): default
10-11 15:39:03.023 V/libsettings(  723): [447]< static std::shared_ptr<CommandRegistry> QcSettingsD::CommandRegistry::getRegistry(const std::string &): 
10-11 15:39:03.023 V/libsettings(  723): [447]> void QcSettingsD::CommandRegistry::doRegisterCommand(const std::string &, const std::shared_ptr<Command> &): (default) help_/dev/socket/settingsd
10-11 15:39:03.023 V/libsettings(  723): [447]< void QcSettingsD::CommandRegistry::doRegisterCommand(const std::string &, const std::shared_ptr<Command> &): 
10-11 15:39:03.023 V/libsettings(  723): [447]< static void QcSettingsD::CommandRegistry::registerCommand(const std::string &, const std::shared_ptr<Command> &): 
10-11 15:39:03.023 V/libsettings(  723): [447]> static std::shared_ptr<CommandRegistry> QcSettingsD::CommandRegistry::getRegistry(const std::string &): default
10-11 15:39:03.023 V/libsettings(  723): [447]< static std::shared_ptr<CommandRegistry> QcSettingsD::CommandRegistry::getRegistry(const std::string &): 
10-11 15:39:03.023 V/libsettings(  723): [447]> bool QcSettingsD::Command::enqueue(const QcSettingsD::CommandParameters &, QcSettingsD::CommandResults &, const callback_t &): 
10-11 15:39:03.023 D/libsettings(  723): [447]enqueueing command
10-11 15:39:03.023 D/CommandEvent(  723): 
10-11 15:39:03.023 V/libsettings(  723): [447]> void QcSettingsD::MainLoop::localQueueEvent(std::shared_ptr<Event> &): 
10-11 15:39:03.023 V/libsettings(  723): [447]< void QcSettingsD::MainLoop::localQueueEvent(std::shared_ptr<Event> &): 
10-11 15:39:03.023 V/libsettings(  723): [447]< bool QcSettingsD::Command::enqueue(const QcSettingsD::CommandParameters &, QcSettingsD::CommandResults &, const callback_t &): ret: 1
10-11 15:39:03.023 V/libsettings(  723): [447]< QcSettingsD::ProtoSource::ProtoSource(const std::string &, bool): 
10-11 15:39:03.023 D//dev/socket/settingsd(  723): QcSettingsD::ClientSocket<QcSettingsD::ProtoSource>::ClientSocket(const std::string &, const std::string &, int, int, int) [T = QcSettingsD::ProtoSource] ( /dev/socket/settingsd, /dev/socket/settingsd, 1, 1, 0)
10-11 15:39:03.023 D//dev/socket/settingsd(  723): int QcSettingsD::ClientSocket<QcSettingsD::ProtoSource>::connect() [T = QcSettingsD::ProtoSource]: ret: -1. fd: 31. errno: 2
10-11 15:39:03.023 E//dev/socket/settingsd(  723): int QcSettingsD::ClientSocket<QcSettingsD::ProtoSource>::connect() [T = QcSettingsD::ProtoSource]: connect: No such file or directory(2)
10-11 15:39:03.023 D//dev/socket/settingsd(  723): Closing fd 31
10-11 15:39:03.023 V/libsettings(  723): [447]> virtual QcSettingsD::ProtoSource::~ProtoSource(): tag: /dev/socket/settingsd
10-11 15:39:03.023 D/libsettings(  723): [447]De-registering command help_/dev/socket/settingsd
10-11 15:39:03.023 V/libsettings(  723): [447]> static void QcSettingsD::CommandRegistry::deRegisterCommand(const std::string &): help_/dev/socket/settingsd
10-11 15:39:03.023 V/libsettings(  723): [447]> static std::shared_ptr<CommandRegistry> QcSettingsD::CommandRegistry::getRegistry(const std::string &): default
10-11 15:39:03.023 V/libsettings(  723): [447]< static std::shared_ptr<CommandRegistry> QcSettingsD::CommandRegistry::getRegistry(const std::string &): 
10-11 15:39:03.024 V/libsettings(  723): [447]> void QcSettingsD::CommandRegistry::doDeRegisterCommand(const std::string &): default(help_/dev/socket/settingsd)
10-11 15:39:03.024 V/libsettings(  723): [447]< void QcSettingsD::CommandRegistry::doDeRegisterCommand(const std::string &): 
10-11 15:39:03.024 V/libsettings(  723): [447]< static void QcSettingsD::CommandRegistry::deRegisterCommand(const std::string &): 
10-11 15:39:03.024 V/libsettings(  723): [447]< virtual QcSettingsD::ProtoSource::~ProtoSource(): 
10-11 15:39:03.025 D/PerMgrLib(  723): QCRIL voting for modem
10-11 15:39:03.025 D/PerMgrSrv(  537): QCRIL voting for modem
10-11 15:39:03.025 D/PerMgrSrv(  537): modem num voters is 3
10-11 15:39:03.026 E/QMI_FW  (  723): QMUXD: WARNING qmi_qmux_if_pwr_up_init failed! rc=-6
10-11 15:39:03.152 I/Zygote  (  580): Preloading classes...
10-11 15:39:03.165 W/Zygote  (  580): Class not found for preloading: [Landroid.view.Display$ColorTransform;
10-11 15:39:03.212 E/audio_route(  585): Failed to open /system/etc/sound_trigger_mixer_paths.xml
10-11 15:39:03.215 E/sound_trigger_platform(  585): platform_stdev_init: ERROR. Failed to init audio route controls, aborting.
10-11 15:39:03.215 E/sound_trigger_hw(  585): stdev_open: ERROR. platform init failed
10-11 15:39:03.215 D/sound_trigger_hw(  585): stdev_open: Exit status -19
10-11 15:39:03.215 E/SoundTriggerHwService(  585): couldn't open sound trigger hw device in sound_trigger.primary (No such device)
10-11 15:39:03.731 V/libsettings(  601): [37c]> static std::shared_ptr<CommandRegistry> QcSettingsD::CommandRegistry::getRegistry(const std::string &): remote
10-11 15:39:03.732 V/libsettings(  601): [37c]< static std::shared_ptr<CommandRegistry> QcSettingsD::CommandRegistry::getRegistry(const std::string &): 
10-11 15:39:03.958 E/Typeface(  580): Error mapping font file /system/fonts/DroidSansFallback.ttf
10-11 15:39:04.010 E/QMI_FW  (  737): QMUXD: WARNING qmi_qmux_if_pwr_up_init failed! rc=-6
10-11 15:39:04.161 D/tftp_server(  530): pid=530 tid=1010 tftp-server : DBG :[tftp_protocol.c, 1310] Success! No timeout detected on last ACK
10-11 15:39:04.162 D/tftp_server(  530): pid=530 tid=1010 tftp-server : DBG :[tftp_server.c, 1267] WRQ stats : total-blocks = 1 : total-bytes = 5 : 5 timedout-pkts = 0, wrong-pkts = 0
10-11 15:39:04.162 D/tftp_server(  530): pid=530 tid=1010 tftp-server : DBG :[tftp_server.c, 1283] WRQ was successfully processed.
10-11 15:39:04.162 D/tftp_server(  530): pid=530 tid=1010 tftp-server : DBG :[tftp_server.c, 1514] WRQ stats in us:
10-11 15:39:04.162 D/tftp_server(  530): pid=530 tid=1010 tftp-server : DBG :[tftp_server.c, 1515] Total API = 1556937
10-11 15:39:04.162 D/tftp_server(  530): pid=530 tid=1010 tftp-server : DBG :[tftp_server.c, 1517] Total-TX = 113
10-11 15:39:04.162 D/tftp_server(  530): pid=530 tid=1010 tftp-server : DBG :[tftp_server.c, 1519] Total-RX = 249
10-11 15:39:04.162 D/tftp_server(  530): pid=530 tid=1010 tftp-server : DBG :[tftp_server.c, 1521] Max-TX = 61
10-11 15:39:04.162 D/tftp_server(  530): pid=530 tid=1010 tftp-server : DBG :[tftp_server.c, 1523] Max-RX = 249
10-11 15:39:04.162 D/tftp_server(  530): pid=530 tid=1010 tftp-server : DBG :[tftp_server.c, 1525] Min-TX = 52
10-11 15:39:04.162 D/tftp_server(  530): pid=530 tid=1010 tftp-server : DBG :[tftp_server.c, 1527] Min-RX = 249
10-11 15:39:04.162 D/tftp_server(  530): pid=530 tid=1010 tftp-server : DBG :[tftp_os_wakelocks_la.c, 334] Wake-lock released successfully
10-11 15:39:04.278 V/NatController(  600): runCmd(/system/bin/iptables -w -F natctrl_FORWARD) res=0
10-11 15:39:04.289 V/NatController(  600): runCmd(/system/bin/ip6tables -w -F natctrl_FORWARD) res=0
10-11 15:39:04.298 V/NatController(  600): runCmd(/system/bin/iptables -w -A natctrl_FORWARD -j DROP) res=0
10-11 15:39:04.308 V/NatController(  600): runCmd(/system/bin/iptables -w -t nat -F natctrl_nat_POSTROUTING) res=0
10-11 15:39:04.318 V/NatController(  600): runCmd(/system/bin/ip6tables -w -t raw -F natctrl_raw_PREROUTING) res=0
10-11 15:39:04.327 V/NatController(  600): runCmd(/system/bin/iptables -w -F natctrl_tether_counters) res=1
10-11 15:39:04.338 V/NatController(  600): runCmd(/system/bin/ip6tables -w -F natctrl_tether_counters) res=1
10-11 15:39:04.348 V/NatController(  600): runCmd(/system/bin/iptables -w -X natctrl_tether_counters) res=1
10-11 15:39:04.358 V/NatController(  600): runCmd(/system/bin/ip6tables -w -X natctrl_tether_counters) res=1
10-11 15:39:04.369 V/NatController(  600): runCmd(/system/bin/iptables -w -N natctrl_tether_counters) res=0
10-11 15:39:04.378 V/NatController(  600): runCmd(/system/bin/ip6tables -w -N natctrl_tether_counters) res=0
10-11 15:39:04.388 V/NatController(  600): runCmd(/system/bin/iptables -w -t mangle -A natctrl_mangle_FORWARD -p tcp --tcp-flags SYN SYN -j TCPMSS --clamp-mss-to-pmtu) res=0
10-11 15:39:04.514 E/Netd    (  600): Unable to create netlink socket: Protocol not supported
10-11 15:39:04.515 W/Netd    (  600): Unable to open qlog quota socket, check if xt_quota2 can send via UeventHandler
10-11 15:39:04.515 D/MDnsDS  (  600): MDnsSdListener::Hander starting up
10-11 15:39:04.515 D/MDnsDS  (  600): MDnsSdListener starting to monitor
10-11 15:39:04.515 D/MDnsDS  (  600): Going to poll with pollCount 1
10-11 15:39:04.518 I/Netd    (  600): Netd started in 3415ms
10-11 15:39:04.707 I/dex2oat (  945): Explicit concurrent mark sweep GC freed 7869(1469KB) AllocSpace objects, 0(0B) LOS objects, 66% free, 1829KB/5MB, paused 78us total 15.020ms
10-11 15:39:05.096 W/BatteryNotifier(  585): batterystats service unavailable!
10-11 15:39:05.098 W/BatteryNotifier(  585): batterystats service unavailable!
10-11 15:39:05.102 W/BatteryNotifier(  585): batterystats service unavailable!
10-11 15:39:05.113 W/BatteryNotifier(  585): batterystats service unavailable!
10-11 15:39:05.885 I/dex2oat (  945): dex2oat took 3.671s (threads: 8) arena alloc=0B (0B) java alloc=1833KB (1877264B) native alloc=7MB (7870840B) free=5MB (6284936B)
10-11 15:39:05.937 D/ICU     (  583): No timezone override file found: /data/misc/zoneinfo/current/icu/icu_tzdata.dat
10-11 15:39:05.969 I/art     (  580): Thread[1,tid=580,Native,Thread*=0x7fa8a96a00,peer=0x12c420d0,"main"] recursive attempt to load library "/system/lib64/libmedia_jni.so"
10-11 15:39:05.970 D/MtpDeviceJNI(  580): register_android_mtp_MtpDevice
10-11 15:39:05.972 I/art     (  580): Thread[1,tid=580,Native,Thread*=0x7fa8a96a00,peer=0x12c420d0,"main"] recursive attempt to load library "/system/lib64/libmedia_jni.so"
10-11 15:39:05.972 I/art     (  580): Thread[1,tid=580,Native,Thread*=0x7fa8a96a00,peer=0x12c420d0,"main"] recursive attempt to load library "/system/lib64/libmedia_jni.so"
10-11 15:39:05.984 F/MediaProfiles(  580): frameworks/av/media/libmedia/MediaProfiles.cpp:277 CHECK(codec != -1) failed.
--------- beginning of crash
10-11 15:39:05.985 F/libc    (  580): Fatal signal 6 (SIGABRT), code -6 in tid 580 (main)
10-11 15:39:05.985 W/        (  446): debuggerd: handling request: pid=580 uid=9999 gid=9999 tid=580
10-11 15:39:05.985 W/art     (  583): Before Android 4.1, method double java.util.concurrent.ThreadLocalRandom.internalNextDouble(double, double) would have incorrectly overridden the package-private method in java.util.Random
10-11 15:39:05.985 W/art     (  583): Before Android 4.1, method int java.util.concurrent.ThreadLocalRandom.internalNextInt(int, int) would have incorrectly overridden the package-private method in java.util.Random
10-11 15:39:05.985 W/art     (  583): Before Android 4.1, method long java.util.concurrent.ThreadLocalRandom.internalNextLong(long, long) would have incorrectly overridden the package-private method in java.util.Random
10-11 15:39:05.987 E/        ( 1369): debuggerd: attached task 580 does not match request: expected pid=580,uid=9999,gid=9999, actual pid=580,uid=0,gid=0
10-11 15:39:05.988 W/        (  446): debuggerd: resuming target 580
10-11 15:39:06.009 I/ServiceManager(  539): service 'media.player' died
10-11 15:39:06.009 I/ServiceManager(  539): service 'media.resource_manager' died
10-11 15:39:06.016 I/ServiceManager(  539): service 'netd' died
10-11 15:39:06.016 I/ServiceManager(  539): service 'media.camera' died
10-11 15:39:06.045 I/Netd    ( 1374): Netd 1.0 starting
10-11 15:39:06.046 D/TetherController( 1374): Setting IP forward enable = 0
10-11 15:39:06.054 D/QtiConnectivityAdapter( 1374): Successfully loaded libconnectivitycontroller
10-11 15:39:06.054 D/        ( 1374): initConnectivityController cons 
10-11 15:39:06.054 D/ConnectivityController( 1374): QtiTetherCommand cons done
10-11 15:39:06.054 I/libconnctrl( 1374): Creating a NetlinkRelay
10-11 15:39:06.117 I/MSM-irqbalance(  689): Discovered a new IRQ: 154
10-11 15:39:06.118 I/MSM-irqbalance(  689): Discovered a new IRQ: 155
10-11 15:39:06.120 I/cameraserver( 1372): ServiceManager: 0xf65196e0
10-11 15:39:06.120 I/CameraService( 1372): CameraService started (pid=1372)
10-11 15:39:06.120 I/CameraService( 1372): CameraService process starting
10-11 15:39:06.120 W/BatteryNotifier( 1372): batterystats service unavailable!
10-11 15:39:06.120 W/BatteryNotifier( 1372): batterystats service unavailable!
10-11 15:39:06.129 I/libconnctrl( 1374): NetlinkRelay constructor
10-11 15:39:06.129 E/        ( 1374): Failed to open libdatactrl, some features may not be present.
10-11 15:39:06.129 E/        ( 1374): Failed to open libcsm_data, some features may not be present.
10-11 15:39:06.136 E/HAL     ( 1372): load: module=/system/lib/hw/camera.msm8953.so
10-11 15:39:06.136 E/HAL     ( 1372): dlopen failed: cannot locate symbol "_ZN7android16CameraParameters26KEY_MAX_LONG_EXPOSURE_TIMEE" referenced by "/system/lib/hw/camera.msm8953.so"...
10-11 15:39:06.136 E/CameraService( 1372): Could not load camera HAL module: -22 (Invalid argument)
10-11 15:39:06.149 I/        ( 1371): sMaxFastTracks = 8
10-11 15:39:06.150 I/audioserver( 1371): ServiceManager: 0xf68196e0
10-11 15:39:06.150 W/BatteryNotifier( 1371): batterystats service unavailable!
10-11 15:39:06.150 I/AudioFlinger( 1371): Using default 3000 mSec as standby time.
10-11 15:39:06.150 E/ServiceManager(  539): add_service('media.audio_flinger',9) uid=1041 - ALREADY REGISTERED, OVERRIDE
10-11 15:39:06.150 I/ServiceManager(  539): service 'media.audio_flinger' died
10-11 15:39:06.150 I/AudioPolicyService( 1371): AudioPolicyService CSTOR in new mode
10-11 15:39:06.164 D/audio_hw_primary( 1371): adev_open: enter
10-11 15:39:06.183 D/msm8916_platform( 1371): platform_init: snd_card_name: msm8953-snd-card-mtp
10-11 15:39:06.183 D/msm8916_platform( 1371): platform_init: mixer path file is /system/etc/mixer_paths_mtp.xml
10-11 15:39:06.199 I/mediaserver( 1373): ServiceManager: 0xf5f19740
10-11 15:39:06.199 W/BatteryNotifier( 1373): batterystats service unavailable!
10-11 15:39:06.207 I/Radio-JNI(  583): register_android_hardware_Radio DONE
10-11 15:39:06.278 I/SamplingProfilerIntegration(  583): Profiling disabled.
10-11 15:39:06.280 D/Zygote  (  583): begin preload
10-11 15:39:06.280 I/Zygote  (  583): Installing ICU cache reference pinning...
10-11 15:39:06.281 I/Zygote  (  583): Preloading ICU data...
10-11 15:39:06.449 D/AndroidRuntime( 1370): >>>>>> START com.android.internal.os.ZygoteInit uid 0 <<<<<<
10-11 15:39:06.453 D/AndroidRuntime( 1370): CheckJNI is ON
10-11 15:39:06.454 I/art     ( 1370): option[0]=-Xzygote
10-11 15:39:06.454 I/art     ( 1370): option[1]=-Xcheck:jni
10-11 15:39:06.454 I/art     ( 1370): option[2]=-Xstacktracefile:/data/anr/traces.txt
10-11 15:39:06.454 I/art     ( 1370): option[3]=exit
10-11 15:39:06.454 I/art     ( 1370): option[4]=vfprintf
10-11 15:39:06.454 I/art     ( 1370): option[5]=sensitiveThread
10-11 15:39:06.454 I/art     ( 1370): option[6]=-verbose:gc
10-11 15:39:06.454 I/art     ( 1370): option[7]=-Xms8m
10-11 15:39:06.454 I/art     ( 1370): option[8]=-Xmx768m
10-11 15:39:06.454 I/art     ( 1370): option[9]=-XX:HeapGrowthLimit=288m
10-11 15:39:06.454 I/art     ( 1370): option[10]=-XX:HeapMinFree=512k
10-11 15:39:06.454 I/art     ( 1370): option[11]=-XX:HeapMaxFree=8m
10-11 15:39:06.454 I/art     ( 1370): option[12]=-XX:HeapTargetUtilization=0.75
10-11 15:39:06.454 I/art     ( 1370): option[13]=-Xusejit:true
10-11 15:39:06.454 I/art     ( 1370): option[14]=-Xjitsaveprofilinginfo
10-11 15:39:06.454 I/art     ( 1370): option[15]=-agentlib:jdwp=transport=dt_android_adb,suspend=n,server=y
10-11 15:39:06.454 I/art     ( 1370): option[16]=-Xlockprofthreshold:500
10-11 15:39:06.454 I/art     ( 1370): option[17]=-Ximage-compiler-option
10-11 15:39:06.454 I/art     ( 1370): option[18]=--runtime-arg
10-11 15:39:06.454 I/art     ( 1370): option[19]=-Ximage-compiler-option
10-11 15:39:06.454 I/art     ( 1370): option[20]=-Xms64m
10-11 15:39:06.454 I/art     ( 1370): option[21]=-Ximage-compiler-option
10-11 15:39:06.454 I/art     ( 1370): option[22]=--runtime-arg
10-11 15:39:06.454 I/art     ( 1370): option[23]=-Ximage-compiler-option
10-11 15:39:06.454 I/art     ( 1370): option[24]=-Xmx64m
10-11 15:39:06.454 I/art     ( 1370): option[25]=-Ximage-compiler-option
10-11 15:39:06.454 I/art     ( 1370): option[26]=--compiler-filter=verify-at-runtime
10-11 15:39:06.454 I/art     ( 1370): option[27]=-Ximage-compiler-option
10-11 15:39:06.454 I/art     ( 1370): option[28]=--image-classes=/system/etc/preloaded-classes
10-11 15:39:06.454 I/art     ( 1370): option[29]=-Ximage-compiler-option
10-11 15:39:06.454 I/art     ( 1370): option[30]=--compiled-classes=/system/etc/compiled-classes
10-11 15:39:06.454 I/art     ( 1370): option[31]=-Xcompiler-option
10-11 15:39:06.454 I/art     ( 1370): option[32]=--runtime-arg
10-11 15:39:06.454 I/art     ( 1370): option[33]=-Xcompiler-option
10-11 15:39:06.454 I/art     ( 1370): option[34]=-Xms64m
10-11 15:39:06.454 I/art     ( 1370): option[35]=-Xcompiler-option
10-11 15:39:06.454 I/art     ( 1370): option[36]=--runtime-arg
10-11 15:39:06.454 I/art     ( 1370): option[37]=-Xcompiler-option
10-11 15:39:06.454 I/art     ( 1370): option[38]=-Xmx512m
10-11 15:39:06.454 I/art     ( 1370): option[39]=-Ximage-compiler-option
10-11 15:39:06.454 I/art     ( 1370): option[40]=--instruction-set-variant=cortex-a53
10-11 15:39:06.454 I/art     ( 1370): option[41]=-Xcompiler-option
10-11 15:39:06.454 I/art     ( 1370): option[42]=--instruction-set-variant=cortex-a53
10-11 15:39:06.454 I/art     ( 1370): option[43]=-Ximage-compiler-option
10-11 15:39:06.454 I/art     ( 1370): option[44]=--instruction-set-features=default
10-11 15:39:06.454 I/art     ( 1370): option[45]=-Xcompiler-option
10-11 15:39:06.454 I/art     ( 1370): option[46]=--instruction-set-features=default
10-11 15:39:06.454 I/art     ( 1370): option[47]=-Duser.locale=en-US
10-11 15:39:06.454 I/art     ( 1370): option[48]=--cpu-abilist=arm64-v8a
10-11 15:39:06.454 I/art     ( 1370): option[49]=-Xfingerprint:OPPO/R9s/R9s:6.0.1/MMB29M/1390465867:user/release-keys
10-11 15:39:06.491 D/ICU     ( 1370): No timezone override file found: /data/misc/zoneinfo/current/icu/icu_tzdata.dat
10-11 15:39:06.533 W/art     ( 1370): Before Android 4.1, method double java.util.concurrent.ThreadLocalRandom.internalNextDouble(double, double) would have incorrectly overridden the package-private method in java.util.Random
10-11 15:39:06.533 W/art     ( 1370): Before Android 4.1, method int java.util.concurrent.ThreadLocalRandom.internalNextInt(int, int) would have incorrectly overridden the package-private method in java.util.Random
10-11 15:39:06.533 W/art     ( 1370): Before Android 4.1, method long java.util.concurrent.ThreadLocalRandom.internalNextLong(long, long) would have incorrectly overridden the package-private method in java.util.Random
10-11 15:39:06.592 I/Zygote  (  583): Preloading classes...
10-11 15:39:06.605 W/Zygote  (  583): Class not found for preloading: [Landroid.view.Display$ColorTransform;
10-11 15:39:06.726 I/Radio-JNI( 1370): register_android_hardware_Radio DONE
10-11 15:39:06.784 I/SamplingProfilerIntegration( 1370): Profiling disabled.
10-11 15:39:06.786 D/Zygote  ( 1370): begin preload
10-11 15:39:06.786 I/Zygote  ( 1370): Installing ICU cache reference pinning...
10-11 15:39:06.786 I/Zygote  ( 1370): Preloading ICU data...
10-11 15:39:07.050 I/Zygote  ( 1370): Preloading classes...
10-11 15:39:07.061 W/Zygote  ( 1370): Class not found for preloading: [Landroid.view.Display$ColorTransform;
10-11 15:39:07.258 I/ServiceManager(  539): service 'media.sound_trigger_hw' died
10-11 15:39:07.258 I/ServiceManager(  539): service 'media.radio' died
10-11 15:39:07.258 I/ServiceManager(  539): service 'media.audio_policy' died
10-11 15:39:07.262 E/audio_route( 1371): Control 'HPHL Volume' doesn't exist - skipping
10-11 15:39:07.262 E/audio_route( 1371): Control 'HPHR Volume' doesn't exist - skipping
10-11 15:39:07.263 E/audio_route( 1371): Control 'RX2 MIX2 INP2' doesn't exist - skipping
10-11 15:39:07.263 E/audio_route( 1371): Control 'RX1 MIX2 INP2' doesn't exist - skipping
10-11 15:39:07.263 E/audio_route( 1371): Control 'SpkrMono WSA_RDAC' doesn't exist - skipping
10-11 15:39:07.263 E/audio_route( 1371): Control 'SpkrMono BOOST Switch' doesn't exist - skipping
10-11 15:39:07.264 E/audio_route( 1371): Control 'SpkrMono VISENSE Switch' doesn't exist - skipping
10-11 15:39:07.264 E/audio_route( 1371): Control 'Program' doesn't exist - skipping
10-11 15:39:07.264 E/audio_route( 1371): Control 'PRI_MI2S_RX Port Mixer INT_BT_SCO_TX' doesn't exist - skipping
10-11 15:39:07.264 E/audio_route( 1371): Control 'INTERNAL_BT_SCO_RX Audio Mixer Multimedia6' doesn't exist - skipping
10-11 15:39:07.265 E/audio_route( 1371): Control 'MI2S_DL_HL Switch' doesn't exist - skipping
10-11 15:39:07.266 E/audio_route( 1371): Control 'MI2S_DL_HL Switch' doesn't exist - skipping
10-11 15:39:07.266 E/audio_route( 1371): unknown enum value string 16000 for ctl Internal BTSCO SampleRate
10-11 15:39:07.266 E/audio_route( 1371): Control 'QUIN_MI2S_RX Audio Mixer MultiMedia1' already exists in path 'deep-buffer-playback speaker-and-hdmi'
10-11 15:39:07.266 E/audio_route( 1371): Control 'QUIN_MI2S_RX Audio Mixer MultiMedia5' already exists in path 'low-latency-playback speaker-and-hdmi'
10-11 15:39:07.267 E/audio_route( 1371): Control 'QUIN_MI2S_RX Audio Mixer MultiMedia3' already exists in path 'audio-ull-playback speaker-and-hdmi'
10-11 15:39:07.267 E/audio_route( 1371): Control 'QUIN_MI2S_RX Audio Mixer MultiMedia4' already exists in path 'compress-offload-playback speaker-and-hdmi'
10-11 15:39:07.267 E/audio_route( 1371): Control 'QUIN_MI2S_RX Audio Mixer MultiMedia7' already exists in path 'compress-offload-playback2 speaker-and-hdmi'
