11-02 16:12:41.887 E/audio_route(  573): Control 'PRI_MI2S_RX Port Mixer INT_BT_SCO_TX' doesn't exist - skipping
11-02 16:12:41.888 E/audio_route(  573): Control 'INTERNAL_BT_SCO_RX Audio Mixer Multimedia6' doesn't exist - skipping
11-02 16:12:41.889 E/audio_route(  573): Control 'MI2S_DL_HL Switch' doesn't exist - skipping
11-02 16:12:41.889 E/audio_route(  573): Control 'MI2S_DL_HL Switch' doesn't exist - skipping
11-02 16:12:41.889 E/audio_route(  573): unknown enum value string 16000 for ctl Internal BTSCO SampleRate
11-02 16:12:41.890 E/audio_route(  573): Control 'QUIN_MI2S_RX Audio Mixer MultiMedia1' already exists in path 'deep-buffer-playback speaker-and-hdmi'
11-02 16:12:41.890 E/audio_route(  573): Control 'QUIN_MI2S_RX Audio Mixer MultiMedia5' already exists in path 'low-latency-playback speaker-and-hdmi'
11-02 16:12:41.890 E/audio_route(  573): Control 'QUIN_MI2S_RX Audio Mixer MultiMedia3' already exists in path 'audio-ull-playback speaker-and-hdmi'
11-02 16:12:41.891 E/audio_route(  573): Control 'QUIN_MI2S_RX Audio Mixer MultiMedia4' already exists in path 'compress-offload-playback speaker-and-hdmi'
11-02 16:12:41.891 E/audio_route(  573): Control 'QUIN_MI2S_RX Audio Mixer MultiMedia7' already exists in path 'compress-offload-playback2 speaker-and-hdmi'
11-02 16:12:41.891 E/audio_route(  573): Control 'QUIN_MI2S_RX Audio Mixer MultiMedia10' already exists in path 'compress-offload-playback3 speaker-and-hdmi'
11-02 16:12:41.891 E/audio_route(  573): Control 'QUIN_MI2S_RX Audio Mixer MultiMedia11' already exists in path 'compress-offload-playback4 speaker-and-hdmi'
11-02 16:12:41.891 E/audio_route(  573): Control 'QUIN_MI2S_RX Audio Mixer MultiMedia12' already exists in path 'compress-offload-playback5 speaker-and-hdmi'
11-02 16:12:41.891 E/audio_route(  573): Control 'QUIN_MI2S_RX Audio Mixer MultiMedia13' already exists in path 'compress-offload-playback6 speaker-and-hdmi'
11-02 16:12:41.892 E/audio_route(  573): Control 'QUIN_MI2S_RX Audio Mixer MultiMedia14' already exists in path 'compress-offload-playback7 speaker-and-hdmi'
11-02 16:12:41.892 E/audio_route(  573): Control 'MultiMedia8 Mixer TERT_MI2S_TX' doesn't exist - skipping
11-02 16:12:41.892 E/audio_route(  573): unknown enum value string 16000 for ctl Internal BTSCO SampleRate
11-02 16:12:41.892 E/audio_route(  573): unknown enum value string 16000 for ctl Internal BTSCO SampleRate
11-02 16:12:41.893 D/QSEECOMAPI(  578): QSEECom_get_handle sb_length = 0xa000
11-02 16:12:41.893 D/QSEECOMAPI(  578): App is already loaded QSEE and app id = 65537
11-02 16:12:41.893 E/audio_route(  573): Control 'MI2S_DL_HL Switch' doesn't exist - skipping
11-02 16:12:41.893 E/audio_route(  573): unknown enum value string 16000 for ctl Internal BTSCO SampleRate
11-02 16:12:41.894 E/audio_route(  573): unknown enum value string 16000 for ctl Internal BTSCO SampleRate
11-02 16:12:41.895 E/audio_route(  573): Control 'Configuration' doesn't exist - skipping
11-02 16:12:41.895 E/audio_route(  573): Control 'Program' doesn't exist - skipping
11-02 16:12:41.896 E/audio_route(  573): Control 'DAC Playback Volume' doesn't exist - skipping
11-02 16:12:41.896 E/audio_route(  573): Control 'SpkrMono WSA_RDAC' doesn't exist - skipping
11-02 16:12:41.896 E/audio_route(  573): Control 'SpkrMono VISENSE Switch' doesn't exist - skipping
11-02 16:12:41.897 E/audio_route(  573): Control 'Configuration' doesn't exist - skipping
11-02 16:12:41.898 D/QSEECOMAPI(  603): QSEECom_get_handle sb_length = 0xa000
11-02 16:12:41.898 E/audio_route(  573): Control 'MI2S_DL_HL Switch' doesn't exist - skipping
11-02 16:12:41.899 E/keymaster1_device(  578): Keymaster Initialized
11-02 16:12:41.899 E/keymaster1_device(  578): TA API Major Verion: 1
11-02 16:12:41.899 E/keymaster1_device(  578): TA API Minor Verion: 0
11-02 16:12:41.899 E/keymaster1_device(  578): TA Major Verion: 1
11-02 16:12:41.899 E/keymaster1_device(  578): TA Minor Verion: 10
11-02 16:12:41.899 E/keymaster1_device(  578): set_version_req->flags: 1
11-02 16:12:41.899 D/keystore(  578): Wrapping keymaster1 module Keymaster QTI HAL with SofKeymasterDevice
11-02 16:12:41.899 D/SoftKeymaster(  578): system/keymaster/soft_keymaster_device.cpp, Line 178: Reinitializing SoftKeymasterDevice to use HW keymaster1
11-02 16:12:41.902 I/SoftKeymaster(  578): system/keymaster/soft_keymaster_device.cpp, Line 131: Creating device
11-02 16:12:41.903 D/SoftKeymaster(  578): system/keymaster/soft_keymaster_device.cpp, Line 132: Device address: 0x7f9183e400
11-02 16:12:41.903 D/QSEECOMAPI(  603): App is already loaded QSEE and app id = 65537
11-02 16:12:41.906 E/gatekeeper_device(  603): Gatekeeper initialized
11-02 16:12:41.919 D/libEGL  (  550): loaded /vendor/lib64/egl/libGLESv1_CM_adreno.so
11-02 16:12:41.920 D/msm8916_platform(  573): platform_init: Opened sound card:0
11-02 16:12:41.921 D/msm8916_platform(  573): Opening /sys/class/thermal/thermal_zone0/type
11-02 16:12:41.921 D/msm8916_platform(  573): Opening /sys/class/thermal/thermal_zone1/type
11-02 16:12:41.921 D/msm8916_platform(  573): Opening /sys/class/thermal/thermal_zone2/type
11-02 16:12:41.921 D/msm8916_platform(  573): Opening /sys/class/thermal/thermal_zone3/type
11-02 16:12:41.921 D/msm8916_platform(  573): Opening /sys/class/thermal/thermal_zone4/type
11-02 16:12:41.922 D/msm8916_platform(  573): Opening /sys/class/thermal/thermal_zone5/type
11-02 16:12:41.922 D/msm8916_platform(  573): Opening /sys/class/thermal/thermal_zone6/type
11-02 16:12:41.922 D/msm8916_platform(  573): Opening /sys/class/thermal/thermal_zone7/type
11-02 16:12:41.922 D/msm8916_platform(  573): Opening /sys/class/thermal/thermal_zone8/type
11-02 16:12:41.922 D/msm8916_platform(  573): Opening /sys/class/thermal/thermal_zone9/type
11-02 16:12:41.922 D/msm8916_platform(  573): Opening /sys/class/thermal/thermal_zone10/type
11-02 16:12:41.922 D/msm8916_platform(  573): Opening /sys/class/thermal/thermal_zone11/type
11-02 16:12:41.922 D/msm8916_platform(  573): Opening /sys/class/thermal/thermal_zone12/type
11-02 16:12:41.923 D/msm8916_platform(  573): Opening /sys/class/thermal/thermal_zone13/type
11-02 16:12:41.923 D/msm8916_platform(  573): Opening /sys/class/thermal/thermal_zone14/type
11-02 16:12:41.923 D/msm8916_platform(  573): Opening /sys/class/thermal/thermal_zone15/type
11-02 16:12:41.923 D/msm8916_platform(  573): Opening /sys/class/thermal/thermal_zone16/type
11-02 16:12:41.923 D/msm8916_platform(  573): Opening /sys/class/thermal/thermal_zone17/type
11-02 16:12:41.923 D/msm8916_platform(  573): Opening /sys/class/thermal/thermal_zone18/type
11-02 16:12:41.923 D/msm8916_platform(  573): Opening /sys/class/thermal/thermal_zone19/type
11-02 16:12:41.923 D/msm8916_platform(  573): Opening /sys/class/thermal/thermal_zone20/type
11-02 16:12:41.924 D/msm8916_platform(  573): Opening /sys/class/thermal/thermal_zone21/type
11-02 16:12:41.924 D/msm8916_platform(  573): Opening /sys/class/thermal/thermal_zone22/type
11-02 16:12:41.924 D/msm8916_platform(  573): Opening /sys/class/thermal/thermal_zone23/type
11-02 16:12:41.924 D/audio_hw_extn(  573): audio_extn_can_use_vbat: vbat.enabled property is set to 0
11-02 16:12:41.926 D/libEGL  (  550): loaded /vendor/lib64/egl/libGLESv2_adreno.so
11-02 16:12:41.929 D/AudioDaemon(  600): number of sndcards 1 CPEs 0
11-02 16:12:41.929 D/AudioDaemon(  600): read for sound card state change before while
11-02 16:12:41.929 D/AudioDaemon(  600): sound card state file content: ONLINE
11-02 16:12:41.929 D/AudioDaemon(  600):  before while
11-02 16:12:41.929 E/AudioDaemon(  600): put cur_state to online
11-02 16:12:41.929 D/AudioDaemon(  600): cur_state=0, bootup_complete=0
11-02 16:12:41.929 E/AudioDaemon(  600): sound card up is deteced before while
11-02 16:12:41.929 E/AudioDaemon(  600): bootup_complete set to 1
11-02 16:12:41.929 E/AudioDaemon(  600): read for event state change before while
11-02 16:12:41.929 D/AudioDaemon(  600): poll() for sound card state change 
11-02 16:12:41.930 D/AndroidRuntime(  572): >>>>>> START com.android.internal.os.ZygoteInit uid 0 <<<<<<
11-02 16:12:41.934 E/ACDB-LOADER(  573): Enter get_files_from_device_tree
11-02 16:12:41.935 D/ACDB-LOADER(  573): getProjectNameFromFile project:16017
11-02 16:12:41.936 D/ACDB-LOADER(  573): ACDB -> Load file: /etc/acdbdata/16017/Bluetooth_cal.acdb
11-02 16:12:41.936 D/ACDB-LOADER(  573): ACDB -> Load file: /etc/acdbdata/16017/General_cal.acdb
11-02 16:12:41.936 D/ACDB-LOADER(  573): ACDB -> Load file: /etc/acdbdata/16017/Global_cal.acdb
11-02 16:12:41.936 D/ACDB-LOADER(  573): ACDB -> Load file: /etc/acdbdata/16017/Handset_cal.acdb
11-02 16:12:41.936 D/ACDB-LOADER(  573): ACDB -> Load file: /etc/acdbdata/16017/Hdmi_cal.acdb
11-02 16:12:41.936 D/ACDB-LOADER(  573): ACDB -> Load file: /etc/acdbdata/16017/Headset_cal.acdb
11-02 16:12:41.936 D/ACDB-LOADER(  573): ACDB -> Load file: /etc/acdbdata/16017/Speaker_cal.acdb
11-02 16:12:41.936 D/ACDB-LOADER(  573): ACDB -> Load file: /etc/acdbdata/16017/workspaceFile.qwsp
11-02 16:12:41.936 D/ACDB-LOADER(  573): ACDB -> ACDB_CMD_INITIALIZE_V2
11-02 16:12:41.938 D/        (  573): [ACDB Command]->SW Minor/Major/Revision version info for /etc/acdbdata/16017/Bluetooth_cal.acdb
11-02 16:12:41.938 D/        (  573): [ACDB Command]->ACDB Sw Major = 9, ACDB Sw Minor = 0, ACDB Sw Revision = 0, ACDB Sw Cpl Number = 0
11-02 16:12:41.938 D/        (  573): [ACDB Command]->ACDB File Major = 8, ACDB File Minor = 0, ACDB File Revision = 1, ACDB File Cpl Number = 0
11-02 16:12:41.945 D/        (  573): [ACDB Command]->SW Minor/Major/Revision version info for /etc/acdbdata/16017/General_cal.acdb
11-02 16:12:41.945 D/        (  573): [ACDB Command]->ACDB Sw Major = 9, ACDB Sw Minor = 0, ACDB Sw Revision = 0, ACDB Sw Cpl Number = 0
11-02 16:12:41.945 D/        (  573): [ACDB Command]->ACDB File Major = 8, ACDB File Minor = 0, ACDB File Revision = 1, ACDB File Cpl Number = 0
11-02 16:12:41.947 D/        (  573): [ACDB Command]->SW Minor/Major/Revision version info for /etc/acdbdata/16017/Global_cal.acdb
11-02 16:12:41.947 D/        (  573): [ACDB Command]->ACDB Sw Major = 9, ACDB Sw Minor = 0, ACDB Sw Revision = 0, ACDB Sw Cpl Number = 0
11-02 16:12:41.947 D/        (  573): [ACDB Command]->ACDB File Major = 8, ACDB File Minor = 0, ACDB File Revision = 1, ACDB File Cpl Number = 0
11-02 16:12:41.950 D/        (  573): [ACDB Command]->SW Minor/Major/Revision version info for /etc/acdbdata/16017/Handset_cal.acdb
11-02 16:12:41.950 D/        (  573): [ACDB Command]->ACDB Sw Major = 9, ACDB Sw Minor = 0, ACDB Sw Revision = 0, ACDB Sw Cpl Number = 0
11-02 16:12:41.950 D/        (  573): [ACDB Command]->ACDB File Major = 8, ACDB File Minor = 0, ACDB File Revision = 1, ACDB File Cpl Number = 0
11-02 16:12:41.952 D/        (  573): [ACDB Command]->SW Minor/Major/Revision version info for /etc/acdbdata/16017/Hdmi_cal.acdb
11-02 16:12:41.952 D/        (  573): [ACDB Command]->ACDB Sw Major = 9, ACDB Sw Minor = 0, ACDB Sw Revision = 0, ACDB Sw Cpl Number = 0
11-02 16:12:41.952 D/        (  573): [ACDB Command]->ACDB File Major = 8, ACDB File Minor = 0, ACDB File Revision = 1, ACDB File Cpl Number = 0
11-02 16:12:41.954 D/        (  573): [ACDB Command]->SW Minor/Major/Revision version info for /etc/acdbdata/16017/Headset_cal.acdb
11-02 16:12:41.954 D/        (  573): [ACDB Command]->ACDB Sw Major = 9, ACDB Sw Minor = 0, ACDB Sw Revision = 0, ACDB Sw Cpl Number = 0
11-02 16:12:41.954 D/        (  573): [ACDB Command]->ACDB File Major = 8, ACDB File Minor = 0, ACDB File Revision = 1, ACDB File Cpl Number = 0
11-02 16:12:41.957 D/        (  573): [ACDB Command]->SW Minor/Major/Revision version info for /etc/acdbdata/16017/Speaker_cal.acdb
11-02 16:12:41.957 D/        (  573): [ACDB Command]->ACDB Sw Major = 9, ACDB Sw Minor = 0, ACDB Sw Revision = 0, ACDB Sw Cpl Number = 0
11-02 16:12:41.957 D/        (  573): [ACDB Command]->ACDB File Major = 8, ACDB File Minor = 0, ACDB File Revision = 1, ACDB File Cpl Number = 0
11-02 16:12:41.957 I/Adreno  (  550): QUALCOMM build                   : ead2395, I23cc4685e6
11-02 16:12:41.957 I/Adreno  (  550): Build Date                       : 04/11/17
11-02 16:12:41.957 I/Adreno  (  550): OpenGL ES Shader Compiler Version: XE031.09.00.04
11-02 16:12:41.957 I/Adreno  (  550): Local Branch                     : 
11-02 16:12:41.957 I/Adreno  (  550): Remote Branch                    : quic/gfx-adreno.lnx.1.0.r5-rel
11-02 16:12:41.957 I/Adreno  (  550): Remote Branch                    : NONE
11-02 16:12:41.957 I/Adreno  (  550): Reconstruct Branch               : NOTHING
11-02 16:12:41.959 D/        (  573): [ACDB Command]->SW Minor/Major/Revision version info for /etc/acdbdata/16017/workspaceFile.qwsp
11-02 16:12:41.959 D/        (  573): [ACDB Command]->ACDB Sw Major = 9, ACDB Sw Minor = 0, ACDB Sw Revision = 0, ACDB Sw Cpl Number = 0
11-02 16:12:41.959 D/        (  573): [ACDB Command]->ACDB File Major = 8, ACDB File Minor = 0, ACDB File Revision = 1
11-02 16:12:41.959 D/ACDB-LOADER(  573): ACDB -> ACPH INIT
11-02 16:12:41.959 D/        (  573): [ACPH]->Online service registered with ACPH
11-02 16:12:41.961 D/        (  573): [ACPH]->ACPH init success
11-02 16:12:41.961 D/ACDB-LOADER(  573): ACDB -> RTAC INIT
11-02 16:12:41.961 D/        (  573): [ACPH]->DSP RTC service registered with ACPH
11-02 16:12:41.961 D/ACDB-LOADER(  573): ACDB -> MCS, FTS INIT
11-02 16:12:41.961 D/        (  573): [ACPH]->MCS RTC service registered with ACPH
11-02 16:12:41.961 D/        (  573): [ACPH]->FTS RTC service registered with ACPH
11-02 16:12:41.961 D/ACDB-LOADER(  573): ACDB -> ADIE RTAC INIT
11-02 16:12:41.961 D/        (  573): [ACPH]->ADIE RTC service registered with ACPH
11-02 16:12:41.961 D/ACDB-LOADER(  573): ACDB -> ACDB_CMD_GET_VOC_PROC_DYNAMIC_TABLE_SIZE
11-02 16:12:41.966 D/ACDB-LOADER(  573): ACDB -> send_meta_info, lic 0
11-02 16:12:41.966 D/        (  573): Couldnt find the key 00000000 
11-02 16:12:41.966 D/        (  573): Output from GetMetaInfoSize command : 0
11-02 16:12:41.972 D/ACDB-LOADER(  573): ACDB -> send_common_custom_topology
11-02 16:12:41.972 D/ACDB-LOADER(  573): ACDB -> ACDB_CMD_GET_AVCS_CUSTOM_TOPO_INFO
11-02 16:12:41.972 D/ACDB-LOADER(  573): ACDB -> ACDB_CMD_GET_AVCS_CUSTOM_TOPO_INFO: size:0x1d4 ret=0 
11-02 16:12:41.972 D/ACDB-LOADER(  573): ACDB -> CORE_CUSTOM_TOPOLOGIES
11-02 16:12:41.974 E/ACDB-LOADER(  573): AUDIO_SET_CALIBRATION, Error = -1
11-02 16:12:41.974 D/ACDB-LOADER(  573): ACDB -> acdb_loader_send_common_custom_topology: Common custom topology not in use
11-02 16:12:41.974 D/ACDB-LOADER(  573): ACDB -> send_afe_custom_topology
11-02 16:12:41.974 D/ACDB-LOADER(  573): ACDB -> ACDB_CMD_GET_AFE_TOPOLOGIES
11-02 16:12:41.974 D/        (  573): ACDBFILE_MGR: Property for the pid 000130DE not found
11-02 16:12:41.974 D/        (  573): ACDB_COMMAND: Failed to fetch the property info for pid 000130DE 
11-02 16:12:41.974 E/ACDB-LOADER(  573): Error: ACDB get afe custom topologies returned = -18
11-02 16:12:41.974 D/ACDB-LOADER(  573): ACDB -> ACDB_CMD_GET_AFE_TOPOLOGIES: size:0x0 ret=-18 
11-02 16:12:41.974 D/ACDB-LOADER(  573): ACDB -> AUDIO_SET_AFE_CUSTOM_TOPOLOGY
11-02 16:12:41.974 D/ACDB-LOADER(  573): ACDB -> send_adm_custom_topology
11-02 16:12:41.974 D/ACDB-LOADER(  573): ACDB -> ACDB_CMD_GET_AUDIO_COPP_TOPOLOGIES
11-02 16:12:41.974 D/ACDB-LOADER(  573): ACDB -> AUDIO_SET_ADM_CUSTOM_TOPOLOGY
11-02 16:12:41.974 D/ACDB-LOADER(  573): ACDB -> send_asm_custom_topology
11-02 16:12:41.974 D/ACDB-LOADER(  573): ACDB -> ACDB_CMD_GET_AUDIO_POPP_TOPOLOGIES
11-02 16:12:41.974 D/ACDB-LOADER(  573): ACDB -> AUDIO_SET_ASM_CUSTOM_TOPOLOGY
11-02 16:12:41.974 D/ACDB-LOADER(  573): ACDB -> send_lsm_custom_topology
11-02 16:12:41.974 D/ACDB-LOADER(  573): ACDB -> ACDB_CMD_GET_LSM_TOPOLOGIES
11-02 16:12:41.974 D/        (  573): ACDBFILE_MGR: Property for the pid 000130DF not found
11-02 16:12:41.974 D/        (  573): ACDB_COMMAND: Failed to fetch the property info for pid 000130DF 
11-02 16:12:41.974 E/ACDB-LOADER(  573): Error: ACDB get lsm custom topologies returned = -18
11-02 16:12:41.974 D/ACDB-LOADER(  573): ACDB -> AUDIO_SET_LSM_CUSTOM_TOPOLOGY
11-02 16:12:41.974 D/ACDB-LOADER(  573): ACDB -> send_meta_info Enter
11-02 16:12:41.974 E/ACDB-LOADER(  573): Fail to allocate memory for metainfo
11-02 16:12:41.974 D/ACDB-LOADER(  573): ACDB -> send_meta_info failed
11-02 16:12:41.974 D/ACDB-LOADER(  573): ACDB -> init done!
11-02 16:12:41.975 D/msm8916_platform(  573): ACDB initialized
11-02 16:12:41.975 D/msm8916_platform(  573): hw_util_open Opening device /dev/snd/hwC0D1000
11-02 16:12:41.975 D/msm8916_platform(  573): hw_util_open success
11-02 16:12:41.975 D/ACDB-LOADER(  573): ACDB -> ACDB_CMD_GET_ANC_SETTING
11-02 16:12:41.975 D/        (  573): Failed to fetch the lookup information of the device 0000001A 
11-02 16:12:41.975 E/ACDB-LOADER(  573): Error: ACDB ANC returned = -19
11-02 16:12:41.975 D/ACDB-LOADER(  573): ACDB -> ACDB_CMD_GET_ANC_SETTING
11-02 16:12:41.975 D/        (  573): Failed to fetch the lookup information of the device 0000001A 
11-02 16:12:41.975 E/ACDB-LOADER(  573): Error: ACDB ANC returned = -19
11-02 16:12:41.975 D/ACDB-LOADER(  573): ACDB -> ACDB_CMD_GET_ANC_SETTING
11-02 16:12:41.975 D/        (  573): Failed to fetch the lookup information of the device 0000001B 
11-02 16:12:41.975 E/ACDB-LOADER(  573): Error: ACDB ANC returned = -19
11-02 16:12:41.975 D/ACDB-LOADER(  573): ACDB -> ACDB_CMD_GET_ANC_SETTING
11-02 16:12:41.975 D/        (  573): Failed to fetch the lookup information of the device 0000001B 
11-02 16:12:41.975 E/ACDB-LOADER(  573): Error: ACDB ANC returned = -19
11-02 16:12:41.975 D/ACDB-LOADER(  573): ACDB -> ACDB_CMD_GET_ANC_SETTING
11-02 16:12:41.975 D/        (  573): Failed to fetch the lookup information of the device 0000001C 
11-02 16:12:41.975 E/ACDB-LOADER(  573): Error: ACDB ANC returned = -19
11-02 16:12:41.975 D/ACDB-LOADER(  573): ACDB -> ACDB_CMD_GET_ANC_SETTING
11-02 16:12:41.975 D/        (  573): Failed to fetch the lookup information of the device 0000001C 
11-02 16:12:41.975 E/ACDB-LOADER(  573): Error: ACDB ANC returned = -19
11-02 16:12:41.975 D/ACDB-LOADER(  573): ACDB -> ACDB_CMD_GET_ANC_SETTING
11-02 16:12:41.975 D/        (  573): Failed to fetch the lookup information of the device 0000001D 
11-02 16:12:41.975 E/ACDB-LOADER(  573): Error: ACDB ANC returned = -19
11-02 16:12:41.975 D/ACDB-LOADER(  573): ACDB -> ACDB_CMD_GET_ANC_SETTING
11-02 16:12:41.975 D/        (  573): Failed to fetch the lookup information of the device 0000001D 
11-02 16:12:41.975 E/ACDB-LOADER(  573): Error: ACDB ANC returned = -19
11-02 16:12:41.975 D/ACDB-LOADER(  573): ACDB -> ACDB_CMD_GET_ANC_SETTING
11-02 16:12:41.975 D/        (  573): Failed to fetch the lookup information of the device 0000001E 
11-02 16:12:41.975 E/ACDB-LOADER(  573): Error: ACDB ANC returned = -19
11-02 16:12:41.975 D/ACDB-LOADER(  573): ACDB -> ACDB_CMD_GET_ANC_SETTING
11-02 16:12:41.975 D/        (  573): Failed to fetch the lookup information of the device 0000001E 
11-02 16:12:41.975 E/ACDB-LOADER(  573): Error: ACDB ANC returned = -19
11-02 16:12:41.975 D/ACDB-LOADER(  573): ACDB -> ACDB_CMD_GET_ANC_SETTING
11-02 16:12:41.975 D/        (  573): Failed to fetch the lookup information of the device 0000001F 
11-02 16:12:41.975 E/ACDB-LOADER(  573): Error: ACDB ANC returned = -19
11-02 16:12:41.975 D/ACDB-LOADER(  573): ACDB -> ACDB_CMD_GET_ANC_SETTING
11-02 16:12:41.975 D/        (  573): Failed to fetch the lookup information of the device 0000001F 
11-02 16:12:41.975 E/ACDB-LOADER(  573): Error: ACDB ANC returned = -19
11-02 16:12:41.975 D/ACDB-LOADER(  573): ACDB -> ACDB_CMD_GET_ANC_SETTING
11-02 16:12:41.975 D/        (  573): Failed to fetch the lookup information of the device 00000067 
11-02 16:12:41.975 E/ACDB-LOADER(  573): Error: ACDB ANC returned = -19
11-02 16:12:41.975 D/ACDB-LOADER(  573): ACDB -> ACDB_CMD_GET_ANC_SETTING
11-02 16:12:41.975 D/        (  573): Failed to fetch the lookup information of the device 00000067 
11-02 16:12:41.975 E/ACDB-LOADER(  573): Error: ACDB ANC returned = -19
11-02 16:12:41.975 D/ACDB-LOADER(  573): ACDB -> ACDB_CMD_GET_ANC_SETTING
11-02 16:12:41.975 D/        (  573): Failed to fetch the lookup information of the device 00000056 
11-02 16:12:41.975 E/ACDB-LOADER(  573): Error: ACDB ANC returned = -19
11-02 16:12:41.975 D/ACDB-LOADER(  573): ACDB -> ACDB_CMD_GET_ANC_SETTING
11-02 16:12:41.975 D/        (  573): Failed to fetch the lookup information of the device 00000056 
11-02 16:12:41.975 E/ACDB-LOADER(  573): Error: ACDB ANC returned = -19
11-02 16:12:41.975 D/ACDB-LOADER(  573): ACDB -> ACDB_CMD_GET_ANC_SETTING
11-02 16:12:41.975 D/        (  573): Failed to fetch the lookup information of the device 00000059 
11-02 16:12:41.975 E/ACDB-LOADER(  573): Error: ACDB ANC returned = -19
11-02 16:12:41.975 D/ACDB-LOADER(  573): ACDB -> ACDB_CMD_GET_ANC_SETTING
11-02 16:12:41.975 D/        (  573): Failed to fetch the lookup information of the device 00000059 
11-02 16:12:41.975 E/ACDB-LOADER(  573): Error: ACDB ANC returned = -19
11-02 16:12:41.975 E/msm8916_platform(  573): Failed to call ioctl  for anc_cal err=14 calib.size=16
11-02 16:12:41.975 D/msm8916_platform(  573): send_codec_cal cal sent for anc_cal calib.size=16
11-02 16:12:41.976 D/ACDB-LOADER(  573): send mbhc data
11-02 16:12:41.976 D/ACDB-LOADER(  573): ACDB -> MBHC ACDB_PID_GENERAL_CONFIG
11-02 16:12:41.976 D/ACDB-LOADER(  573): ACDB -> MBHC ACDB_PID_PLUG_REMOVAL_DETECTION
11-02 16:12:41.976 D/ACDB-LOADER(  573): ACDB -> MBHC ACDB_PID_PLUG_TYPE_DETECTION
11-02 16:12:41.976 D/ACDB-LOADER(  573): ACDB -> MBHC ACDB_PID_BUTTON_PRESS_DETECTION
11-02 16:12:41.976 D/ACDB-LOADER(  573): ACDB -> MBHC ACDB_PID_IMPEDANCE_DETECTION
11-02 16:12:41.976 D/msm8916_platform(  573): send_codec_cal cal sent for mbhc_cal calib.size=154
11-02 16:12:41.976 D/ACDB-LOADER(  573): send vbat data
11-02 16:12:41.976 D/ACDB-LOADER(  573): ACDB -> VBAT ACDB_PID_ADC_CAL
11-02 16:12:41.976 D/ACDB-LOADER(  573): ACDB -> VBAT ACDB_PID_GAIN_PROC
11-02 16:12:41.976 D/ACDB-LOADER(  573): send vbat data, calling convert_vbat_data
11-02 16:12:41.976 D/ACDB-LOADER(  573): copied vbat cal size =72
11-02 16:12:41.976 E/msm8916_platform(  573): Failed to call ioctl  for vbat_cal err=14 calib.size=72
11-02 16:12:41.976 D/msm8916_platform(  573): send_codec_cal cal sent for vbat_cal calib.size=72
11-02 16:12:41.976 D/msm8916_platform(  573): Alac software decoder is available...removing alac from DSP decoder list
11-02 16:12:41.976 D/msm8916_platform(  573): APE software decoder is available...removing ape from DSP decoder list
11-02 16:12:41.978 D/msm8916_platform(  573): platform_set_audio_device_interface: Enter, device name:AUDIO_DEVICE_IN_BUILTIN_MIC, intf name:SLIMBUS_0, codec_type:external
11-02 16:12:41.978 E/msm8916_platform(  573): Invalid codec_type specified. Ignoring this interface entry.
11-02 16:12:41.978 D/msm8916_platform(  573): platform_set_audio_device_interface: Enter, device name:AUDIO_DEVICE_IN_BACK_MIC, intf name:SLIMBUS_0, codec_type:external
11-02 16:12:41.978 E/msm8916_platform(  573): Invalid codec_type specified. Ignoring this interface entry.
11-02 16:12:41.978 D/msm8916_platform(  573): platform_set_audio_device_interface: Enter, device name:AUDIO_DEVICE_IN_BUILTIN_MIC, intf name:TERT_MI2S, codec_type:internal
11-02 16:12:41.978 D/msm8916_platform(  573): platform_set_audio_device_interface: Matched device name:AUDIO_DEVICE_IN_BUILTIN_MIC, overwrite intf name with TERT_MI2S
11-02 16:12:41.978 D/msm8916_platform(  573): platform_set_audio_device_interface: Enter, device name:AUDIO_DEVICE_IN_BACK_MIC, intf name:TERT_MI2S, codec_type:internal
11-02 16:12:41.978 D/msm8916_platform(  573): platform_set_audio_device_interface: Matched device name:AUDIO_DEVICE_IN_BACK_MIC, overwrite intf name with TERT_MI2S
11-02 16:12:41.978 D/AndroidRuntime(  572): CheckJNI is ON
11-02 16:12:41.978 D/msm8916_platform(  573): platform_set_snd_device_backend: backend_tag_table[speaker]: old = null new = speaker
11-02 16:12:41.978 D/msm8916_platform(  573): platform_set_snd_device_backend: backend_tag_table[speaker-reverse]: old = null new = speaker
11-02 16:12:41.978 D/msm8916_platform(  573): platform_set_snd_device_backend: backend_tag_table[voice-speaker]: old = null new = speaker
11-02 16:12:41.978 E/msm8916_platform(  573): find_index: Could not find index for name = SND_DEVICE_OUT_VOIP_SPEAKER
11-02 16:12:41.978 E/platform_info(  573): process_backend_name: Device SND_DEVICE_OUT_VOIP_SPEAKER not found, no ACDB ID set!
11-02 16:12:41.978 D/msm8916_platform(  573): platform_set_snd_device_backend: backend_tag_table[speaker-and-headphones]: old = null new = speaker-and-headphones
11-02 16:12:41.978 D/msm8916_platform(  573): platform_set_snd_device_backend: backend_tag_table[speaker-and-line]: old = null new = speaker-and-headphones
11-02 16:12:41.978 D/msm8916_platform(  573): platform_init: Fluence_Type(1) max_mic_count(2) mic_type(0x3) fluence_in_voice_call(1) fluence_in_voice_rec(0) fluence_in_spkr_mode(0) 
11-02 16:12:41.978 D/audio_hw_ssr(  573): audio_extn_ssr_update_enabled: surround sound recording is not supported
11-02 16:12:41.978 D/audio_hw_spkr_prot(  573): audio_extn_spkr_prot_init: Initialize speaker protection module
11-02 16:12:41.978 D/audio_hw_spkr_prot(  573): audio_extn_spkr_prot_init: Speaker protection disabled
11-02 16:12:41.978 E/audio_hw_dolby(  573): audio_extn_dap_hal_init: DLOPEN failed for vendor/lib/libhwdaphal.so error dlopen failed: library "vendor/lib/libhwdaphal.so" not found
11-02 16:12:41.978 E/audio_hw_dolby(  573): audio_extn_dolby_set_license: dap_hal_set_hw_info is NULL
11-02 16:12:41.984 D/aud_dev_arbi(  573): runSocketThread: entered
11-02 16:12:41.988 I/art     (  572): option[0]=-Xzygote
11-02 16:12:41.988 I/art     (  572): option[1]=-Xcheck:jni
11-02 16:12:41.988 I/art     (  572): option[2]=-Xstacktracefile:/data/anr/traces.txt
11-02 16:12:41.988 I/art     (  572): option[3]=exit
11-02 16:12:41.988 I/art     (  572): option[4]=vfprintf
11-02 16:12:41.988 I/art     (  572): option[5]=sensitiveThread
11-02 16:12:41.988 I/art     (  572): option[6]=-verbose:gc
11-02 16:12:41.988 I/art     (  572): option[7]=-Xms8m
11-02 16:12:41.988 I/art     (  572): option[8]=-Xmx768m
11-02 16:12:41.988 I/art     (  572): option[9]=-XX:HeapGrowthLimit=288m
11-02 16:12:41.988 I/art     (  572): option[10]=-XX:HeapMinFree=512k
11-02 16:12:41.988 I/art     (  572): option[11]=-XX:HeapMaxFree=8m
11-02 16:12:41.988 I/art     (  572): option[12]=-XX:HeapTargetUtilization=0.75
11-02 16:12:41.988 I/art     (  572): option[13]=-Xusejit:true
11-02 16:12:41.988 I/art     (  572): option[14]=-Xjitsaveprofilinginfo
11-02 16:12:41.988 I/art     (  572): option[15]=-agentlib:jdwp=transport=dt_android_adb,suspend=n,server=y
11-02 16:12:41.988 I/art     (  572): option[16]=-Xlockprofthreshold:500
11-02 16:12:41.988 I/art     (  572): option[17]=-Ximage-compiler-option
11-02 16:12:41.988 I/art     (  572): option[18]=--runtime-arg
11-02 16:12:41.988 I/art     (  572): option[19]=-Ximage-compiler-option
11-02 16:12:41.989 I/art     (  572): option[20]=-Xms64m
11-02 16:12:41.989 I/art     (  572): option[21]=-Ximage-compiler-option
11-02 16:12:41.989 I/art     (  572): option[22]=--runtime-arg
11-02 16:12:41.989 I/art     (  572): option[23]=-Ximage-compiler-option
11-02 16:12:41.989 I/art     (  572): option[24]=-Xmx64m
11-02 16:12:41.989 I/art     (  572): option[25]=-Ximage-compiler-option
11-02 16:12:41.989 I/art     (  572): option[26]=--compiler-filter=verify-at-runtime
11-02 16:12:41.989 I/art     (  572): option[27]=-Ximage-compiler-option
11-02 16:12:41.989 I/art     (  572): option[28]=--image-classes=/system/etc/preloaded-classes
11-02 16:12:41.989 I/art     (  572): option[29]=-Ximage-compiler-option
11-02 16:12:41.989 I/art     (  572): option[30]=--compiled-classes=/system/etc/compiled-classes
11-02 16:12:41.989 I/art     (  572): option[31]=-Xcompiler-option
11-02 16:12:41.989 I/art     (  572): option[32]=--runtime-arg
11-02 16:12:41.989 I/art     (  572): option[33]=-Xcompiler-option
11-02 16:12:41.989 I/art     (  572): option[34]=-Xms64m
11-02 16:12:41.989 I/art     (  572): option[35]=-Xcompiler-option
11-02 16:12:41.989 I/art     (  572): option[36]=--runtime-arg
11-02 16:12:41.989 I/art     (  572): option[37]=-Xcompiler-option
11-02 16:12:41.989 I/art     (  572): option[38]=-Xmx512m
11-02 16:12:41.989 I/art     (  572): option[39]=-Ximage-compiler-option
11-02 16:12:41.989 I/art     (  572): option[40]=--instruction-set-variant=cortex-a53
11-02 16:12:41.989 I/art     (  572): option[41]=-Xcompiler-option
11-02 16:12:41.989 I/art     (  572): option[42]=--instruction-set-variant=cortex-a53
11-02 16:12:41.989 I/art     (  572): option[43]=-Ximage-compiler-option
11-02 16:12:41.989 I/art     (  572): option[44]=--instruction-set-features=default
11-02 16:12:41.989 I/art     (  572): option[45]=-Xcompiler-option
11-02 16:12:41.989 I/art     (  572): option[46]=--instruction-set-features=default
11-02 16:12:41.989 I/art     (  572): option[47]=-Duser.locale=zh-CN
11-02 16:12:41.989 I/art     (  572): option[48]=--cpu-abilist=armeabi-v7a,armeabi
11-02 16:12:41.989 I/art     (  572): option[49]=-Xfingerprint:OPPO/R9s/R9s:6.0.1/MMB29M/1390465867:user/release-keys
11-02 16:12:41.990 I/soundtrigger(  573): audio_extn_sound_trigger_init: Enter
11-02 16:12:41.994 I/soundtrigger(  573): audio_extn_sound_trigger_init: DLOPEN successful for /system/vendor/lib/hw/sound_trigger.primary.msm8953.so
11-02 16:12:41.998 E/audio_hw_primary(  573): Amplifier initialization failed
11-02 16:12:41.999 E/audio_hw_utils(  573): audio_extn_utils_update_streams_output_cfg_list: could not load output policy config file
11-02 16:12:42.000 E/audio_hw_extn(  573): audio_extn_perf_lock_init: Perf lock handles Success 
11-02 16:12:42.000 I/AudioFlinger(  573): loadHwModule() Loaded primary audio interface from QCOM Audio HAL (audio) handle 10
11-02 16:12:42.000 I/AudioFlinger(  573): openOutput(), module 10 Device 2, SamplingRate 48000, Format 0x000001, Channels 3, flags 6
11-02 16:12:42.000 D/audio_hw_primary(  573): adev_open_output_stream: enter: format(0x1) sample_rate(48000) channel_mask(0x3) devices(0x2) flags(0x6)        stream_handle(0xf657c800)
11-02 16:12:42.000 W/audio_hw_utils(  573): audio_extn_utils_update_stream_app_type_cfg: App type could not be selected. Falling back to default
11-02 16:12:42.000 D/audio_hw_primary(  573): adev_open_output_stream: Stream (0xf657c800) picks up usecase (low-latency-playback)
11-02 16:12:42.001 I/AudioFlinger(  573): HAL output buffer size 192 frames, normal sink buffer size 960 frames
11-02 16:12:42.012 W/EffectsFactory(  573): loadLibrary() failed to open /system/vendor/lib/soundfx/libswdap.so
11-02 16:12:42.013 W/EffectsFactory(  573): loadEffect() could not get library ds
11-02 16:12:42.013 I/BufferProvider(  573): found effect "Multichannel Downmix To Stereo" from The Android Open Source Project
11-02 16:12:42.013 I/AudioFlinger(  573): Using module 10 has the primary audio interface
11-02 16:12:42.013 I/AudioFlinger(  573): AudioFlinger's thread 0xf5a030c0 ready to run
11-02 16:12:42.014 W/BatteryNotifier(  573): batterystats service unavailable!
11-02 16:12:42.014 D/audio_hw_primary(  573): out_standby: enter: stream (0xf657c800) usecase(1: low-latency-playback)
11-02 16:12:42.014 D/audio_hw_primary(  573): out_standby: exit
11-02 16:12:42.014 W/BatteryNotifier(  573): batterystats service unavailable!
11-02 16:12:42.014 W/BatteryNotifier(  573): batterystats service unavailable!
11-02 16:12:42.014 D/audio_hw_primary(  573): out_set_parameters: enter: usecase(1: low-latency-playback) kvpairs: routing=2
11-02 16:12:42.014 D/audio_hw_extn(  573): audio_extn_set_anc_parameters: anc_enabled:0
11-02 16:12:42.014 D/audio_hw_spkr_prot(  573): audio_extn_fbsp_set_parameters: Speaker protection disabled
11-02 16:12:42.014 W/AudioFlinger(  573): no wake lock to update, system not ready yet
11-02 16:12:42.015 I/AudioFlinger(  573): openOutput(), module 10 Device 2, SamplingRate 48000, Format 0x000001, Channels 3, flags 104
11-02 16:12:42.015 D/audio_hw_primary(  573): adev_open_output_stream: enter: format(0x1) sample_rate(48000) channel_mask(0x3) devices(0x2) flags(0x104)        stream_handle(0xf657cc00)
11-02 16:12:42.016 W/audio_hw_utils(  573): audio_extn_utils_update_stream_app_type_cfg: App type could not be selected. Falling back to default
11-02 16:12:42.016 D/audio_hw_primary(  573): adev_open_output_stream: Stream (0xf657cc00) picks up usecase (audio-ull-playback)
11-02 16:12:42.016 I/AudioFlinger(  573): HAL output buffer size 192 frames, normal sink buffer size 960 frames
11-02 16:12:42.016 I/AudioFlinger(  573): AudioFlinger's thread 0xf5683f00 ready to run
11-02 16:12:42.016 W/BatteryNotifier(  573): batterystats service unavailable!
11-02 16:12:42.016 D/audio_hw_primary(  573): out_standby: enter: stream (0xf657cc00) usecase(12: audio-ull-playback)
11-02 16:12:42.016 D/audio_hw_primary(  573): out_standby: exit
11-02 16:12:42.016 W/BatteryNotifier(  573): batterystats service unavailable!
11-02 16:12:42.016 W/BatteryNotifier(  573): batterystats service unavailable!
11-02 16:12:42.017 D/audio_hw_primary(  573): out_set_parameters: enter: usecase(12: audio-ull-playback) kvpairs: routing=2
11-02 16:12:42.017 W/AudioFlinger(  573): no wake lock to update, system not ready yet
11-02 16:12:42.017 I/AudioFlinger(  573): openOutput(), module 10 Device 2, SamplingRate 48000, Format 0x000001, Channels 3, flags 8
11-02 16:12:42.017 D/audio_hw_primary(  573): adev_open_output_stream: enter: format(0x1) sample_rate(48000) channel_mask(0x3) devices(0x2) flags(0x8)        stream_handle(0xf5a7e000)
11-02 16:12:42.017 W/audio_hw_utils(  573): audio_extn_utils_update_stream_app_type_cfg: App type could not be selected. Falling back to default
11-02 16:12:42.017 D/audio_hw_primary(  573): adev_open_output_stream: Stream (0xf5a7e000) picks up usecase (deep-buffer-playback)
11-02 16:12:42.017 I/AudioFlinger(  573): HAL output buffer size 1920 frames, normal sink buffer size 1920 frames
11-02 16:12:42.018 I/AudioFlinger(  573): AudioFlinger's thread 0xf5383b80 ready to run
11-02 16:12:42.018 W/BatteryNotifier(  573): batterystats service unavailable!
11-02 16:12:42.018 D/audio_hw_primary(  573): out_set_parameters: enter: usecase(0: deep-buffer-playback) kvpairs: routing=2
11-02 16:12:42.018 D/audio_hw_primary(  573): out_standby: enter: stream (0xf5a7e000) usecase(0: deep-buffer-playback)
11-02 16:12:42.018 D/audio_hw_primary(  573): out_standby: exit
11-02 16:12:42.018 W/BatteryNotifier(  573): batterystats service unavailable!
11-02 16:12:42.018 W/BatteryNotifier(  573): batterystats service unavailable!
11-02 16:12:42.019 W/AudioFlinger(  573): no wake lock to update, system not ready yet
11-02 16:12:42.021 I/AudioFlinger(  573): openOutput(), module 10 Device 10000, SamplingRate 48000, Format 0x000001, Channels 3, flags 0
11-02 16:12:42.021 D/audio_hw_primary(  573): adev_open_output_stream: enter: format(0x1) sample_rate(48000) channel_mask(0x3) devices(0x10000) flags(0)        stream_handle(0xf5a7e400)
11-02 16:12:42.021 W/audio_hw_utils(  573): audio_extn_utils_update_stream_app_type_cfg: App type could not be selected. Falling back to default
11-02 16:12:42.021 D/audio_hw_primary(  573): adev_open_output_stream: Stream (0xf5a7e400) picks up usecase (afe-proxy-playback)
11-02 16:12:42.021 I/AudioFlinger(  573): HAL output buffer size 768 frames, normal sink buffer size 1152 frames
11-02 16:12:42.021 I/AudioFlinger(  573): AudioFlinger's thread 0xf5203ac0 ready to run
11-02 16:12:42.022 W/BatteryNotifier(  573): batterystats service unavailable!
11-02 16:12:42.022 D/audio_hw_primary(  573): out_set_parameters: enter: usecase(38: afe-proxy-playback) kvpairs: routing=65536
11-02 16:12:42.022 D/audio_hw_primary(  573): out_standby: enter: stream (0xf5a7e400) usecase(38: afe-proxy-playback)
11-02 16:12:42.022 D/audio_hw_primary(  573): out_standby: exit
11-02 16:12:42.022 W/BatteryNotifier(  573): batterystats service unavailable!
11-02 16:12:42.022 W/BatteryNotifier(  573): batterystats service unavailable!
11-02 16:12:42.022 W/AudioFlinger(  573): no wake lock to update, system not ready yet
11-02 16:12:42.023 D/audio_hw_primary(  573): adev_open_input_stream: enter: sample_rate(48000) channel_mask(0xc) devices(0x80002000)        stream_handle(0xf654fcc0) io_handle(14) source(1) format 1
11-02 16:12:42.023 I/AudioFlinger(  573): AudioFlinger's thread 0xf4f03380 ready to run
11-02 16:12:42.024 D/audio_hw_primary(  573): adev_close_input_stream: enter:stream_handle(0xf654fcc0)
11-02 16:12:42.024 D/audio_hw_primary(  573): in_standby: enter: stream (0xf654fcc0) usecase(16: audio-record)
11-02 16:12:42.024 D/audio_hw_primary(  573): adev_open_input_stream: enter: sample_rate(48000) channel_mask(0xfc) devices(0x80000004)        stream_handle(0xf654fcc0) io_handle(22) source(1) format 1
11-02 16:12:42.024 I/AudioFlinger(  573): AudioFlinger's thread 0xf4e83b40 ready to run
11-02 16:12:42.024 D/audio_hw_primary(  573): adev_close_input_stream: enter:stream_handle(0xf654fcc0)
11-02 16:12:42.024 D/audio_hw_primary(  573): in_standby: enter: stream (0xf654fcc0) usecase(16: audio-record)
11-02 16:12:42.024 D/audio_hw_primary(  573): adev_open_input_stream: enter: sample_rate(192000) channel_mask(0x8000000f) devices(0x80000004)        stream_handle(0xf654fcc0) io_handle(30) source(1) format 5
11-02 16:12:42.024 D/audio_hw_primary(  573): adev_open_input_stream: enter: sample_rate(48000) channel_mask(0x8000000f) devices(0x80000004)        stream_handle(0xf654fcc0) io_handle(30) source(1) format 1
11-02 16:12:42.024 I/AudioFlinger(  573): AudioFlinger's thread 0xf4e83900 ready to run
11-02 16:12:42.024 D/audio_hw_primary(  573): adev_close_input_stream: enter:stream_handle(0xf654fcc0)
11-02 16:12:42.024 D/audio_hw_primary(  573): in_standby: enter: stream (0xf654fcc0) usecase(16: audio-record)
11-02 16:12:42.024 D/audio_hw_primary(  573): adev_open_input_stream: enter: sample_rate(48000) channel_mask(0xc) devices(0x80000040)        stream_handle(0xf654fcc0) io_handle(38) source(1) format 1
11-02 16:12:42.024 D/audio_hw_primary(  573): adev_open_input_stream: enter: sample_rate(48000) channel_mask(0xc) devices(0x80000040)        stream_handle(0xf654fcc0) io_handle(38) source(1) format 1
11-02 16:12:42.024 W/APM_AudioPolicyManager(  573): Cannot open input stream for device 80000040 on hw module primary
11-02 16:12:42.031 I/bt_a2dp_hw(  573): adev_open:  adev_open in A2dp_hw module
11-02 16:12:42.031 I/AudioFlinger(  573): loadHwModule() Loaded a2dp audio interface from A2DP Audio HW HAL (audio) handle 18
11-02 16:12:42.038 I/AudioFlinger(  573): loadHwModule() Loaded usb audio interface from USB audio HW HAL (audio) handle 26
11-02 16:12:42.040 I/r_submix(  573): adev_open(name=audio_hw_if)
11-02 16:12:42.040 I/r_submix(  573): adev_init_check()
11-02 16:12:42.040 I/AudioFlinger(  573): loadHwModule() Loaded r_submix audio interface from Wifi Display audio HAL (audio) handle 34
11-02 16:12:42.040 D/r_submix(  573): adev_open_input_stream(addr=0)
11-02 16:12:42.040 D/r_submix(  573): submix_audio_device_create_pipe_l(addr=0, idx=9)
11-02 16:12:42.040 D/r_submix(  573):   now using address 0 for route 9
11-02 16:12:42.041 I/AudioFlinger(  573): AudioFlinger's thread 0xf4e83ac0 ready to run
11-02 16:12:42.041 D/r_submix(  573): adev_close_input_stream()
11-02 16:12:42.041 D/r_submix(  573): submix_audio_device_release_pipe_l(idx=9) addr=0
11-02 16:12:42.041 D/r_submix(  573): submix_audio_device_destroy_pipe_l(): pipe destroyed
11-02 16:12:42.041 D/AudioPolicyManagerCustom(  573): USE_XML_AUDIO_POLICY_CONF is TRUE
11-02 16:12:42.041 I/AudioPolicyManagerCustom(  573): removing AUDIO_CHANNEL_IN_5POINT1 from input profile as SSR(surround sound record) is not supported on this chipset variant
11-02 16:12:42.042 I/RadioService(  573): RadioService
11-02 16:12:42.042 I/RadioService(  573): onFirstRef
11-02 16:12:42.042 E/RadioService(  573): couldn't load radio module radio.primary (No such file or directory)
11-02 16:12:42.043 D/sound_trigger_hw(  573): stdev_open: Enter
11-02 16:12:42.043 I/sound_trigger_platform(  573): platform_stdev_init: Enter
11-02 16:12:42.048 I/mm-camera(  598): < INFO> 420: void init(): memleak lib init.
11-02 16:12:42.048 I/mm-camera(  598): < INFO> 439: void init(): memleak tracer not attached
11-02 16:12:42.051 I/SDM     (  550): ExtensionInterface::CreateExtensionInterface: 
11-02 16:12:42.051 I/SDM     (  550): SDM-EXTENSION Version: Date: 03/18/17, Commit: 90ef57a, Change: Ie9aed89678
11-02 16:12:42.052 I/SDM     (  550): HWInfo::GetHWResourceInfo: SDE Version = 500, SDE Revision = 10100000, RGB = 2, VIG = 1, DMA = 1, Cursor = 1
11-02 16:12:42.052 I/SDM     (  550): HWInfo::GetHWResourceInfo: Upscale Ratio = 20, Downscale Ratio = 4, Blending Stages = 4
11-02 16:12:42.052 I/SDM     (  550): HWInfo::GetHWResourceInfo: SourceSplit = 0 QSEED3 = 0
11-02 16:12:42.052 I/SDM     (  550): HWInfo::GetHWResourceInfo: BWC = 0, UBWC = 1, Decimation = 1, Tile Format = 0 Concurrent Writeback = 0
11-02 16:12:42.052 I/SDM     (  550): HWInfo::GetHWResourceInfo: MaxLowBw = 3400000 , MaxHighBw = 3400000
11-02 16:12:42.052 I/SDM     (  550): HWInfo::GetHWResourceInfo: MaxPipeBw = 2300000 KBps, MaxSDEClock = 400000000 Hz, ClockFudgeFactor = 1.050000
11-02 16:12:42.052 I/SDM     (  550): HWInfo::GetHWResourceInfo: Prefill factors: Tiled_NV12 = 8, Tiled = 4, Linear = 1, Scale = 1, Fudge_factor = 2
11-02 16:12:42.052 I/SDM     (  550): HWInfo::GetMDSSRotatorInfo: MDSS Rotator: Count = 1, Downscale = 1
11-02 16:12:42.052 I/SDM     (  550): HWInfo::GetHWResourceInfo: Has Support for multiple bw limits shown below
11-02 16:12:42.052 I/SDM     (  550): HWInfo::GetHWResourceInfo: Mode-index=0  total_bw_limit=3400000 and pipe_bw_limit=2300000
11-02 16:12:42.052 I/SDM     (  550): HWInfo::GetHWResourceInfo: Mode-index=1  total_bw_limit=3100000 and pipe_bw_limit=2300000
11-02 16:12:42.052 I/SDM     (  550): HWInfo::GetHWResourceInfo: Mode-index=2  total_bw_limit=3400000 and pipe_bw_limit=2300000
11-02 16:12:42.052 I/SDM     (  550): HWInfo::GetHWResourceInfo: Mode-index=3  total_bw_limit=3400000 and pipe_bw_limit=2300000
11-02 16:12:42.067 I/SDM     (  550): CoreInterface::CreateCore: Open interface handle = 0x7f8d07ba00
11-02 16:12:42.067 I/SDM     (  550): HWInfo::GetFirstDisplayInterfaceType: First display is internal display
11-02 16:12:42.068 I/SDM     (  550): CPUHint::Init: Invalid CPU Hint Pre-enable Window -1
11-02 16:12:42.068 I/SDM     (  550): HWDevice::GetHWPanelMaxBrightnessFromNode: Max brightness level = 255
11-02 16:12:42.068 I/SDM     (  550): HWDevice::GetHWPanelMaxBrightnessFromNode: Max brightness level = 255
11-02 16:12:42.068 I/SDM     (  550): HWDevice::PopulateHWPanelInfo: Device type = 0, Display Port = 1, Display Mode = 2, Device Node = 0, Is Primary = 1
11-02 16:12:42.068 I/SDM     (  550): HWDevice::PopulateHWPanelInfo: Partial Update = 0, Dynamic FPS = 0
11-02 16:12:42.068 I/SDM     (  550): HWDevice::PopulateHWPanelInfo: Align: left = 0, width = 0, top = 0, height = 0
11-02 16:12:42.068 I/SDM     (  550): HWDevice::PopulateHWPanelInfo: ROI: min_width = 0, min_height = 0, need_merge = 0
11-02 16:12:42.068 I/SDM     (  550): HWDevice::PopulateHWPanelInfo: FPS: min = 0, max =0
11-02 16:12:42.068 I/SDM     (  550): HWDevice::PopulateHWPanelInfo: Left Split = 0, Right Split = 0
11-02 16:12:42.069 I/SDM     (  550): HWInfo::GetHWResourceInfo: SDE Version = 500, SDE Revision = 10100000, RGB = 2, VIG = 1, DMA = 1, Cursor = 1
11-02 16:12:42.069 I/SDM     (  550): HWInfo::GetHWResourceInfo: Upscale Ratio = 20, Downscale Ratio = 4, Blending Stages = 4
11-02 16:12:42.069 I/SDM     (  550): HWInfo::GetHWResourceInfo: SourceSplit = 0 QSEED3 = 0
11-02 16:12:42.069 I/SDM     (  550): HWInfo::GetHWResourceInfo: BWC = 0, UBWC = 1, Decimation = 1, Tile Format = 0 Concurrent Writeback = 0
11-02 16:12:42.069 I/SDM     (  550): HWInfo::GetHWResourceInfo: MaxLowBw = 3400000 , MaxHighBw = 3400000
11-02 16:12:42.069 I/SDM     (  550): HWInfo::GetHWResourceInfo: MaxPipeBw = 2300000 KBps, MaxSDEClock = 400000000 Hz, ClockFudgeFactor = 1.050000
11-02 16:12:42.069 I/SDM     (  550): HWInfo::GetHWResourceInfo: Prefill factors: Tiled_NV12 = 8, Tiled = 4, Linear = 1, Scale = 1, Fudge_factor = 2
11-02 16:12:42.069 I/SDM     (  550): HWInfo::GetMDSSRotatorInfo: MDSS Rotator: Count = 1, Downscale = 1
11-02 16:12:42.069 I/SDM     (  550): HWInfo::GetHWResourceInfo: Has Support for multiple bw limits shown below
11-02 16:12:42.069 I/SDM     (  550): HWInfo::GetHWResourceInfo: Mode-index=0  total_bw_limit=3400000 and pipe_bw_limit=2300000
11-02 16:12:42.069 I/SDM     (  550): HWInfo::GetHWResourceInfo: Mode-index=1  total_bw_limit=3100000 and pipe_bw_limit=2300000
11-02 16:12:42.069 I/SDM     (  550): HWInfo::GetHWResourceInfo: Mode-index=2  total_bw_limit=3400000 and pipe_bw_limit=2300000
11-02 16:12:42.069 I/SDM     (  550): HWInfo::GetHWResourceInfo: Mode-index=3  total_bw_limit=3400000 and pipe_bw_limit=2300000
11-02 16:12:42.070 I/SDM     (  550): HWDevice::GetHWPanelMaxBrightnessFromNode: Max brightness level = 255
11-02 16:12:42.070 I/SDM     (  550): HWDevice::GetHWPanelMaxBrightnessFromNode: Max brightness level = 255
11-02 16:12:42.070 W/SDM     (  550): HWDevice::GetHWPanelInfoByNode: Failed to open msm_fb_panel_info node device node 2
11-02 16:12:42.070 I/SDM     (  550): HWDevice::GetHWPanelMaxBrightnessFromNode: Max brightness level = 255
11-02 16:12:42.070 I/SDM     (  550): HWDevice::GetHWPanelMaxBrightnessFromNode: Max brightness level = 255
11-02 16:12:42.071 W/SDM     (  550): HWDevice::GetHWPanelInfoByNode: Failed to open msm_fb_panel_info node device node 2
11-02 16:12:42.071 I/SDM     (  550): HWInfo::GetHWResourceInfo: SDE Version = 500, SDE Revision = 10100000, RGB = 2, VIG = 1, DMA = 1, Cursor = 1
11-02 16:12:42.071 I/SDM     (  550): HWInfo::GetHWResourceInfo: Upscale Ratio = 20, Downscale Ratio = 4, Blending Stages = 4
11-02 16:12:42.071 I/SDM     (  550): HWInfo::GetHWResourceInfo: SourceSplit = 0 QSEED3 = 0
11-02 16:12:42.071 I/SDM     (  550): HWInfo::GetHWResourceInfo: BWC = 0, UBWC = 1, Decimation = 1, Tile Format = 0 Concurrent Writeback = 0
11-02 16:12:42.071 I/SDM     (  550): HWInfo::GetHWResourceInfo: MaxLowBw = 3400000 , MaxHighBw = 3400000
11-02 16:12:42.071 I/SDM     (  550): HWInfo::GetHWResourceInfo: MaxPipeBw = 2300000 KBps, MaxSDEClock = 400000000 Hz, ClockFudgeFactor = 1.050000
11-02 16:12:42.071 I/SDM     (  550): HWInfo::GetHWResourceInfo: Prefill factors: Tiled_NV12 = 8, Tiled = 4, Linear = 1, Scale = 1, Fudge_factor = 2
11-02 16:12:42.071 I/SDM     (  550): HWInfo::GetMDSSRotatorInfo: MDSS Rotator: Count = 1, Downscale = 1
11-02 16:12:42.071 I/SDM     (  550): HWInfo::GetHWResourceInfo: Has Support for multiple bw limits shown below
11-02 16:12:42.071 I/SDM     (  550): HWInfo::GetHWResourceInfo: Mode-index=0  total_bw_limit=3400000 and pipe_bw_limit=2300000
11-02 16:12:42.071 I/SDM     (  550): HWInfo::GetHWResourceInfo: Mode-index=1  total_bw_limit=3100000 and pipe_bw_limit=2300000
11-02 16:12:42.071 I/SDM     (  550): HWInfo::GetHWResourceInfo: Mode-index=2  total_bw_limit=3400000 and pipe_bw_limit=2300000
11-02 16:12:42.071 I/SDM     (  550): HWInfo::GetHWResourceInfo: Mode-index=3  total_bw_limit=3400000 and pipe_bw_limit=2300000
11-02 16:12:42.071 W/SDM     (  550): ColorManager::CreateColorManagerProxy: PAV2 version is versions = 11, version = 11 
11-02 16:12:42.072 I/SDM     (  550): DisplayBase::SetFrameBufferConfig: New framebuffer resolution (1080x1920)
11-02 16:12:42.072 I/SDM     (  550): HWCDisplay::SetFrameBufferResolution: New framebuffer resolution (1080x1920)
11-02 16:12:42.081 I/SDM     (  550): HWCColorManager::CreateColorManager: Successfully loaded libsdm-disp-apis.so
11-02 16:12:42.085 I/SDM     (  550): HWCColorManager::CreateColorManager: Successfully loaded libsdm-disp-apis.so and libsdm-diag.so and diag_init'ed
11-02 16:12:42.085 I/SurfaceFlinger(  550): Using composer version 1.5
11-02 16:12:42.086 W/SDM     (  550): HWCDisplay::GetDisplayAttributes: Spurious attribute type = 6
11-02 16:12:42.087 I/SurfaceFlinger(  550): EGL information:
11-02 16:12:42.087 I/SurfaceFlinger(  550): vendor    : Android
11-02 16:12:42.087 I/SurfaceFlinger(  550): version   : 1.4 Android META-EGL
11-02 16:12:42.087 I/SurfaceFlinger(  550): extensions: EGL_KHR_get_all_proc_addresses EGL_ANDROID_presentation_time EGL_KHR_swap_buffers_with_damage EGL_ANDROID_create_native_client_buffer EGL_ANDROID_front_buffer_auto_refresh EGL_KHR_image EGL_KHR_image_base EGL_KHR_lock_surface EGL_KHR_gl_texture_2D_image EGL_KHR_gl_texture_3D_image EGL_KHR_gl_texture_cubemap_image EGL_KHR_gl_renderbuffer_image EGL_KHR_reusable_sync EGL_KHR_fence_sync EGL_KHR_create_context EGL_KHR_surfaceless_context EGL_EXT_create_context_robustness EGL_ANDROID_image_native_buffer EGL_KHR_wait_sync EGL_ANDROID_recordable EGL_KHR_partial_update EGL_KHR_create_context_no_error EGL_KHR_mutable_render_buffer EGL_EXT_yuv_surface EGL_EXT_protected_content 
11-02 16:12:42.087 I/SurfaceFlinger(  550): Client API: OpenGL_ES
11-02 16:12:42.087 I/SurfaceFlinger(  550): EGLSurface: 8-8-8-8, config=0x7f8d1cc280
11-02 16:12:42.090 I/SurfaceFlinger(  550): OpenGL ES informations:
11-02 16:12:42.090 I/SurfaceFlinger(  550): vendor    : Qualcomm
11-02 16:12:42.090 I/SurfaceFlinger(  550): renderer  : Adreno (TM) 506
11-02 16:12:42.090 I/SurfaceFlinger(  550): version   : OpenGL ES 3.2 V@145.0 (GIT@I23cc4685e6)
