11-02 16:13:03.305 E/QMI_FW  ( 1378): QCCI qmi_cci_xport_recv: txn not found. svc_id: 16
11-02 16:13:03.305 E/LocSvc_api_v02( 1378): I/---> locClientSendReq line 2069 QMI_LOC_SET_PREMIUM_SERVICES_CONFIG_REQ_V02
11-02 16:13:03.307 E/LocSvc_ApiV02( 1378): I/<--- void globalRespCb(locClientHandleType, uint32_t, const locClientRespIndUnionType, uint32_t, void *) line 140 QMI_LOC_SET_PREMIUM_SERVICES_CONFIG_REQ_V02
11-02 16:13:03.308 E/LocSvc_api_v02( 1378): I/---> locClientSendReq line 2069 QMI_LOC_SET_PREMIUM_SERVICES_CONFIG_REQ_V02
11-02 16:13:03.308 E/QMI_FW  ( 1378): QCCI qmi_cci_xport_recv: txn not found. svc_id: 16
11-02 16:13:03.308 E/LocSvc_LBSApiV02( 1378): E/virtual void lbs_core::LBSApiV02::injectFeatureConfig(e_premium_mode, e_premium_mode, e_premium_mode):744]: Error : st = 3, ind.status = 0
11-02 16:13:03.308 E/LocSvc_api_v02( 1378): I/---> locClientSendReq line 2069 QMI_LOC_SET_PREMIUM_SERVICES_CONFIG_REQ_V02
11-02 16:13:03.310 E/LocSvc_ApiV02( 1378): I/<--- void globalRespCb(locClientHandleType, uint32_t, const locClientRespIndUnionType, uint32_t, void *) line 140 QMI_LOC_SET_PREMIUM_SERVICES_CONFIG_REQ_V02
11-02 16:13:03.311 V/FlpHardwareProvider( 1378): Callback thread attached: 0x7f71e1ee80
11-02 16:13:03.311 E/LocSvc_api_v02( 1378): I/---> locClientSendReq line 2069 QMI_LOC_REG_EVENTS_REQ_V02
11-02 16:13:03.312 D/LocationManagerService( 1378): Unable to bind FLP Geofence proxy.
11-02 16:13:03.314 V/vold    (  459): Waiting for FUSE to spin up...
11-02 16:13:03.327 W/ServiceWatcher( 1378): com.google.android.gms not found
11-02 16:13:03.330 E/ActivityRecognitionProxy( 1378): ServiceWatcher could not start.
11-02 16:13:03.330 D/LocationManagerService( 1378): Unable to bind ActivityRecognitionProxy.
11-02 16:13:03.332 I/GnssLocationProvider( 1378): WakeLock acquired by sendMessage(2, 1, null)
11-02 16:13:03.335 I/GnssLocationProvider( 1378): WakeLock released by handleMessage(13, 0, null)
11-02 16:13:03.335 E/        ( 1378): E/open failed: /dev/mdm: No such file or directory
11-02 16:13:03.335 E/LocSvc_eng( 1378): I/===> int loc_eng_init(loc_eng_data_s_type &, LocCallbacks *, LOC_API_ADAPTER_EVENT_MASK_T, loc_core::ContextBase *) line 1803 
11-02 16:13:03.335 E/        ( 1378): E/open failed: /dev/mdm: No such file or directory
11-02 16:13:03.337 D/PerMgrSrv(  546): modem state: is on-line, add client GPS
11-02 16:13:03.337 D/PerMgrSrv(  546): GPS registered
11-02 16:13:03.337 D/PerMgrLib( 1378): GPS successfully registered for modem
11-02 16:13:03.337 D/PerMgrLib( 1378): GPS voting for modem
11-02 16:13:03.337 D/PerMgrSrv(  546): GPS voting for modem
11-02 16:13:03.337 D/PerMgrSrv(  546): modem num voters is 4
11-02 16:13:03.337 E/LocSvc_eng( 1378): I/===> void loc_eng_agps_init(loc_eng_data_s_type &, AGpsExtCallbacks *) line 2377 
11-02 16:13:03.337 E/LocSvc_eng( 1378): I/===> void loc_eng_ni_init(loc_eng_data_s_type &, GpsNiExtCallbacks *) line 326 
11-02 16:13:03.337 E/Geofence_Adapter( 1378): I/===> void GeofenceAdapter::addGfClients(GeoFencer *) line 71 
11-02 16:13:03.337 E/Geofence_Adapter( 1378): I/===> void GeofenceAdapter::updateRegisteredEvents() line 87 
11-02 16:13:03.337 E/LocSvc_eng( 1378): I/===> int loc_eng_set_server_proxy(loc_eng_data_s_type &, LocServerType, const char *, int) line 2689 
11-02 16:13:03.338 I/GnssLocationProvider( 1378): WakeLock released by handleMessage(2, 1, null)
11-02 16:13:03.342 I/MediaPlayerService(  585): MediaPlayerService::getOMX
11-02 16:13:03.342 I/MediaPlayerService(  585): MediaPlayerService::getOMX
11-02 16:13:03.342 I/OMXClient( 1538): MuxOMX ctor
11-02 16:13:03.342 I/OMXClient( 1378): MuxOMX ctor
11-02 16:13:03.343 I/OMXMaster(  580): makeComponentInstance(OMX.google.vorbis.decoder) in mediacodec process
11-02 16:13:03.344 I/CommonTimeManagementService( 1378): No common time service detected on this platform.  Common time services will be unavailable.
11-02 16:13:03.344 I/OMXMaster(  580): makeComponentInstance(OMX.google.vorbis.decoder) in mediacodec process
11-02 16:13:03.347 I/InputReader( 1378): Reconfiguring input devices.  changes=0x00000020
11-02 16:13:03.349 I/MmsServiceBroker( 1378): Delay connecting to MmsService until an API is called
11-02 16:13:03.351 E/        ( 1378): I/===> void izat_pcid::IzatPcidAdapter::injectIzatPcid(IzatPcid_t) line 32 
11-02 16:13:03.351 E/FlpHardwareProvider( 1378): Attempted to associate callback in 'SetThreadEvent'. Callback already associated.
11-02 16:13:03.352 E/        ( 1378): E/open failed: /dev/mdm: No such file or directory
11-02 16:13:03.352 E/LocSvc_api_v02( 1378): I/locClientOpen:1912]: Service instance id is -1
11-02 16:13:03.352 E/LocSvc_api_v02( 1378): I/---> locClientOpenInstance line 1792 loc client open
11-02 16:13:03.355 W/VoiceInteractionManagerService( 1378): no available voice interaction services found for user 0
11-02 16:13:03.356 W/VoiceInteractionManagerService( 1378): no available voice recognition services found for user 0
11-02 16:13:03.357 E/LocSvc_api_v02( 1378): I/---> locClientSendReq line 2069 QMI_LOC_REG_EVENTS_REQ_V02
11-02 16:13:03.360 E/LocSvc_api_v02( 1378): I/---> locClientSendReq line 2069 QMI_LOC_QUERY_AON_CONFIG_REQ_V02
11-02 16:13:03.362 E/LocSvc_ApiV02( 1378): I/<--- void globalRespCb(locClientHandleType, uint32_t, const locClientRespIndUnionType, uint32_t, void *) line 140 QMI_LOC_QUERY_AON_CONFIG_REQ_V02
11-02 16:13:03.362 E/LocSvc_api_v02( 1378): I/---> locClientSendReq line 2069 QMI_LOC_GET_SUPPORTED_FEATURE_REQ_V02
11-02 16:13:03.363 E/QMI_FW  ( 1378): QCCI qmi_cci_xport_recv: txn not found. svc_id: 16
11-02 16:13:03.363 E/LocSvc_ApiV02( 1378): E/virtual enum loc_api_adapter_err LocApiV02::open(LOC_API_ADAPTER_EVENT_MASK_T):396:2]: Failed to get features supported from QMI_LOC_GET_SUPPORTED_FEATURE_REQ_V02. 
11-02 16:13:03.364 E/LocSvc_api_v02( 1378): I/---> locClientSendReq line 2069 QMI_LOC_REG_EVENTS_REQ_V02
11-02 16:13:03.364 V/vold    (  459): Waiting for FUSE to spin up...
11-02 16:13:03.365 I/InputReader( 1378): Reconfiguring input devices.  changes=0x00000010
11-02 16:13:03.366 E/LocSvc_api_v02( 1378): I/---> locClientSendReq line 2069 QMI_LOC_SET_GNSS_CONSTELL_REPORT_CONFIG_V02
11-02 16:13:03.366 E/LocSvc_ApiV02( 1378): I/<--- void globalRespCb(locClientHandleType, uint32_t, const locClientRespIndUnionType, uint32_t, void *) line 140 QMI_LOC_SET_GNSS_CONSTELL_REPORT_CONFIG_V02
11-02 16:13:03.366 E/LocSvc_ApiV02( 1378): E/virtual int LocApiV02::setSvMeasurementConstellation(const qmiLocGNSSConstellEnumT_v02):4465]: Set GNSS constellation failed. status: eLOC_CLIENT_SUCCESS, ind status:eQMI_LOC_GENERAL_FAILURE_V02
11-02 16:13:03.366 E/LocSvc_api_v02( 1378): I/---> locClientSendReq line 2069 QMI_LOC_SET_GNSS_CONSTELL_REPORT_CONFIG_V02
11-02 16:13:03.367 E/LocSvc_ApiV02( 1378): I/<--- void globalRespCb(locClientHandleType, uint32_t, const locClientRespIndUnionType, uint32_t, void *) line 140 QMI_LOC_SET_GNSS_CONSTELL_REPORT_CONFIG_V02
11-02 16:13:03.368 E/LocSvc_api_v02( 1378): I/---> locClientSendReq line 2069 QMI_LOC_GET_ENGINE_LOCK_REQ_V02
11-02 16:13:03.369 E/LocSvc_ApiV02( 1378): I/<--- void globalRespCb(locClientHandleType, uint32_t, const locClientRespIndUnionType, uint32_t, void *) line 140 QMI_LOC_GET_ENGINE_LOCK_REQ_V02
11-02 16:13:03.369 E/LocSvc_api_v02( 1378): I/---> locClientSendReq line 2069 QMI_LOC_SET_ENGINE_LOCK_REQ_V02
11-02 16:13:03.369 E/QMI_FW  ( 1378): QCCI qmi_cci_xport_recv: txn not found. svc_id: 16
11-02 16:13:03.369 E/LocSvc_ApiV02( 1378): E/virtual int LocApiV02::setGpsLock(LOC_GPS_LOCK_MASK):4220]: Set engine lock failed. status: eLOC_CLIENT_FAILURE_INVALID_PARAMETER, ind status:eQMI_LOC_SUCCESS_V02
11-02 16:13:03.370 E/LocSvc_api_v02( 1378): I/---> locClientSendReq line 2069 QMI_LOC_SET_SERVER_REQ_V02
11-02 16:13:03.371 E/LocSvc_ApiV02( 1378): I/<--- void globalRespCb(locClientHandleType, uint32_t, const locClientRespIndUnionType, uint32_t, void *) line 140 QMI_LOC_SET_SERVER_REQ_V02
11-02 16:13:03.372 E/LocSvc_api_v02( 1378): I/---> locClientSendReq line 2069 QMI_LOC_SET_GNSS_CONSTELL_REPORT_CONFIG_V02
11-02 16:13:03.372 E/LocSvc_ApiV02( 1378): I/<--- void globalRespCb(locClientHandleType, uint32_t, const locClientRespIndUnionType, uint32_t, void *) line 140 QMI_LOC_SET_GNSS_CONSTELL_REPORT_CONFIG_V02
11-02 16:13:03.372 E/LocSvc_ApiV02( 1378): E/virtual int LocApiV02::setSvMeasurementConstellation(const qmiLocGNSSConstellEnumT_v02):4465]: Set GNSS constellation failed. status: eLOC_CLIENT_SUCCESS, ind status:eQMI_LOC_GENERAL_FAILURE_V02
11-02 16:13:03.372 E/LocSvc_api_v02( 1378): I/---> locClientSendReq line 2069 QMI_LOC_SET_XTRA_VERSION_CHECK_REQ_V02
11-02 16:13:03.373 E/LocSvc_ApiV02( 1378): I/<--- void globalRespCb(locClientHandleType, uint32_t, const locClientRespIndUnionType, uint32_t, void *) line 140 QMI_LOC_SET_XTRA_VERSION_CHECK_REQ_V02
11-02 16:13:03.373 E/LocSvc_api_v02( 1378): I/---> locClientSendReq line 2069 QMI_LOC_GET_PREDICTED_ORBITS_DATA_SOURCE_REQ_V02
11-02 16:13:03.374 E/LocSvc_ApiV02( 1378): I/<--- void globalRespCb(locClientHandleType, uint32_t, const locClientRespIndUnionType, uint32_t, void *) line 140 QMI_LOC_GET_PREDICTED_ORBITS_DATA_SOURCE_REQ_V02
11-02 16:13:03.375 E/LocSvc_api_v02( 1378): I/---> locClientSendReq line 2069 QMI_LOC_INJECT_UTC_TIME_REQ_V02
11-02 16:13:03.375 E/LocSvc_ApiV02( 1378): I/<--- void globalRespCb(locClientHandleType, uint32_t, const locClientRespIndUnionType, uint32_t, void *) line 140 QMI_LOC_INJECT_UTC_TIME_REQ_V02
11-02 16:13:03.376 E/LocSvc_api_v02( 1378): I/---> locClientSendReq line 2069 QMI_LOC_INJECT_XTRA_PCID_REQ_V02
11-02 16:13:03.376 E/QMI_FW  ( 1378): QCCI qmi_cci_xport_recv: txn not found. svc_id: 16
11-02 16:13:03.376 E/LocSvc_IzatApiV02( 1378): E/virtual int izat_core::IzatApiV02::injectIzatPcid(uint64_t):2715]: Error : st = 2, ind.status = 0
11-02 16:13:03.376 E/        ( 1378): E/virtual void izat_pcid::IzatPcidAdapter::injectIzatPcid(IzatPcid_t)::MyMessage::proc() const:56][XTRA2] injectIzatPcid(pcid=13358384848155457453) failed.
11-02 16:13:03.376 E/LocSvc_api_v02( 1378): I/---> locClientSendReq line 2069 QMI_LOC_REG_EVENTS_REQ_V02
11-02 16:13:03.377 I/ActivityManager( 1378): Start proc 1807:.dataservices/1000 for added application .dataservices
11-02 16:13:03.378 I/art     ( 1538): Do partial code cache collection, code=47KB, data=49KB
11-02 16:13:03.378 E/LocSvc_api_v02( 1378): I/---> locClientSendReq line 2069 QMI_LOC_SET_GNSS_CONSTELL_REPORT_CONFIG_V02
11-02 16:13:03.378 I/art     ( 1538): After code cache collection, code=45KB, data=48KB
11-02 16:13:03.378 I/art     ( 1538): Increasing code cache capacity to 256KB
11-02 16:13:03.378 E/LocSvc_ApiV02( 1378): I/<--- void globalRespCb(locClientHandleType, uint32_t, const locClientRespIndUnionType, uint32_t, void *) line 140 QMI_LOC_SET_GNSS_CONSTELL_REPORT_CONFIG_V02
11-02 16:13:03.378 E/LocSvc_ApiV02( 1378): E/virtual int LocApiV02::setSvMeasurementConstellation(const qmiLocGNSSConstellEnumT_v02):4465]: Set GNSS constellation failed. status: eLOC_CLIENT_SUCCESS, ind status:eQMI_LOC_GENERAL_FAILURE_V02
11-02 16:13:03.378 E/LocSvc_api_v02( 1378): I/---> locClientSendReq line 2069 QMI_LOC_SET_PROTOCOL_CONFIG_PARAMETERS_REQ_V02
11-02 16:13:03.379 E/LocSvc_ApiV02( 1378): I/<--- void globalRespCb(locClientHandleType, uint32_t, const locClientRespIndUnionType, uint32_t, void *) line 140 QMI_LOC_SET_PROTOCOL_CONFIG_PARAMETERS_REQ_V02
11-02 16:13:03.379 E/LocSvc_api_v02( 1378): I/---> locClientSendReq line 2069 QMI_LOC_SET_PROTOCOL_CONFIG_PARAMETERS_REQ_V02
11-02 16:13:03.380 E/LocSvc_ApiV02( 1378): I/<--- void globalRespCb(locClientHandleType, uint32_t, const locClientRespIndUnionType, uint32_t, void *) line 140 QMI_LOC_SET_PROTOCOL_CONFIG_PARAMETERS_REQ_V02
11-02 16:13:03.380 E/LocSvc_api_v02( 1378): I/---> locClientSendReq line 2069 QMI_LOC_SET_SENSOR_CONTROL_CONFIG_REQ_V02
11-02 16:13:03.381 E/LocSvc_ApiV02( 1378): I/<--- void globalRespCb(locClientHandleType, uint32_t, const locClientRespIndUnionType, uint32_t, void *) line 140 QMI_LOC_SET_SENSOR_CONTROL_CONFIG_REQ_V02
11-02 16:13:03.381 I/art     ( 1538): Compiler allocated 7MB to compile void android.widget.TextView.<init>(android.content.Context, android.util.AttributeSet, int, int)
11-02 16:13:03.383 E/LocSvc_api_v02( 1378): I/---> locClientSendReq line 2069 QMI_LOC_SET_PROTOCOL_CONFIG_PARAMETERS_REQ_V02
11-02 16:13:03.384 E/LocSvc_ApiV02( 1378): I/<--- void globalRespCb(locClientHandleType, uint32_t, const locClientRespIndUnionType, uint32_t, void *) line 140 QMI_LOC_SET_PROTOCOL_CONFIG_PARAMETERS_REQ_V02
11-02 16:13:03.384 E/LocSvc_api_v02( 1378): I/---> locClientSendReq line 2069 QMI_LOC_SET_PROTOCOL_CONFIG_PARAMETERS_REQ_V02
11-02 16:13:03.385 E/LocSvc_ApiV02( 1378): I/<--- void globalRespCb(locClientHandleType, uint32_t, const locClientRespIndUnionType, uint32_t, void *) line 140 QMI_LOC_SET_PROTOCOL_CONFIG_PARAMETERS_REQ_V02
11-02 16:13:03.385 E/LocSvc_api_v02( 1378): I/---> locClientSendReq line 2069 QMI_LOC_SET_PROTOCOL_CONFIG_PARAMETERS_REQ_V02
11-02 16:13:03.387 E/LocSvc_ApiV02( 1378): I/<--- void globalRespCb(locClientHandleType, uint32_t, const locClientRespIndUnionType, uint32_t, void *) line 140 QMI_LOC_SET_PROTOCOL_CONFIG_PARAMETERS_REQ_V02
11-02 16:13:03.387 E/LocSvc_api_v02( 1378): I/---> locClientSendReq line 2069 QMI_LOC_SET_SENSOR_PERFORMANCE_CONTROL_CONFIGURATION_REQ_V02
11-02 16:13:03.388 E/LocSvc_ApiV02( 1378): I/<--- void globalRespCb(locClientHandleType, uint32_t, const locClientRespIndUnionType, uint32_t, void *) line 140 QMI_LOC_SET_SENSOR_PERFORMANCE_CONTROL_CONFIGURATION_REQ_V02
11-02 16:13:03.388 E/LocSvc_api_v02( 1378): I/---> locClientSendReq line 2069 QMI_LOC_SET_XTRA_VERSION_CHECK_REQ_V02
11-02 16:13:03.388 E/LocSvc_ApiV02( 1378): I/<--- void globalRespCb(locClientHandleType, uint32_t, const locClientRespIndUnionType, uint32_t, void *) line 140 QMI_LOC_SET_XTRA_VERSION_CHECK_REQ_V02
11-02 16:13:03.388 D/GnssLocationProvider( 1378): set_capabilities_callback: 55u
11-02 16:13:03.390 I/GnssLocationProvider( 1378): WakeLock acquired by sendMessage(5, 0, null)
11-02 16:13:03.390 D/GnssLocationProvider( 1378): set_system_info_callback: year_of_hw=2015
11-02 16:13:03.390 E/LocSvc_api_v02( 1378): I/---> locClientSendReq line 2069 QMI_LOC_SET_GNSS_CONSTELL_REPORT_CONFIG_V02
11-02 16:13:03.391 I/GnssLocationProvider( 1378): WakeLock released by handleMessage(5, 0, null)
11-02 16:13:03.391 E/LocSvc_ApiV02( 1378): I/<--- void globalRespCb(locClientHandleType, uint32_t, const locClientRespIndUnionType, uint32_t, void *) line 140 QMI_LOC_SET_GNSS_CONSTELL_REPORT_CONFIG_V02
11-02 16:13:03.391 E/LocSvc_ApiV02( 1378): E/virtual int LocApiV02::setSvMeasurementConstellation(const qmiLocGNSSConstellEnumT_v02):4465]: Set GNSS constellation failed. status: eLOC_CLIENT_SUCCESS, ind status:eQMI_LOC_GENERAL_FAILURE_V02
11-02 16:13:03.397 I/MediaPlayerService(  585): MediaPlayerService::getOMX
11-02 16:13:03.398 I/OMXClient( 1378): MuxOMX ctor
11-02 16:13:03.398 I/ActivityManager( 1378): Start proc 1821:com.android.phone/1001 for added application com.android.phone
11-02 16:13:03.400 I/OMXMaster(  580): makeComponentInstance(OMX.google.vorbis.decoder) in mediacodec process
11-02 16:13:03.405 I/ActivityManager( 1378): START u0 {act=android.intent.action.MAIN cat=[android.intent.category.HOME] flg=0x10000100 cmp=com.android.settings/.FallbackHome} from uid 0 on display 0
11-02 16:13:03.406 I/MediaPlayerService(  585): MediaPlayerService::getOMX
11-02 16:13:03.407 I/OMXClient( 1538): MuxOMX ctor
11-02 16:13:03.408 I/OMXMaster(  580): makeComponentInstance(OMX.google.vorbis.decoder) in mediacodec process
11-02 16:13:03.413 W/System  ( 1378): ClassLoader referenced unknown path: 
11-02 16:13:03.414 W/System  ( 1378): ClassLoader referenced unknown path: /system/priv-app/Settings/lib/arm64
11-02 16:13:03.414 V/vold    (  459): Waiting for FUSE to spin up...
11-02 16:13:03.416 D/ApplicationLoaders( 1378): ignored Vulkan layer search path /system/priv-app/Settings/lib/arm64:/system/priv-app/Settings/Settings.apk!/lib/arm64-v8a:/system/lib64:/vendor/lib64 for namespace 0x7f7e5771d0
11-02 16:13:03.428 I/ActivityManager( 1378): Loaded persisted task ids for user 0
11-02 16:13:03.439 I/MediaPlayerService(  585): MediaPlayerService::getOMX
11-02 16:13:03.440 I/OMXClient( 1378): MuxOMX ctor
11-02 16:13:03.440 I/OMXMaster(  580): makeComponentInstance(OMX.google.vorbis.decoder) in mediacodec process
11-02 16:13:03.453 I/ActivityManager( 1378): Start proc 1845:com.android.settings/1000 for activity com.android.settings/.FallbackHome
11-02 16:13:03.465 V/vold    (  459): Waiting for FUSE to spin up...
11-02 16:13:03.465 I/SystemServer( 1378): Enabled StrictMode for system server main thread.
11-02 16:13:03.476 I/MediaPlayerService(  585): MediaPlayerService::getOMX
11-02 16:13:03.485 I/OMXClient( 1378): MuxOMX ctor
11-02 16:13:03.486 I/OMXMaster(  580): makeComponentInstance(OMX.google.vorbis.decoder) in mediacodec process
11-02 16:13:03.489 D/PermissionCache(  550): checking android.permission.READ_FRAME_BUFFER for uid=1000 => granted (1087 us)
11-02 16:13:03.505 W/System  ( 1821): ClassLoader referenced unknown path: /system/priv-app/TeleService/lib/arm64
11-02 16:13:03.511 D/ConditionProviders.SCP( 1378): onConnected
11-02 16:13:03.512 D/ZenLog  ( 1378): set_zen_mode: off,readXml
11-02 16:13:03.515 W/LocationProviderProxy-network( 1378): Odd, no component found for service com.android.location.service.v3.NetworkLocationProvider
11-02 16:13:03.515 V/vold    (  459): Waiting for FUSE to spin up...
11-02 16:13:03.523 W/GeocoderProxy( 1378): Odd, no component found for service com.android.location.service.GeocodeProvider
11-02 16:13:03.527 I/art     ( 1538): Do full code cache collection, code=125KB, data=104KB
11-02 16:13:03.528 I/art     ( 1538): Starting a blocking GC JitCodeCache
11-02 16:13:03.528 I/art     ( 1538): After code cache collection, code=104KB, data=74KB
11-02 16:13:03.532 W/System  ( 1807): ClassLoader referenced unknown path: /system/priv-app/CNEService/lib/arm64
11-02 16:13:03.532 D/ConditionProviders( 1378): Subscribing to condition://android/schedule?days=6.7&start=23.30&end=10.0&exitAtAlarm=false with ComponentInfo{android/com.android.server.notification.ScheduleConditionProvider}
11-02 16:13:03.533 D/ZenLog  ( 1378): subscribe: condition://android/schedule?days=6.7&start=23.30&end=10.0&exitAtAlarm=false,ok
11-02 16:13:03.534 D/ConditionProviders( 1378): Subscribing to condition://android/event?userId=-10000&calendar=&reply=1 with ComponentInfo{android/com.android.server.notification.EventConditionProvider}
11-02 16:13:03.534 D/ZenLog  ( 1378): subscribe: condition://android/event?userId=-10000&calendar=&reply=1,ok
11-02 16:13:03.536 D/ConditionProviders( 1378): Subscribing to condition://android/schedule?days=1.2.3.4.5&start=22.0&end=7.0&exitAtAlarm=false with ComponentInfo{android/com.android.server.notification.ScheduleConditionProvider}
11-02 16:13:03.537 D/ZenLog  ( 1378): subscribe: condition://android/schedule?days=1.2.3.4.5&start=22.0&end=7.0&exitAtAlarm=false,ok
11-02 16:13:03.545 W/System  ( 1845): ClassLoader referenced unknown path: /system/priv-app/Settings/lib/arm64
11-02 16:13:03.565 V/vold    (  459): Waiting for FUSE to spin up...
11-02 16:13:03.591 D/CNEServiceApp( 1807): start cne
11-02 16:13:03.596 I/vol.Events( 1538): writeEvent level_changed STREAM_ALARM 6
11-02 16:13:03.597 I/vol.Events( 1538): writeEvent level_changed STREAM_BLUETOOTH_SCO 7
11-02 16:13:03.601 I/vol.Events( 1538): writeEvent level_changed STREAM_MUSIC 11
11-02 16:13:03.602 W/System  ( 1821): ClassLoader referenced unknown path: /system/priv-app/TelephonyProvider/lib/arm64
11-02 16:13:03.604 D/ApplicationLoaders( 1821): ignored Vulkan layer search path /system/priv-app/TelephonyProvider/lib/arm64:/system/lib64:/vendor/lib64 for namespace 0x7f7e5770f0
11-02 16:13:03.606 I/MediaPlayerService(  585): MediaPlayerService::getOMX
11-02 16:13:03.607 I/vol.Events( 1538): writeEvent level_changed STREAM_RING 5
11-02 16:13:03.607 I/OMXClient( 1378): MuxOMX ctor
11-02 16:13:03.607 I/OMXMaster(  580): makeComponentInstance(OMX.google.vorbis.decoder) in mediacodec process
11-02 16:13:03.610 I/vol.Events( 1538): writeEvent level_changed STREAM_SYSTEM 5
11-02 16:13:03.612 I/QCNEJ   ( 1807): |CORE| phoneCount: 2
11-02 16:13:03.613 I/QCNEJ   ( 1807): |CORE| subs for 0th slot: null
11-02 16:13:03.613 I/QCNEJ   ( 1807): |CORE| subs for 1th slot: null
11-02 16:13:03.615 V/vold    (  459): Waiting for FUSE to spin up...
11-02 16:13:03.619 I/vol.Events( 1538): writeEvent level_changed STREAM_VOICE_CALL 4
11-02 16:13:03.624 W/QCNEJ   ( 1807): |CORE| CNE received unexpected action: android.intent.action.BATTERY_CHANGED
11-02 16:13:03.624 I/QCNEJ   ( 1807): |CORE:COM:RCVR| CNE creating socket
11-02 16:13:03.625 I/QCNEJ   ( 1807): |CORE:COM:RCVR| Connected to 'cnd' socket
11-02 16:13:03.627 E/QCNEJ   ( 1807): |CORE| Feature WQE is not enabled
11-02 16:13:03.629 I/QCNEJ   ( 1807): |CORE| registerSettingsObserver: getSubId for phone 0 returned Invalid sub
11-02 16:13:03.629 I/QCNEJ   ( 1807): |CORE| received protobuf msg: 
11-02 16:13:03.630 W/QCNEJ   ( 1807): |CORE| UNKOWN Unsolicited Event 8
11-02 16:13:03.630 I/vold    (  459): Trimmed 50032062464 bytes on /data in 4129ms
11-02 16:13:03.630 D/vold    (  459): Starting trim of /cache
11-02 16:13:03.631 D/VoldConnector( 1378): RCV <- {662 /data 50032062464 4129011405}
11-02 16:13:03.632 D/CNEServiceApp( 1807): broadcast cne started
11-02 16:13:03.633 W/ContextImpl( 1807): Calling a method in the system process without a qualified user: android.app.ContextImpl.sendBroadcast:877 android.content.ContextWrapper.sendBroadcast:421 com.quicinc.cne.CNEService.CNEServiceApp.broadcastCNEStarted:103 com.quicinc.cne.CNEService.CNEServiceApp.startCne:123 com.quicinc.cne.CNEService.CNEServiceApp.onCreate:94 
11-02 16:13:03.637 I/QCNEJ   ( 1807): |CORE| received protobuf msg: 
11-02 16:13:03.637 I/QCNEJ   ( 1807): |CORE| NOTIFY_FEATURE_STATUS received
11-02 16:13:03.638 I/QCNEJ   ( 1807): |CORE| received protobuf msg: 
11-02 16:13:03.638 I/QCNEJ   ( 1807): |CORE| NOTIFY_FEATURE_STATUS received
11-02 16:13:03.643 W/QCNEJ   ( 1807): |CORE| CNE received unexpected action: android.intent.action.BATTERY_CHANGED
11-02 16:13:03.644 I/vold    (  459): Trimmed 259772416 bytes on /cache in 13ms
11-02 16:13:03.644 D/vold    (  459): Starting trim of /persist
11-02 16:13:03.644 D/VoldConnector( 1378): RCV <- {662 /cache 259772416 13037708}
11-02 16:13:03.644 W/ContextImpl( 1378): Calling a method in the system process without a qualified user: android.app.ContextImpl.startService:1357 com.android.server.content.SyncManager$13.run:658 android.os.Handler.handleCallback:751 android.os.Handler.dispatchMessage:95 android.os.Looper.loop:154 
11-02 16:13:03.648 I/WifiScanningService( 1378): wifi driver unloaded
11-02 16:13:03.648 D/RttService( 1378): SCAN_AVAILABLE : 1
11-02 16:13:03.648 D/RttService( 1378): DefaultState got{ when=0 what=160513 target=com.android.internal.util.StateMachine$SmHandler }
11-02 16:13:03.649 D/ZenLog  ( 1378): set_zen_mode: off,cleanUpZenRules
11-02 16:13:03.665 D/AudioPolicyManagerCustom(  573): setForceUse() usage 0, config 0, mPhoneState 0
11-02 16:13:03.666 V/vold    (  459): Waiting for FUSE to spin up...
11-02 16:13:03.666 D/AudioPolicyManagerCustom(  573): setForceUse() usage 2, config 0, mPhoneState 0
11-02 16:13:03.670 W/QCNEJ   ( 1807): |CORE| CNE received unexpected action: android.intent.action.BATTERY_CHANGED
11-02 16:13:03.670 E/WindowManager( 1378): App trying to use insecure INPUT_FEATURE_NO_INPUT_CHANNEL flag. Ignoring
11-02 16:13:03.678 W/System  ( 1378): ClassLoader referenced unknown path: /system/priv-app/Telecom/lib/arm64
11-02 16:13:03.680 D/ApplicationLoaders( 1378): ignored Vulkan layer search path /system/priv-app/Telecom/lib/arm64:/system/priv-app/Telecom/Telecom.apk!/lib/arm64-v8a:/system/lib64:/vendor/lib64 for namespace 0x7f7e577240
11-02 16:13:03.711 I/vold    (  459): Trimmed 23957504 bytes on /persist in 66ms
11-02 16:13:03.711 D/VoldConnector( 1378): RCV <- {662 /persist 23957504 66783229}
11-02 16:13:03.716 V/vold    (  459): Waiting for FUSE to spin up...
11-02 16:13:03.721 D/StorageNotification( 1538): Notifying about private volume: VolumeInfo{private}:
11-02 16:13:03.721 D/StorageNotification( 1538):     type=PRIVATE diskId=null partGuid=null mountFlags=0 mountUserId=-1 
11-02 16:13:03.721 D/StorageNotification( 1538):     state=MOUNTED 
11-02 16:13:03.721 D/StorageNotification( 1538):     fsType=null fsUuid=null fsLabel=null 
11-02 16:13:03.721 D/StorageNotification( 1538):     path=/data internalPath=null 
11-02 16:13:03.724 D/TelephonyProvider( 1821): dbh.onOpen: ok, queried table=siminfo
11-02 16:13:03.725 D/TelephonyProvider( 1821): dbh.onOpen: ok, queried table=carriers
11-02 16:13:03.754 I/Adreno  ( 1845): QUALCOMM build                   : ead2395, I23cc4685e6
11-02 16:13:03.754 I/Adreno  ( 1845): Build Date                       : 04/11/17
11-02 16:13:03.754 I/Adreno  ( 1845): OpenGL ES Shader Compiler Version: XE031.09.00.04
11-02 16:13:03.754 I/Adreno  ( 1845): Local Branch                     : 
11-02 16:13:03.754 I/Adreno  ( 1845): Remote Branch                    : quic/gfx-adreno.lnx.1.0.r5-rel
11-02 16:13:03.754 I/Adreno  ( 1845): Remote Branch                    : NONE
11-02 16:13:03.754 I/Adreno  ( 1845): Reconstruct Branch               : NOTHING
11-02 16:13:03.755 D/BluetoothManagerService( 1378): Trying to bind to profile: 1, while Bluetooth was disabled
11-02 16:13:03.762 I/OpenGLRenderer( 1845): Initialized EGL, version 1.4
11-02 16:13:03.763 D/OpenGLRenderer( 1845): Swap behavior 1
11-02 16:13:03.766 V/vold    (  459): Waiting for FUSE to spin up...
11-02 16:13:03.766 I/Telecom ( 1378): SystemStateProvider: Registering car mode receiver: android.content.IntentFilter@d3cf632: TS.init@AAA
11-02 16:13:03.777 I/Telecom ( 1378): Telecom: Non-call EVENT: AUDIO_ROUTE, Entering state QuiescentEarpieceRoute
11-02 16:13:03.783 I/Telecom ( 1378): CallAudioModeStateMachine: Message received: null.: TS.init->CAMSM.pM_1@AAA_0
11-02 16:13:03.799 V/KeyguardServiceDelegate( 1378): *** Keyguard started
11-02 16:13:03.800 I/ActivityManager( 1378): Displayed com.android.settings/.FallbackHome: +364ms
11-02 16:13:03.802 I/WindowManager( 1378): Screen frozen for +320ms due to AppWindowToken{bea13d3 token=Token{42a360d ActivityRecord{621e8a4 u0 com.android.settings/.FallbackHome t1}}}
11-02 16:13:03.805 W/KeyguardServiceDelegate( 1378): onScreenTurningOn(): no keyguard service!
11-02 16:13:03.816 V/vold    (  459): Waiting for FUSE to spin up...
11-02 16:13:03.828 V/KeyguardServiceDelegate( 1378): *** Keyguard connected (yay!)
11-02 16:13:03.840 D/CryptdConnector( 1378): SND -> {3 cryptfs getpw}
11-02 16:13:03.842 D/VoldCryptCmdListener(  459): cryptfs getpw
11-02 16:13:03.843 D/CryptdConnector( 1378): RCV <- {200 3 -1}
11-02 16:13:03.845 D/CryptdConnector( 1378): SND -> {4 cryptfs clearpw}
11-02 16:13:03.849 D/VoldCryptCmdListener(  459): cryptfs clearpw
11-02 16:13:03.849 D/CryptdConnector( 1378): RCV <- {200 4 0}
11-02 16:13:03.867 V/vold    (  459): Waiting for FUSE to spin up...
11-02 16:13:03.877 I/Telecom ( 1378): ViceNotificationImpl: ViceNotificationImpl: TS.init@AAA
11-02 16:13:03.885 E/ActivityThread( 1378): Failed to find provider info for call_log
11-02 16:13:03.886 D/BluetoothManagerService( 1378): Trying to bind to profile: 1, while Bluetooth was disabled
11-02 16:13:03.888 I/Telecom ( 1378): BluetoothPhoneService: Ignoring IBluetoothDsdaService class not found exception : TS.init@AAA
11-02 16:13:03.896 I/Telecom ( 1378): Class: TelecomSystem.INSTANCE being set
11-02 16:13:03.897 W/ContextImpl( 1378): Calling a method in the system process without a qualified user: android.app.ContextImpl.startService:1357 android.content.ContextWrapper.startService:613 com.android.server.telecom.components.TelecomService.initializeTelecomSystem:196 com.android.server.telecom.components.TelecomService.onBind:64 android.app.ActivityThread.handleBindService:3243 
11-02 16:13:03.906 E/qti_sensors_hal( 1378): processReportInd: X: 0.183044 Y: 1.361511 Z: 9.891922 , timestamp = 1132308
11-02 16:13:03.917 V/vold    (  459): Waiting for FUSE to spin up...
11-02 16:13:03.929 E/WifiController( 1378): WifiControllerWifi turn on failed
11-02 16:13:03.929 I/StatusBarManagerService( 1378): registerStatusBar bar=com.android.internal.statusbar.IStatusBar$Stub$Proxy@ac691c6
11-02 16:13:03.942 D/NotificationSQLiteLog( 1378): Pruned event entries: 0
11-02 16:13:03.946 E/qti_sensors_hal( 1378): processReportInd: X: 0.265610 Y: 1.387833 Z: 9.978073 , timestamp = 1133629
11-02 16:13:03.967 V/vold    (  459): Waiting for FUSE to spin up...
11-02 16:13:03.978 W/System  ( 1378): ClassLoader referenced unknown path: /system/priv-app/FusedLocation/lib/arm64
11-02 16:13:03.980 D/ApplicationLoaders( 1378): ignored Vulkan layer search path /system/priv-app/FusedLocation/lib/arm64:/system/priv-app/FusedLocation/FusedLocation.apk!/lib/arm64-v8a:/system/lib64:/vendor/lib64 for namespace 0x7f7e5772b0
11-02 16:13:03.985 E/qti_sensors_hal( 1378): processReportInd: X: 0.398407 Y: 1.343567 Z: 9.940979 , timestamp = 1134913
11-02 16:13:03.998 I/BrokerableCMSystemService( 1378): Implementation service connected
11-02 16:13:03.999 V/WiredAccessoryManager( 1378): notifyWiredAccessoryChanged: when=0 bits= mask=54
11-02 16:13:03.999 V/WiredAccessoryManager( 1378): newName=h2w newState=0 headsetState=0 prev headsetState=0
11-02 16:13:03.999 E/WiredAccessoryManager( 1378): No state change.
11-02 16:13:03.999 V/WiredAccessoryManager( 1378): init()
11-02 16:13:04.018 V/vold    (  459): Waiting for FUSE to spin up...
11-02 16:13:04.036 I/art     ( 1538): Do partial code cache collection, code=125KB, data=104KB
11-02 16:13:04.036 I/art     ( 1538): After code cache collection, code=125KB, data=104KB
11-02 16:13:04.036 I/art     ( 1538): Increasing code cache capacity to 512KB
11-02 16:13:04.068 V/vold    (  459): Waiting for FUSE to spin up...
11-02 16:13:04.118 V/vold    (  459): Waiting for FUSE to spin up...
11-02 16:13:04.169 V/vold    (  459): Waiting for FUSE to spin up...
11-02 16:13:04.219 V/vold    (  459): Waiting for FUSE to spin up...
11-02 16:13:04.231 D/AudioPolicyManagerCustom(  573): setForceUse() usage 3, config 8, mPhoneState 0
11-02 16:13:04.232 D/AudioPolicyManagerCustom(  573): setForceUse() usage 6, config 0, mPhoneState 0
11-02 16:13:04.245 D/audio_hw_primary(  573): adev_set_mic_mute state 0
11-02 16:13:04.257 D/QC_RIL_OEM_HOOK( 1821): Starting QcrilMsgTunnel Service
11-02 16:13:04.269 V/vold    (  459): Waiting for FUSE to spin up...
11-02 16:13:04.277 I/ActivityManager( 1378): Start proc 1910:com.qualcomm.qcrilmsgtunnel/1001 for service com.qualcomm.qcrilmsgtunnel/.QcrilMsgTunnelService
11-02 16:13:04.281 D/QC_RIL_OEM_HOOK( 1821): The QcrilMsgTunnelService will be connected soon 
11-02 16:13:04.283 D/QC_RIL_OEM_HOOK( 1821): Registering for intent ACTION_UNSOL_RESPONSE_OEM_HOOK_RAW
11-02 16:13:04.304 E/CMHardwareService( 1378): Vibrator is not supported
11-02 16:13:04.311 E/CMHardwareService( 1378): Vibrator is not supported
11-02 16:13:04.319 V/vold    (  459): Waiting for FUSE to spin up...
11-02 16:13:04.321 W/System  ( 1910): ClassLoader referenced unknown path: /system/priv-app/qcrilmsgtunnel/lib/arm64
11-02 16:13:04.342 I/ActivityManager( 1378): Start proc 1926:com.android.cellbroadcastreceiver/u0a6 for broadcast com.android.cellbroadcastreceiver/.CellBroadcastReceiver
11-02 16:13:04.348 D/ConditionProviders.SCP( 1378): onSubscribe condition://android/schedule?days=6.7&start=23.30&end=10.0&exitAtAlarm=false
11-02 16:13:04.351 D/ConditionProviders.SCP( 1378): setRegistered true
11-02 16:13:04.354 D/ConditionProviders.SCP( 1378): notifyCondition condition://android/schedule?days=6.7&start=23.30&end=10.0&exitAtAlarm=false STATE_FALSE reason=!meetsSchedule
11-02 16:13:04.359 D/ConditionProviders.SCP( 1378): Scheduling evaluate for Tue Nov 02 23:30:00 GMT-11:00 2021 (1635935400000), in +7h16m55s649ms, now=Tue Nov 02 16:13:04 GMT-11:00 2021 (1635909184351)
11-02 16:13:04.360 D/ConditionProviders.SCP( 1378): onSubscribe condition://android/schedule?days=1.2.3.4.5&start=22.0&end=7.0&exitAtAlarm=false
11-02 16:13:04.369 V/vold    (  459): Waiting for FUSE to spin up...
11-02 16:13:04.372 D/ConditionProviders.SCP( 1378): notifyCondition condition://android/schedule?days=6.7&start=23.30&end=10.0&exitAtAlarm=false STATE_FALSE reason=!meetsSchedule
11-02 16:13:04.374 D/ConditionProviders.SCP( 1378): notifyCondition condition://android/schedule?days=1.2.3.4.5&start=22.0&end=7.0&exitAtAlarm=false STATE_FALSE reason=!meetsSchedule
11-02 16:13:04.376 D/QcrilMsgTunnelService( 1910): onCreate method
11-02 16:13:04.377 E/ActivityThread( 1378): Failed to find provider info for com.android.calendar
11-02 16:13:04.377 D/QcrilMsgTunnelIfaceManager( 1910): :Instantiated
11-02 16:13:04.378 E/ActivityThread( 1378): Failed to find provider info for com.android.calendar
11-02 16:13:04.378 D/ConditionProviders.SCP( 1378): Scheduling evaluate for Tue Nov 02 22:00:00 GMT-11:00 2021 (1635930000000), in +5h46m55s637ms, now=Tue Nov 02 16:13:04 GMT-11:00 2021 (1635909184363)
11-02 16:13:04.379 V/QcrilMsgTunnelSocket( 1910): Starting QcRil Sender & Receiver threads
11-02 16:13:04.382 I/QcrilMsgTunnelSocket( 1910): Connected to 'qmux_radio/rild_oem0' socket
11-02 16:13:04.383 D/QcrilMsgTunnelIfaceManager( 1910): Registered SUB0 for UNSOL OEM HOOK to deliver external apps
11-02 16:13:04.383 V/QcrilMsgTunnelSocket( 1910): Starting QcRil Sender & Receiver threads
11-02 16:13:04.384 I/QcrilMsgTunnelSocket( 1910): Connected to 'qmux_radio/rild_oem1' socket
11-02 16:13:04.385 I/SyncManager( 1378): Got SyncJobService instance.
11-02 16:13:04.387 D/QcrilMsgTunnelIfaceManager( 1910): Registered SUB1 for UNSOL OEM HOOK to deliver external apps
11-02 16:13:04.388 D/QcrilMsgTunnelService( 1910): Returning mHookIface for QcrilMsgTunnelService binding.
11-02 16:13:04.391 D/QcrilMsgTunnelIfaceManager( 1910): handleMessage what = 0
11-02 16:13:04.392 I/Telecom ( 1378): WiredHeadsetManager: ACTION_HEADSET_PLUG event, plugged in: false, : WHC.oADA@AAE
11-02 16:13:04.394 D/QcrilMsgTunnelIfaceManager( 1910): handleMessage what = 0
11-02 16:13:04.396 W/System  ( 1926): ClassLoader referenced unknown path: /system/priv-app/CellBroadcastReceiver/lib/arm64
11-02 16:13:04.402 I/ActivityManager( 1378): user 0 is still locked. Cannot load recents
11-02 16:13:04.402 I/art     ( 1821): Do partial code cache collection, code=28KB, data=26KB
11-02 16:13:04.403 I/art     ( 1821): After code cache collection, code=28KB, data=26KB
11-02 16:13:04.403 I/art     ( 1821): Increasing code cache capacity to 128KB
11-02 16:13:04.420 V/vold    (  459): Waiting for FUSE to spin up...
11-02 16:13:04.444 I/FusedLocation( 1378): engine started (com.android.location.fused)
11-02 16:13:04.461 D/CellBroadcastReceiver( 1926): onReceive Intent { act=android.intent.action.SIM_STATE_CHANGED flg=0x4000010 cmp=com.android.cellbroadcastreceiver/.CellBroadcastReceiver (has extras) }
11-02 16:13:04.470 V/vold    (  459): Waiting for FUSE to spin up...
11-02 16:13:04.480 E/QtiRilInterface( 1821): instance = com.qualcomm.qti.internal.telephony.QtiRilInterface@6e5cb39
11-02 16:13:04.520 V/vold    (  459): Waiting for FUSE to spin up...
11-02 16:13:04.570 V/vold    (  459): Waiting for FUSE to spin up...
11-02 16:13:04.603 W/System  ( 1538): ClassLoader referenced unknown path: 
11-02 16:13:04.603 W/System  ( 1538): ClassLoader referenced unknown path: /system/priv-app/Dialer/lib/arm64
11-02 16:13:04.605 D/ApplicationLoaders( 1538): ignored Vulkan layer search path /system/priv-app/Dialer/lib/arm64:/system/lib64:/vendor/lib64 for namespace 0x7f7e5770f0
11-02 16:13:04.621 V/vold    (  459): Waiting for FUSE to spin up...
11-02 16:13:04.631 I/QCNEJ   ( 1807): |CORE| set wifi state to 4
11-02 16:13:04.635 W/QCNEJ   ( 1807): |CORE| Phone id invalid or Service State available
11-02 16:13:04.648 I/art     ( 1821): Do partial code cache collection, code=49KB, data=51KB
11-02 16:13:04.648 I/art     ( 1821): After code cache collection, code=49KB, data=51KB
11-02 16:13:04.648 I/art     ( 1821): Increasing code cache capacity to 256KB
11-02 16:13:04.651 I/art     ( 1821): Compiler allocated 8MB to compile void com.android.server.SystemConfig.readPermissionsFromXml(java.io.File, int)
11-02 16:13:04.660 D/ClockController( 1538): onTuningChanged key=cmsystem:status_bar_clock value=0
11-02 16:13:04.670 D/ClockController( 1538): onTuningChanged key=cmsystem:status_bar_am_pm value=2
11-02 16:13:04.671 V/vold    (  459): Waiting for FUSE to spin up...
11-02 16:13:04.673 D/ClockController( 1538): onTuningChanged key=clock_seconds value=0
11-02 16:13:04.680 I/art     ( 1538): Do full code cache collection, code=251KB, data=207KB
11-02 16:13:04.681 I/art     ( 1538): Starting a blocking GC JitCodeCache
11-02 16:13:04.681 I/art     ( 1538): After code cache collection, code=237KB, data=173KB
11-02 16:13:04.682 D/PhoneSwitcherNetworkRequstListener( 1821): Registering NetworkFactory
11-02 16:13:04.684 D/ConnectivityService( 1378): Got NetworkFactory Messenger for PhoneSwitcherNetworkRequstListener
11-02 16:13:04.686 E/QtiRilInterface( 1821): instance = com.qualcomm.qti.internal.telephony.QtiRilInterface@6e5cb39
11-02 16:13:04.711 D/ConnectivityService( 1378): Got NetworkFactory Messenger for TelephonyNetworkFactory[0]
11-02 16:13:04.712 D/ConnectivityService( 1378): Got NetworkFactory Messenger for TelephonyNetworkFactory[1]
11-02 16:13:04.715 E/QtiRilInterface( 1821): instance = com.qualcomm.qti.internal.telephony.QtiRilInterface@6e5cb39
11-02 16:13:04.721 V/vold    (  459): Waiting for FUSE to spin up...
11-02 16:13:04.724 E/QtiRilInterface( 1821): instance = com.qualcomm.qti.internal.telephony.QtiRilInterface@6e5cb39
11-02 16:13:04.751 D/LocalBluetoothProfileManager( 1538): Adding local MAP profile
11-02 16:13:04.759 D/BluetoothMap( 1538): Create BluetoothMap proxy object
11-02 16:13:04.767 D/BluetoothDun( 1538): BluetoothDun() call bindService
11-02 16:13:04.767 E/ActivityThread( 1821): Failed to find provider info for com.android.contacts
11-02 16:13:04.767 W/CallerInfoCache( 1821): cursor is null
11-02 16:13:04.769 E/BluetoothDun( 1538): Could not bind to Bluetooth Dun Service with Intent { act=android.bluetooth.IBluetoothDun }
11-02 16:13:04.771 D/CarrierConfigLoader( 1821): CarrierConfigLoader has started
11-02 16:13:04.771 V/vold    (  459): Waiting for FUSE to spin up...
11-02 16:13:04.775 D/LocalBluetoothProfileManager( 1538): LocalBluetoothProfileManager construction complete
11-02 16:13:04.777 D/BluetoothManagerService( 1378): Trying to bind to profile: 1, while Bluetooth was disabled
11-02 16:13:04.805 I/CameraManagerGlobal( 1538): Connecting to camera service
11-02 16:13:04.805 W/WindowManager( 1378): Keyguard drawn timeout. Setting mKeyguardDrawComplete
11-02 16:13:04.807 E/CameraService(  575): getCameraVendorTagDescriptor: camera hardware module doesn't exist
11-02 16:13:04.821 V/vold    (  459): Waiting for FUSE to spin up...
11-02 16:13:04.829 I/Telephony( 1821): TtyManager: updateUiTtyMode -1 -> 0
11-02 16:13:04.844 I/Telephony( 1821): TtyManager: updateUiTtyMode -1 -> 0
11-02 16:13:04.865 I/ActivityManager( 1378): Start proc 1967:org.cyanogenmod.weather.provider/u0a32 for content provider org.cyanogenmod.weather.provider/.WeatherContentProvider
11-02 16:13:04.872 V/vold    (  459): Waiting for FUSE to spin up...
11-02 16:13:04.912 D/QcrilMsgTunnelIfaceManager( 1910): handleMessage what = 0
11-02 16:13:04.913 W/System  ( 1967): ClassLoader referenced unknown path: /system/priv-app/WeatherProvider/lib/arm64
11-02 16:13:04.916 D/QcrilMsgTunnelIfaceManager( 1910): handleMessage what = 0
11-02 16:13:04.922 V/vold    (  459): Waiting for FUSE to spin up...
11-02 16:13:04.973 V/vold    (  459): Waiting for FUSE to spin up...
11-02 16:13:05.023 V/vold    (  459): Waiting for FUSE to spin up...
11-02 16:13:05.056 E/ActivityThread( 1538): Failed to find provider info for com.android.contacts
11-02 16:13:05.072 I/StatusBar( 1538): isKeyguardShowing() called before startKeyguard(), returning true
11-02 16:13:05.073 V/vold    (  459): Waiting for FUSE to spin up...
11-02 16:13:05.074 W/StatusBar( 1538): isKeyguardSecure() called before startKeyguard(), returning false
11-02 16:13:05.074 W/StatusBar( 1538): java.lang.Throwable
11-02 16:13:05.074 W/StatusBar( 1538): 	at com.android.systemui.statusbar.BaseStatusBar.isKeyguardSecure(BaseStatusBar.java:2694)
11-02 16:13:05.074 W/StatusBar( 1538): 	at com.android.systemui.statusbar.BaseStatusBar.isCameraAllowedByAdmin(BaseStatusBar.java:2717)
11-02 16:13:05.074 W/StatusBar( 1538): 	at com.android.systemui.statusbar.phone.KeyguardBottomAreaView.updateCameraVisibility(KeyguardBottomAreaView.java:386)
11-02 16:13:05.074 W/StatusBar( 1538): 	at com.android.systemui.statusbar.phone.KeyguardBottomAreaView.setUserSetupComplete(KeyguardBottomAreaView.java:334)
11-02 16:13:05.074 W/StatusBar( 1538): 	at com.android.systemui.statusbar.phone.PhoneStatusBar$2.onChange(PhoneStatusBar.java:557)
11-02 16:13:05.074 W/StatusBar( 1538): 	at com.android.systemui.statusbar.phone.PhoneStatusBar.resetUserSetupObserver(PhoneStatusBar.java:4033)
11-02 16:13:05.074 W/StatusBar( 1538): 	at com.android.systemui.statusbar.phone.PhoneStatusBar.makeStatusBarView(PhoneStatusBar.java:1171)
11-02 16:13:05.074 W/StatusBar( 1538): 	at com.android.systemui.statusbar.phone.PhoneStatusBar.addStatusBarWindow(PhoneStatusBar.java:3770)
11-02 16:13:05.074 W/StatusBar( 1538): 	at com.android.systemui.statusbar.phone.PhoneStatusBar.createAndAddWindows(PhoneStatusBar.java:3766)
11-02 16:13:05.074 W/StatusBar( 1538): 	at com.android.systemui.statusbar.BaseStatusBar.start(BaseStatusBar.java:774)
11-02 16:13:05.074 W/StatusBar( 1538): 	at com.android.systemui.statusbar.phone.PhoneStatusBar.start(PhoneStatusBar.java:806)
11-02 16:13:05.074 W/StatusBar( 1538): 	at com.android.systemui.statusbar.SystemBars.createStatusBarFromConfig(SystemBars.java:106)
11-02 16:13:05.074 W/StatusBar( 1538): 	at com.android.systemui.statusbar.SystemBars.onNoService(SystemBars.java:58)
11-02 16:13:05.074 W/StatusBar( 1538): 	at com.android.systemui.statusbar.ServiceMonitor.startService(ServiceMonitor.java:230)
11-02 16:13:05.074 W/StatusBar( 1538): 	at com.android.systemui.statusbar.ServiceMonitor.-wrap5(ServiceMonitor.java)
11-02 16:13:05.074 W/StatusBar( 1538): 	at com.android.systemui.statusbar.ServiceMonitor$1.handleMessage(ServiceMonitor.java:73)
11-02 16:13:05.074 W/StatusBar( 1538): 	at android.os.Handler.dispatchMessage(Handler.java:102)
11-02 16:13:05.074 W/StatusBar( 1538): 	at android.os.Looper.loop(Looper.java:154)
11-02 16:13:05.074 W/StatusBar( 1538): 	at android.app.ActivityThread.main(ActivityThread.java:6186)
11-02 16:13:05.074 W/StatusBar( 1538): 	at java.lang.reflect.Method.invoke(Native Method)
11-02 16:13:05.074 W/StatusBar( 1538): 	at com.android.internal.os.ZygoteInit$MethodAndArgsCaller.run(ZygoteInit.java:889)
11-02 16:13:05.074 W/StatusBar( 1538): 	at com.android.internal.os.ZygoteInit.main(ZygoteInit.java:779)
11-02 16:13:05.076 I/StatusBar( 1538): isKeyguardShowing() called before startKeyguard(), returning true
11-02 16:13:05.077 W/StatusBar( 1538): isKeyguardSecure() called before startKeyguard(), returning false
11-02 16:13:05.077 W/StatusBar( 1538): java.lang.Throwable
11-02 16:13:05.077 W/StatusBar( 1538): 	at com.android.systemui.statusbar.BaseStatusBar.isKeyguardSecure(BaseStatusBar.java:2694)
11-02 16:13:05.077 W/StatusBar( 1538): 	at com.android.systemui.statusbar.BaseStatusBar.isCameraAllowedByAdmin(BaseStatusBar.java:2717)
11-02 16:13:05.077 W/StatusBar( 1538): 	at com.android.systemui.statusbar.phone.KeyguardBottomAreaView.updateCameraVisibility(KeyguardBottomAreaView.java:386)
11-02 16:13:05.077 W/StatusBar( 1538): 	at com.android.systemui.statusbar.phone.KeyguardBottomAreaView.updateRightAffordanceIcon(KeyguardBottomAreaView.java:264)
11-02 16:13:05.077 W/StatusBar( 1538): 	at com.android.systemui.statusbar.phone.KeyguardBottomAreaView.setUserSetupComplete(KeyguardBottomAreaView.java:335)
11-02 16:13:05.077 W/StatusBar( 1538): 	at com.android.systemui.statusbar.phone.PhoneStatusBar$2.onChange(PhoneStatusBar.java:557)
11-02 16:13:05.077 W/StatusBar( 1538): 	at com.android.systemui.statusbar.phone.PhoneStatusBar.resetUserSetupObserver(PhoneStatusBar.java:4033)
11-02 16:13:05.077 W/StatusBar( 1538): 	at com.android.systemui.statusbar.phone.PhoneStatusBar.makeStatusBarView(PhoneStatusBar.java:1171)
11-02 16:13:05.077 W/StatusBar( 1538): 	at com.android.systemui.statusbar.phone.PhoneStatusBar.addStatusBarWindow(PhoneStatusBar.java:3770)
11-02 16:13:05.077 W/StatusBar( 1538): 	at com.android.systemui.statusbar.phone.PhoneStatusBar.createAndAddWindows(PhoneStatusBar.java:3766)
11-02 16:13:05.077 W/StatusBar( 1538): 	at com.android.systemui.statusbar.BaseStatusBar.start(BaseStatusBar.java:774)
11-02 16:13:05.077 W/StatusBar( 1538): 	at com.android.systemui.statusbar.phone.PhoneStatusBar.start(PhoneStatusBar.java:806)
11-02 16:13:05.077 W/StatusBar( 1538): 	at com.android.systemui.statusbar.SystemBars.createStatusBarFromConfig(SystemBars.java:106)
11-02 16:13:05.077 W/StatusBar( 1538): 	at com.android.systemui.statusbar.SystemBars.onNoService(SystemBars.java:58)
11-02 16:13:05.077 W/StatusBar( 1538): 	at com.android.systemui.statusbar.ServiceMonitor.startService(ServiceMonitor.java:230)
11-02 16:13:05.077 W/StatusBar( 1538): 	at com.android.systemui.statusbar.ServiceMonitor.-wrap5(ServiceMonitor.java)
11-02 16:13:05.077 W/StatusBar( 1538): 	at com.android.systemui.statusbar.ServiceMonitor$1.handleMessage(ServiceMonitor.java:73)
11-02 16:13:05.077 W/StatusBar( 1538): 	at android.os.Handler.dispatchMessage(Handler.java:102)
11-02 16:13:05.077 W/StatusBar( 1538): 	at android.os.Looper.loop(Looper.java:154)
11-02 16:13:05.077 W/StatusBar( 1538): 	at android.app.ActivityThread.main(ActivityThread.java:6186)
11-02 16:13:05.077 W/StatusBar( 1538): 	at java.lang.reflect.Method.invoke(Native Method)
11-02 16:13:05.077 W/StatusBar( 1538): 	at com.android.internal.os.ZygoteInit$MethodAndArgsCaller.run(ZygoteInit.java:889)
11-02 16:13:05.077 W/StatusBar( 1538): 	at com.android.internal.os.ZygoteInit.main(ZygoteInit.java:779)
11-02 16:13:05.088 D/OpenGLRenderer( 1538): profile bars disabled
11-02 16:13:05.088 D/OpenGLRenderer( 1538): ambientRatio = 1.50
11-02 16:13:05.100 E/WindowManager( 1378): App trying to use insecure INPUT_FEATURE_NO_INPUT_CHANNEL flag. Ignoring
11-02 16:13:05.104 D/PermissionCache(  550): checking android.permission.ACCESS_SURFACE_FLINGER for uid=10033 => granted (521 us)
11-02 16:13:05.123 V/vold    (  459): Waiting for FUSE to spin up...
11-02 16:13:05.127 D/PhoneStatusBar( 1538): disable: < EXPAND* icons alerts system_info BACK* HOME* RECENT* clock SEARCH* quick_settings >
11-02 16:13:05.128 I/art     ( 1821): Do full code cache collection, code=124KB, data=116KB
11-02 16:13:05.128 I/art     ( 1821): Starting a blocking GC JitCodeCache
11-02 16:13:05.128 I/art     ( 1821): After code cache collection, code=112KB, data=87KB
11-02 16:13:05.160 E/WindowManager( 1378): App trying to use insecure INPUT_FEATURE_NO_INPUT_CHANNEL flag. Ignoring
11-02 16:13:05.166 E/WindowManager( 1378): App trying to use insecure INPUT_FEATURE_NO_INPUT_CHANNEL flag. Ignoring
11-02 16:13:05.173 V/vold    (  459): Waiting for FUSE to spin up...
11-02 16:13:05.179 D/QC_RIL_OEM_HOOK( 1821): QcrilMsgTunnelService Connected Successfully (onServiceConnected)
11-02 16:13:05.179 D/QC_RIL_OEM_HOOK( 1821): Calling onQcRilHookReady callback
11-02 16:13:05.179 E/QC_RIL_OEM_HOOK( 1821): Notifying registrants: OnServiceConnect
11-02 16:13:05.179 D/QC_RIL_OEM_HOOK( 1821): Received Broadcast Intent ACTION_UNSOL_RESPONSE_OEM_HOOK_RAW
11-02 16:13:05.179 D/QC_RIL_OEM_HOOK( 1821): Oem ID in QCRILHOOK UNSOL RESP is QOEMHOOK
11-02 16:13:05.180 D/QC_RIL_OEM_HOOK( 1821): Received Broadcast Intent ACTION_UNSOL_RESPONSE_OEM_HOOK_RAW
11-02 16:13:05.180 D/QC_RIL_OEM_HOOK( 1821): Oem ID in QCRILHOOK UNSOL RESP is QOEMHOOK
11-02 16:13:05.187 D/QcrilMsgTunnelIfaceManager( 1910): handleMessage what = 0
11-02 16:13:05.189 D/QcrilMsgTunnelIfaceManager( 1910): handleMessage what = 0
11-02 16:13:05.202 I/art     ( 1821): Do partial code cache collection, code=115KB, data=90KB
11-02 16:13:05.202 I/art     ( 1821): After code cache collection, code=115KB, data=90KB
11-02 16:13:05.202 I/art     ( 1821): Increasing code cache capacity to 512KB
11-02 16:13:05.221 I/art     ( 1538): Do partial code cache collection, code=250KB, data=193KB
11-02 16:13:05.221 I/art     ( 1538): After code cache collection, code=249KB, data=193KB
11-02 16:13:05.221 I/art     ( 1538): Increasing code cache capacity to 1024KB
11-02 16:13:05.223 V/vold    (  459): Waiting for FUSE to spin up...
11-02 16:13:05.274 V/vold    (  459): Waiting for FUSE to spin up...
11-02 16:13:05.297 D/audio_hw_primary(  573): adev_set_parameters: enter: A2dpSuspended=false
11-02 16:13:05.298 D/audio_hw_extn(  573): audio_extn_set_anc_parameters: anc_enabled:0
11-02 16:13:05.298 D/audio_hw_spkr_prot(  573): audio_extn_fbsp_set_parameters: Speaker protection disabled
11-02 16:13:05.298 D/AudioPolicyManagerCustom(  573): setForceUse() usage 0, config 0, mPhoneState 0
11-02 16:13:05.298 D/AudioPolicyManagerCustom(  573): setForceUse() usage 2, config 0, mPhoneState 0
11-02 16:13:05.324 V/vold    (  459): Waiting for FUSE to spin up...
11-02 16:13:05.354 W/QCNEJ   ( 1807): |CORE| CNE received unexpected action: android.intent.action.BATTERY_CHANGED
11-02 16:13:05.374 V/vold    (  459): Waiting for FUSE to spin up...
11-02 16:13:05.414 D/PhoneStatusBar( 1538): heads up is enabled
11-02 16:13:05.424 V/vold    (  459): Waiting for FUSE to spin up...
11-02 16:13:05.474 V/vold    (  459): Waiting for FUSE to spin up...
