--------- beginning of main
10-11 16:12:32.938 W/auditd  (  449): type=2000 audit(0.0:1): initialized
10-11 16:12:35.579 I/auditd  (  449): type=1403 audit(0.0:2): policy loaded auid=4294967295 ses=4294967295
10-11 16:12:40.001 I/        (  458): debuggerd: starting
10-11 16:12:40.016 I/        (  457): debuggerd: starting
--------- beginning of system
10-11 16:12:40.036 I/vold    (  459): Vold 3.0 (the awakening) firing up
10-11 16:12:40.037 V/vold    (  459): Detected support for: exfat ext4 ntfs vfat
10-11 16:12:40.055 D/vold    (  459): e4crypt_init_user0
10-11 16:12:40.055 D/vold    (  459): e4crypt_prepare_user_storage for volume null, user 0, serial 0, flags 1
10-11 16:12:40.055 D/vold    (  459): Preparing: /data/system/users/0
10-11 16:12:40.055 D/vold    (  459): Preparing: /data/misc/profiles/cur/0
10-11 16:12:40.056 D/vold    (  459): Preparing: /data/misc/profiles/cur/0/foreign-dex
10-11 16:12:40.056 D/vold    (  459): Preparing: /data/system_de/0
10-11 16:12:40.056 D/vold    (  459): Preparing: /data/misc_de/0
10-11 16:12:40.057 D/vold    (  459): Preparing: /data/user_de/0
10-11 16:12:40.057 D/vold    (  459): e4crypt_unlock_user_key 0 serial=0 token_present=0
10-11 16:12:40.059 I/vdc     (    1): 200 462 Command succeeded
10-11 16:12:40.074 I//system/bin/tzdatacheck(  466): tzdata file /data/misc/zoneinfo/current/tzdata does not exist. No action required.
10-11 16:12:40.112 E/ANDR-PERF-MPCTL(  467): Checking boot complete
10-11 16:12:40.138 I/sysinit (  469): Running /system/etc/init.d/00banner 
10-11 16:12:40.160 I/cm      (  471): _ _                                        
10-11 16:12:40.172 I/cm      (  472): | (_)_ __   ___  __ _  __ _  ___  ___  ___  
10-11 16:12:40.185 I/cm      (  474): | | | '_ \ / _ \/ _` |/ _` |/ _ \/ _ \/ __| 
10-11 16:12:40.199 I/cm      (  475): | | | | | |  __/ (_| | (_| |  __/ (_) \__ \ 
10-11 16:12:40.211 I/cm      (  476): |_|_|_| |_|\___|\__,_|\__, |\___|\___/|___/ 
10-11 16:12:40.223 I/cm      (  477):                       |___/ 
10-11 16:12:40.259 I/cm      (  480): Welcome to Android 7.1.2 / LineageOS-14.1-20211103-UNOFFICIAL-r9s 
10-11 16:12:40.271 I/sysinit (  481): Running /system/etc/init.d/90userinit 
10-11 16:12:40.420 I/BOOT    (  491): MSM target '', SoC 'MTP', HwID '293', SoC ver '65536' 
10-11 16:12:40.707 I/irsc_util(  538): Starting irsc tool
10-11 16:12:40.709 I/irsc_util(  538): Num of entries:290
10-11 16:12:40.710 I/irsc_util(  538): Ending irsc tool
10-11 16:12:40.731 D/QSEECOMD: (  545): qseecom listener services process entry PPID = 1
10-11 16:12:40.731 E/QSEECOMD: (  545): Listener: index = 0, hierarchy = 0
10-11 16:12:40.738 I/rmt_storage(  539): Shared memory initialised successfully.
10-11 16:12:40.738 I/rmt_storage(  539): Registering modemst1: 0x4a /boot/modem_fs1
10-11 16:12:40.738 I/rmt_storage(  539): Registering modemst2: 0x4b /boot/modem_fs2
10-11 16:12:40.738 I/rmt_storage(  539): Registering fsc: 0xff /boot/modem_fsc
10-11 16:12:40.739 I/rmt_storage(  539): Registering fsg: 0x58 /boot/modem_fsg
10-11 16:12:40.739 I/rmt_storage(  539): Registering oppodycnvbk: 0x4a /oppo/oppodycnvbk
10-11 16:12:40.739 I/rmt_storage(  539): Registering oppostanvbk: 0x4a /oppo/oppostanvbk
10-11 16:12:40.739 I/rmt_storage(  539): 6 GPT partitions found
10-11 16:12:40.741 I/tftp_server(  540): Starting...
10-11 16:12:40.743 I/rmt_storage(  539): Capset success!
10-11 16:12:40.743 I/qcom-bluetooth(  557): /system/etc/init.qcom.bt.sh: init.qcom.bt.sh config = onboot 
10-11 16:12:40.746 I/lowmemorykiller(  547): Using in-kernel low memory killer interface
10-11 16:12:40.763 E/adsprpc (  566): vendor/qcom/proprietary/adsprpc/src/adsprpcd.c:26:adsp daemon starting
10-11 16:12:40.769 I/init    (  602): type=1400 audit(0.0:3): avc: denied { execute } for uid=1000 name="alipayservice" dev="mmcblk0p28" ino=125 scontext=u:r:init:s0 tcontext=u:object_r:alipayservice_exec:s0 tclass=file permissive=1
10-11 16:12:40.776 E/PerMgrProxy(  559): Starting pm-proxy service
10-11 16:12:40.777 I/PerMgrProxy(  559): Found internal modem
10-11 16:12:40.780 I/ServiceManager(  559): Waiting for service vendor.qcom.PeripheralManager...
10-11 16:12:40.834 E/adsprpc (  566): vendor/qcom/proprietary/adsprpc/src/adsp_default_listener.c:28:adsp_default_listener_start started
10-11 16:12:40.838 D/QSEECOMD: (  545): Init dlopen(librpmb.so, RTLD_NOW) succeeds
10-11 16:12:40.838 D/QSEECOMD: (  545): Init::Init dlsym(g_FSHandle rpmb_init_service) succeeds
10-11 16:12:40.839 I/rpmb_emmc(  545): RPMB Mult (512-bytes sector) = 8192, Rel_sec_cnt = 32
10-11 16:12:40.839 E/DrmLibRpmb(  545): rpmb_init succeeded! with ret = 0
10-11 16:12:40.839 D/QSEECOMD: (  545): Init rpmb_init_service ret = 0
10-11 16:12:40.839 D/QSEECOMD: (  545): RPMB system services: init (Listener ID = 8192)
10-11 16:12:40.839 E/QSEECOMD: (  545): Listener: index = 1, hierarchy = 0
10-11 16:12:40.855 I/AlipayDaemon(  602): BpServiceManager->addService
10-11 16:12:40.856 I/AlipayDaemon(  602): ServiceManager:0x7f9163d0c0
10-11 16:12:40.857 E/SELinux (  548): avc:  denied  { add } for service=oppo.com.alipayService pid=602 uid=1000 scontext=u:r:init:s0 tcontext=u:object_r:default_android_service:s0 tclass=service_manager permissive=1
10-11 16:12:40.857 D/AlipayDaemon(  602): nR = 0
10-11 16:12:40.863 I/        (  577): installd firing up
10-11 16:12:40.865 D/QSEECOMD: (  545): Init dlopen(libssd.so, RTLD_NOW) succeeds
10-11 16:12:40.865 D/QSEECOMD: (  545): Init::Init dlsym(g_FSHandle ssd_init_service) succeeds
10-11 16:12:40.865 E/SSD     (  545): ssd_init_service succeeded!
10-11 16:12:40.865 D/QSEECOMD: (  545): Init ssd_init_service ret = 0
10-11 16:12:40.865 D/QSEECOMD: (  545): SSD system services: init (Listener ID = 12288)
10-11 16:12:40.865 E/QSEECOMD: (  545): Listener: index = 2, hierarchy = 0
10-11 16:12:40.866 E/QSEECOMD: (  545): Init dlopen(libsecureui.so, RLTD_NOW) is failed....
10-11 16:12:40.866 D/QSEECOMD: (  545): SEC_UI_INIT failed, shall not start secure ui listener
10-11 16:12:40.866 D/QSEECOMD: (  545): Parent qseecom daemon process paused!! 
10-11 16:12:40.887 D/QC-time-services(  562): Daemon:genoff_pre_init::Base = 0
10-11 16:12:40.887 D/QC-time-services(  562): Daemon:ats_rtc_init: Time read from RTC -- year = 70, month = 9,day = 12
10-11 16:12:40.887 D/QC-time-services(  562): Daemon ats_rtc_init: seconds = 24549161
10-11 16:12:40.887 D/QC-time-services(  562): Daemon:Value read from RTC seconds = 24549161000
10-11 16:12:40.887 D/QC-time-services(  562): Daemon:genoff_init_config: ATS_RTC initialized with rc: 0
10-11 16:12:40.887 D/QC-time-services(  562): Daemon:genoff_pre_init::Base = 1
10-11 16:12:40.887 D/QC-time-services(  562): Daemon: Storage Name: ats_1 
10-11 16:12:40.887 D/QC-time-services(  562): Daemon:Opening File: /persist/time/ats_1 /data/time/ats_1
10-11 16:12:40.887 D/QC-time-services(  562): Daemon:time_persistent_memory_opr:Genoff Read operation 
10-11 16:12:40.890 D/QC-time-services(  562): Daemon:Open File: /data/time/ats_1
10-11 16:12:40.892 D/QC-time-services(  562): Daemon:genoff_pre_init::Base = 2
10-11 16:12:40.892 D/QC-time-services(  562): Daemon: Storage Name: ats_2 
10-11 16:12:40.892 D/QC-time-services(  562): Daemon:Opening File: /persist/time/ats_2 /data/time/ats_2
10-11 16:12:40.892 D/QC-time-services(  562): Daemon:time_persistent_memory_opr:Genoff Read operation 
10-11 16:12:40.892 D/QC-time-services(  562): Daemon:Open File: /data/time/ats_2
10-11 16:12:40.892 I/keystore(  578): Found keymaster1 module Keymaster QTI HAL, version 100
10-11 16:12:40.892 I/SoftKeymaster(  578): system/keymaster/soft_keymaster_device.cpp, Line 131: Creating device
10-11 16:12:40.893 D/SoftKeymaster(  578): system/keymaster/soft_keymaster_device.cpp, Line 132: Device address: 0x7f9183e000
10-11 16:12:40.893 I/gatekeeperd(  603): Starting gatekeeperd...
10-11 16:12:40.893 D/tftp_server(  540): pid=540 tid=540 tftp-server : DBG :[tftp_os_wakelocks_la.c, 204] Capset success!
10-11 16:12:40.894 D/QC-time-services(  562): Daemon:genoff_pre_init::Base = 3
10-11 16:12:40.894 D/QC-time-services(  562): Daemon: Storage Name: ats_3 
10-11 16:12:40.894 D/QC-time-services(  562): Daemon:Opening File: /persist/time/ats_3 /data/time/ats_3
10-11 16:12:40.894 D/QC-time-services(  562): Daemon:time_persistent_memory_opr:Genoff Read operation 
10-11 16:12:40.894 D/QC-time-services(  562): Daemon:Open File: /data/time/ats_3
10-11 16:12:40.894 D/QC-time-services(  562): Daemon:Unable to open filefor read
10-11 16:12:40.894 D/QC-time-services(  562): Daemon:genoff_post_init:Error in accessing storage
10-11 16:12:40.894 D/QC-time-services(  562): Daemon:genoff_pre_init::Base = 4
10-11 16:12:40.894 D/QC-time-services(  562): Daemon: Storage Name: ats_4 
10-11 16:12:40.894 D/QC-time-services(  562): Daemon:Opening File: /persist/time/ats_4 /data/time/ats_4
10-11 16:12:40.894 D/QC-time-services(  562): Daemon:time_persistent_memory_opr:Genoff Read operation 
10-11 16:12:40.894 D/QC-time-services(  562): Daemon:Open File: /data/time/ats_4
10-11 16:12:40.894 D/QC-time-services(  562): Daemon:Unable to open filefor read
10-11 16:12:40.894 D/QC-time-services(  562): Daemon:genoff_post_init:Error in accessing storage
10-11 16:12:40.894 D/QC-time-services(  562): Daemon:genoff_pre_init::Base = 5
10-11 16:12:40.894 D/QC-time-services(  562): Daemon: Storage Name: ats_5 
10-11 16:12:40.894 D/QC-time-services(  562): Daemon:Opening File: /persist/time/ats_5 /data/time/ats_5
10-11 16:12:40.894 D/QC-time-services(  562): Daemon:time_persistent_memory_opr:Genoff Read operation 
10-11 16:12:40.894 D/QC-time-services(  562): Daemon:Open File: /data/time/ats_5
10-11 16:12:40.894 D/QC-time-services(  562): Daemon:Unable to open filefor read
10-11 16:12:40.894 D/QC-time-services(  562): Daemon:genoff_post_init:Error in accessing storage
10-11 16:12:40.894 D/QC-time-services(  562): Daemon:genoff_pre_init::Base = 6
10-11 16:12:40.894 D/QC-time-services(  562): Daemon: Storage Name: ats_6 
10-11 16:12:40.894 D/QC-time-services(  562): Daemon:Opening File: /persist/time/ats_6 /data/time/ats_6
10-11 16:12:40.894 D/QC-time-services(  562): Daemon:time_persistent_memory_opr:Genoff Read operation 
10-11 16:12:40.894 D/QC-time-services(  562): Daemon:Open File: /data/time/ats_6
10-11 16:12:40.894 D/QC-time-services(  562): Daemon:Unable to open filefor read
10-11 16:12:40.894 D/QC-time-services(  562): Daemon:genoff_post_init:Error in accessing storage
10-11 16:12:40.894 D/QC-time-services(  562): Daemon:genoff_pre_init::Base = 7
10-11 16:12:40.894 D/QC-time-services(  562): Daemon: Storage Name: ats_7 
10-11 16:12:40.894 D/QC-time-services(  562): Daemon:Opening File: /persist/time/ats_7 /data/time/ats_7
10-11 16:12:40.894 D/QC-time-services(  562): Daemon:time_persistent_memory_opr:Genoff Read operation 
10-11 16:12:40.894 D/QC-time-services(  562): Daemon:Open File: /data/time/ats_7
10-11 16:12:40.894 D/QC-time-services(  562): Daemon:Unable to open filefor read
10-11 16:12:40.894 D/QC-time-services(  562): Daemon:genoff_post_init:Error in accessing storage
10-11 16:12:40.894 D/QC-time-services(  562): Daemon:genoff_pre_init::Base = 8
10-11 16:12:40.894 D/QC-time-services(  562): Daemon: Storage Name: ats_8 
10-11 16:12:40.894 D/QC-time-services(  562): Daemon:Opening File: /persist/time/ats_8 /data/time/ats_8
10-11 16:12:40.894 D/QC-time-services(  562): Daemon:time_persistent_memory_opr:Genoff Read operation 
10-11 16:12:40.894 D/QC-time-services(  562): Daemon:Open File: /data/time/ats_8
10-11 16:12:40.894 D/QC-time-services(  562): Daemon:Unable to open filefor read
10-11 16:12:40.894 D/QC-time-services(  562): Daemon:genoff_post_init:Error in accessing storage
10-11 16:12:40.894 D/QC-time-services(  562): Daemon:genoff_pre_init::Base = 9
10-11 16:12:40.894 D/QC-time-services(  562): Daemon: Storage Name: ats_9 
10-11 16:12:40.894 D/QC-time-services(  562): Daemon:Opening File: /persist/time/ats_9 /data/time/ats_9
10-11 16:12:40.894 D/QC-time-services(  562): Daemon:time_persistent_memory_opr:Genoff Read operation 
10-11 16:12:40.894 D/QC-time-services(  562): Daemon:Open File: /data/time/ats_9
10-11 16:12:40.894 D/QC-time-services(  562): Daemon:Unable to open filefor read
10-11 16:12:40.894 D/QC-time-services(  562): Daemon:genoff_post_init:Error in accessing storage
10-11 16:12:40.894 D/QC-time-services(  562): Daemon:genoff_pre_init::Base = 10
10-11 16:12:40.894 D/QC-time-services(  562): Daemon: Storage Name: ats_10 
10-11 16:12:40.894 D/QC-time-services(  562): Daemon:Opening File: /persist/time/ats_10 /data/time/ats_10
10-11 16:12:40.894 D/QC-time-services(  562): Daemon:time_persistent_memory_opr:Genoff Read operation 
10-11 16:12:40.894 D/QC-time-services(  562): Daemon:Open File: /data/time/ats_10
10-11 16:12:40.894 D/QC-time-services(  562): Daemon:Unable to open filefor read
10-11 16:12:40.894 D/QC-time-services(  562): Daemon:genoff_post_init:Error in accessing storage
10-11 16:12:40.894 D/QC-time-services(  562): Daemon:genoff_pre_init::Base = 11
10-11 16:12:40.894 D/QC-time-services(  562): Daemon: Storage Name: ats_11 
10-11 16:12:40.894 D/QC-time-services(  562): Daemon:Opening File: /persist/time/ats_11 /data/time/ats_11
10-11 16:12:40.894 D/QC-time-services(  562): Daemon:time_persistent_memory_opr:Genoff Read operation 
10-11 16:12:40.894 D/QC-time-services(  562): Daemon:Open File: /data/time/ats_11
10-11 16:12:40.894 D/QC-time-services(  562): Daemon:Unable to open filefor read
10-11 16:12:40.894 D/QC-time-services(  562): Daemon:genoff_post_init:Error in accessing storage
10-11 16:12:40.894 D/QC-time-services(  562): Daemon:genoff_pre_init::Base = 12
10-11 16:12:40.894 D/QC-time-services(  562): Daemon: Storage Name: ats_12 
10-11 16:12:40.894 D/QC-time-services(  562): Daemon:Opening File: /persist/time/ats_12 /data/time/ats_12
10-11 16:12:40.894 D/QC-time-services(  562): Daemon:time_persistent_memory_opr:Genoff Read operation 
10-11 16:12:40.894 D/QC-time-services(  562): Daemon:Open File: /data/time/ats_12
10-11 16:12:40.894 D/QC-time-services(  562): Daemon:Unable to open filefor read
10-11 16:12:40.894 D/QC-time-services(  562): Daemon:genoff_post_init:Error in accessing storage
10-11 16:12:40.894 D/QC-time-services(  562): Daemon:genoff_pre_init::Base = 13
10-11 16:12:40.894 D/QC-time-services(  562): Daemon: Storage Name: ats_13 
10-11 16:12:40.894 D/QC-time-services(  562): Daemon:Opening File: /persist/time/ats_13 /data/time/ats_13
10-11 16:12:40.894 D/QC-time-services(  562): Daemon:time_persistent_memory_opr:Genoff Read operation 
10-11 16:12:40.895 D/QC-time-services(  562): Daemon:Open File: /data/time/ats_13
10-11 16:12:40.895 D/QC-time-services(  562): Daemon:Unable to open filefor read
10-11 16:12:40.895 D/QC-time-services(  562): Daemon:genoff_post_init:Error in accessing storage
10-11 16:12:40.895 D/QC-time-services(  562): Daemon:genoff_pre_init::Base = 14
10-11 16:12:40.895 D/QC-time-services(  562): Daemon: Storage Name: ats_14 
10-11 16:12:40.895 D/QC-time-services(  562): Daemon:Opening File: /persist/time/ats_14 /data/time/ats_14
10-11 16:12:40.895 D/QC-time-services(  562): Daemon:time_persistent_memory_opr:Genoff Read operation 
10-11 16:12:40.895 D/QC-time-services(  562): Daemon:Open File: /data/time/ats_14
10-11 16:12:40.895 D/QC-time-services(  562): Daemon:Unable to open filefor read
10-11 16:12:40.895 D/QC-time-services(  562): Daemon:genoff_post_init:Error in accessing storage
10-11 16:12:40.895 D/QC-time-services(  562): Daemon:genoff_pre_init::Base = 15
10-11 16:12:40.895 D/QC-time-services(  562): Daemon: Storage Name: ats_15 
10-11 16:12:40.895 D/QC-time-services(  562): Daemon:Opening File: /persist/time/ats_15 /data/time/ats_15
10-11 16:12:40.895 D/QC-time-services(  562): Daemon:time_persistent_memory_opr:Genoff Read operation 
10-11 16:12:40.895 D/QC-time-services(  562): Daemon:Open File: /data/time/ats_15
10-11 16:12:40.895 D/QC-time-services(  562): Daemon:Unable to open filefor read
10-11 16:12:40.895 D/QC-time-services(  562): Daemon:genoff_post_init:Error in accessing storage
10-11 16:12:40.895 D/QC-time-services(  562): Daemon:genoff_init_config: Other bases initilized, exiting genoff_init
10-11 16:12:40.895 D/QC-time-services(  562): Daemon:rtc_get: Time read from RTC -- MM/DD/YY HH:MM:SS9/12/70 3:12:41
10-11 16:12:40.895 D/QC-time-services(  562): Daemon rtc_get: seconds = 24549161
10-11 16:12:40.895 D/QC-time-services(  562): Daemon:Value read from RTC mseconds = 24549161000
10-11 16:12:40.895 D/QC-time-services(  562): Daemon:Value read from QTimer mseconds = 11643
10-11 16:12:40.895 D/QC-time-services(  562): Daemon:genoff_opr: Base = 1, val = 0, operation = 1
10-11 16:12:40.895 D/QC-time-services(  562): Daemon: genoff get for 1
10-11 16:12:40.895 D/QC-time-services(  562): Daemon:Value read from QTimer mseconds = 11643
10-11 16:12:40.895 D/QC-time-services(  562): Daemon:Value read from RTC mseconds on boot = 24549161000
10-11 16:12:40.895 D/QC-time-services(  562): Daemon:Value read from QTimer mseconds = 11643
10-11 16:12:40.895 D/QC-time-services(  562): Daemon:Value read from generic offset = 1611359999994
10-11 16:12:40.895 D/QC-time-services(  562): Daemon:Delta read on boot mseconds = 24549149357
10-11 16:12:40.895 D/QC-time-services(  562): Daemon:Final Time = 1635909160994
10-11 16:12:40.895 E/QC-time-services(  562): Daemon:genoff_boot_tod_init: Unable to open alarm device
10-11 16:12:40.895 E/QC-time-services(  562): Daemon:genoff_boot_tod_init: Updating system time to sec=1635909160, usec=994000
11-02 16:12:40.996 D/gatekeeper_device(  603): HwGkOpen called
11-02 16:12:40.997 E/Diag_Lib(  565): qpLogDiagInit <== result : 1
11-02 16:12:40.997 E/Diag_Lib(  565): QMID : gIsQXDMDisabled 0, gIsADBDisabled 1, gIsDebugDisabled 0, gIsIMSLogsDisabled 0
11-02 16:12:40.997 E/Diag_Lib(  565): [IMS_QMID] |imsqmiserver.c | 538 | QMID#$$#0#QMI DAEMON STARTED
11-02 16:12:40.998 I/PerMgrSrv(  546): Adding entry for modem : offTimeout : 500 ackTimeout : 200
11-02 16:12:40.998 D/tftp_server(  540): pid=540 tid=540 tftp-server : DBG :[tftp_server.c, 597] Server waiting for client-connection.
11-02 16:12:41.001 D/QSEECOMD: (  624): qseecom listener service threads starting!!! 
11-02 16:12:41.001 D/QSEECOMD: (  624): Total listener services to start = 9
11-02 16:12:41.001 E/QSEECOMD: (  624): Listener: index = 0, hierarchy = 1
11-02 16:12:41.001 D/QSEECOMD: (  624): Init dlopen(librpmb.so, RTLD_NOW) succeeds
11-02 16:12:41.001 D/QSEECOMD: (  624): Init::Init dlsym(g_FSHandle rpmb_start) succeeds
11-02 16:12:41.001 D/QSEECOMAPI(  624): QSEECom_register_listener 8192 sb_length = 0x6400
11-02 16:12:41.007 D/QC-time-services(  562): Daemon: Time-services: All initializations done
11-02 16:12:41.007 E/QC-time-services(  562): Daemon: Time-services: Waiting to acceptconnection
11-02 16:12:41.008 D/QC-time-services(  562): Daemon:genoff_modem_qmi_service_request: Initiallizing QMI 
11-02 16:12:41.008 I/PerMgrSrv(  546): Peripheral Mananager service start
11-02 16:12:41.008 I/PerMgrSrv(  546): power-off timeout 500,ms; event-ack timeout 200,ms; debug-mode false
11-02 16:12:41.008 I/PerMgrSrv(  546): Statistics for : modem
11-02 16:12:41.008 I/PerMgrSrv(  546): modem: Current State : is off-line
11-02 16:12:41.008 I/PerMgrSrv(  546): modem: Voter/Listener count : 0/0
11-02 16:12:41.008 I/PerMgrSrv(  546): modem: Power on count : 0
11-02 16:12:41.008 I/PerMgrSrv(  546): modem: Power off count: 0
11-02 16:12:41.008 I/PerMgrSrv(  546): modem: Client list:
11-02 16:12:41.012 I/fingerprintd(  597): Starting fingerprintd
11-02 16:12:41.012 I/ThermalEngine(  563): Thermal daemon started
11-02 16:12:41.016 I/ThermalEngine(  563): No target config file, falling back to '/system/etc/thermal-engine.conf'
11-02 16:12:41.016 I/ThermalEngine(  563): devices_manager_init: Init
11-02 16:12:41.016 I/ThermalEngine(  563): Number of gpus :1
11-02 16:12:41.016 I/Thermal-IOCTL(  563): KTM IOCTL interface "/dev/msm_thermal_query" opened
11-02 16:12:41.017 E/ThermalEngine(  563): update_cpu_topology: Cluster Info[0]. Cluster Id: 0 cpu_bits:0xf sync:1
11-02 16:12:41.017 E/ThermalEngine(  563): update_cpu_topology: Cluster Info[1]. Cluster Id: 1 cpu_bits:0xf0 sync:1
11-02 16:12:41.018 D/QSEECOMD: (  624): Init rpmb_start ret = 0
11-02 16:12:41.018 D/QSEECOMD: (  624): RPMB system services: Started (Listener ID = 8192)
11-02 16:12:41.018 E/QSEECOMD: (  624): Listener: index = 1, hierarchy = 1
11-02 16:12:41.018 I/ThermalEngine(  563): vdd_rstr_init: Init KTM VDD RSTR enabled: 0
11-02 16:12:41.018 D/QSEECOMD: (  624): Init dlopen(libssd.so, RTLD_NOW) succeeds
11-02 16:12:41.018 D/QSEECOMD: (  624): Init::Init dlsym(g_FSHandle ssd_start) succeeds
11-02 16:12:41.018 D/QSEECOMAPI(  624): QSEECom_register_listener 12288 sb_length = 0x5000
11-02 16:12:41.018 E/wcnss_service(  564): Serial Number is  d62bc64c
11-02 16:12:41.018 E/wcnss_service(  564): CAL file not found
11-02 16:12:41.019 E/QMI_FW  (  562): QMUXD: WARNING qmi_qmux_if_pwr_up_init failed! rc=-6
11-02 16:12:41.019 E/QC-time-services(  562): Daemon:genoff_modem_qmi_service_request: qmi_client_get_service_list returned -2num_services 0
11-02 16:12:41.021 I/Netd    (  586): Netd 1.0 starting
11-02 16:12:41.023 D/TetherController(  586): Setting IP forward enable = 0
11-02 16:12:41.023 E/QMI_FW  (  563): QMUXD: WARNING qmi_qmux_if_pwr_up_init failed! rc=-6
11-02 16:12:41.025 I/PerMgrSrv(  546): QMI service start
11-02 16:12:41.027 D/QSEECOMD: (  624): Init ssd_start ret = 0
11-02 16:12:41.027 D/QSEECOMD: (  624): SSD system services: Started (Listener ID = 12288)
11-02 16:12:41.027 E/QSEECOMD: (  624): Listener: index = 2, hierarchy = 1
11-02 16:12:41.027 E/QSEECOMD: (  624): Init dlopen(libsecureui.so, RLTD_NOW) is failed....
11-02 16:12:41.027 E/QSEECOMD: (  624): Listener: index = 3, hierarchy = 1
11-02 16:12:41.030 I/mediacodec(  580): @@@ mediacodecservice starting
11-02 16:12:41.032 W//system/bin/mediacodec(  580): libminijail: allowing syscall: clock_gettime
11-02 16:12:41.032 W//system/bin/mediacodec(  580): libminijail: allowing syscall: connect
11-02 16:12:41.032 W//system/bin/mediacodec(  580): libminijail: allowing syscall: fcntl64
11-02 16:12:41.032 W//system/bin/mediacodec(  580): libminijail: allowing syscall: socket
11-02 16:12:41.032 W//system/bin/mediacodec(  580): libminijail: allowing syscall: writev
11-02 16:12:41.032 I/ThermalEngine(  563): cpr_band_init: Could not read /sys/module/msm_thermal/cpr_band/curr_cpr_band
11-02 16:12:41.033 I/ThermalEngine(  563): sensors_manager_init: Init
11-02 16:12:41.034 D/QSEECOMD: (  624): Init dlopen(libdrmtime.so, RTLD_NOW) succeeds
11-02 16:12:41.034 D/QSEECOMD: (  624): Init::Init dlsym(g_FSHandle atime_start) succeeds
11-02 16:12:41.034 D/DrmLibTime(  624): QSEE Time Listener: atime_start
11-02 16:12:41.034 D/QSEECOMAPI(  624): QSEECom_register_listener 11 sb_length = 0x5000
11-02 16:12:41.035 W//system/bin/mediacodec(  580): libminijail: logging seccomp filter failures
11-02 16:12:41.036 D/QtiConnectivityAdapter(  586): Successfully loaded libconnectivitycontroller
11-02 16:12:41.036 D/        (  586): initConnectivityController cons 
11-02 16:12:41.036 D/ConnectivityController(  586): QtiTetherCommand cons done
11-02 16:12:41.036 I/libconnctrl(  586): Creating a NetlinkRelay
11-02 16:12:41.036 I/libconnctrl(  586): NetlinkRelay constructor
11-02 16:12:41.037 E/        (  586): Failed to open libdatactrl, some features may not be present.
11-02 16:12:41.037 E/        (  586): Failed to open libcsm_data, some features may not be present.
11-02 16:12:41.044 E/QCNEA   (  561): Cne Version 4.9
11-02 16:12:41.065 I/perfprofd(  626): starting Android Wide Profiling daemon
11-02 16:12:41.065 E/perfprofd(  626): unable to open configuration file /data/data/com.google.android.gms/files/perfprofd.conf
11-02 16:12:41.066 I/perfprofd(  626): random seed set to 266589806
11-02 16:12:41.070 E/ThermalEngine(  563): Unable to open /sys/devices/soc.0/
11-02 16:12:41.070 E/ThermalEngine(  563): bcl_setup: Unexpected node error
11-02 16:12:41.070 E/ThermalEngine(  563): add_tgt_sensors_set: Error adding bcl
11-02 16:12:41.070 E/ThermalEngine(  563): sensors_init: Error adding BCL TS
11-02 16:12:41.071 I/ThermalEngine(  563): qmi: Instance id 157 for fusion TS
11-02 16:12:41.124 I/ThermalEngine(  563): Loading config file for virtual sensor
11-02 16:12:41.124 I/ThermalEngine(  563): Loading configuration file /system/etc/thermal-engine.conf
11-02 16:12:41.124 E/ThermalEngine(  563): Unable to open config file '/system/etc/thermal-engine.conf'
11-02 16:12:41.124 I/ThermalEngine(  563): [VIRTUAL-CPUS]
11-02 16:12:41.124 I/ThermalEngine(  563): #algo_type virtual
11-02 16:12:41.124 I/ThermalEngine(  563): trip_sensor tsens_tz_sensor9
11-02 16:12:41.124 I/ThermalEngine(  563): set_point 75000
11-02 16:12:41.124 I/ThermalEngine(  563): set_point_clr 65000
11-02 16:12:41.125 I/ThermalEngine(  563): sensors tsens_tz_sensor9 tsens_tz_sensor10 tsens_tz_sensor11 tsens_tz_sensor12 tsens_tz_sensor13 tsens_tz_sensor4 tsens_tz_sensor5 tsens_tz_sensor6 tsens_tz_sensor7 tsens_tz_sensor8
11-02 16:12:41.125 I/ThermalEngine(  563): weights
11-02 16:12:41.125 I/ThermalEngine(  563): sampling 50
11-02 16:12:41.125 I/ThermalEngine(  563): math 2
11-02 16:12:41.125 I/ThermalEngine(  563): Loading configuration file /system/etc/thermal-engine.conf
11-02 16:12:41.125 E/ThermalEngine(  563): Unable to open config file '/system/etc/thermal-engine.conf'
11-02 16:12:41.125 I/ThermalEngine(  563): [VDD_RSTR_MONITOR-TSENS15]
11-02 16:12:41.125 I/ThermalEngine(  563): #algo_type monitor
11-02 16:12:41.125 I/ThermalEngine(  563): sampling 1000
11-02 16:12:41.125 I/ThermalEngine(  563): sensor tsens_tz_sensor15
11-02 16:12:41.125 I/ThermalEngine(  563): thresholds 5000
11-02 16:12:41.125 I/ThermalEngine(  563): thresholds_clr 10000
11-02 16:12:41.125 I/ThermalEngine(  563): actions vdd_restriction
11-02 16:12:41.125 I/ThermalEngine(  563): action_info 1
11-02 16:12:41.125 I/ThermalEngine(  563): descending
11-02 16:12:41.126 I/ThermalEngine(  563): [VDD_RSTR_MONITOR-TSENS14]
11-02 16:12:41.126 I/ThermalEngine(  563): #algo_type monitor
11-02 16:12:41.126 I/ThermalEngine(  563): sampling 1000
11-02 16:12:41.126 I/ThermalEngine(  563): sensor tsens_tz_sensor14
11-02 16:12:41.126 I/ThermalEngine(  563): thresholds 5000
11-02 16:12:41.126 I/ThermalEngine(  563): thresholds_clr 10000
11-02 16:12:41.126 I/ThermalEngine(  563): actions vdd_restriction
11-02 16:12:41.126 I/ThermalEngine(  563): action_info 1
11-02 16:12:41.126 I/ThermalEngine(  563): descending
11-02 16:12:41.126 I/ThermalEngine(  563): [VDD_RSTR_MONITOR-TSENS13]
11-02 16:12:41.126 I/ThermalEngine(  563): #algo_type monitor
11-02 16:12:41.126 I/ThermalEngine(  563): sampling 1000
11-02 16:12:41.126 I/ThermalEngine(  563): sensor tsens_tz_sensor13
11-02 16:12:41.126 I/ThermalEngine(  563): thresholds 5000
11-02 16:12:41.126 I/ThermalEngine(  563): thresholds_clr 10000
11-02 16:12:41.126 I/ThermalEngine(  563): actions vdd_restriction
11-02 16:12:41.126 I/ThermalEngine(  563): action_info 1
11-02 16:12:41.126 I/ThermalEngine(  563): descending
11-02 16:12:41.126 I/ThermalEngine(  563): [VDD_RSTR_MONITOR-TSENS12]
11-02 16:12:41.126 I/ThermalEngine(  563): #algo_type monitor
11-02 16:12:41.126 I/ThermalEngine(  563): sampling 1000
11-02 16:12:41.126 I/ThermalEngine(  563): sensor tsens_tz_sensor12
11-02 16:12:41.126 I/ThermalEngine(  563): thresholds 5000
11-02 16:12:41.126 I/ThermalEngine(  563): thresholds_clr 10000
11-02 16:12:41.126 I/ThermalEngine(  563): actions vdd_restriction
11-02 16:12:41.126 I/ThermalEngine(  563): action_info 1
11-02 16:12:41.126 I/ThermalEngine(  563): descending
11-02 16:12:41.126 I/ThermalEngine(  563): [VDD_RSTR_MONITOR-TSENS11]
11-02 16:12:41.126 I/ThermalEngine(  563): #algo_type monitor
11-02 16:12:41.126 I/ThermalEngine(  563): sampling 1000
11-02 16:12:41.126 I/ThermalEngine(  563): sensor tsens_tz_sensor11
11-02 16:12:41.126 I/ThermalEngine(  563): thresholds 5000
11-02 16:12:41.126 I/ThermalEngine(  563): thresholds_clr 10000
11-02 16:12:41.126 I/ThermalEngine(  563): actions vdd_restriction
11-02 16:12:41.126 I/ThermalEngine(  563): action_info 1
11-02 16:12:41.126 I/ThermalEngine(  563): descending
11-02 16:12:41.126 I/ThermalEngine(  563): [VDD_RSTR_MONITOR-TSENS10]
11-02 16:12:41.126 I/ThermalEngine(  563): #algo_type monitor
11-02 16:12:41.126 I/ThermalEngine(  563): sampling 1000
11-02 16:12:41.126 I/ThermalEngine(  563): sensor tsens_tz_sensor10
11-02 16:12:41.126 I/ThermalEngine(  563): thresholds 5000
11-02 16:12:41.126 I/ThermalEngine(  563): thresholds_clr 10000
11-02 16:12:41.126 I/ThermalEngine(  563): actions vdd_restriction
11-02 16:12:41.126 I/ThermalEngine(  563): action_info 1
11-02 16:12:41.126 I/ThermalEngine(  563): descending
11-02 16:12:41.126 I/ThermalEngine(  563): [VDD_RSTR_MONITOR-TSENS9]
11-02 16:12:41.126 I/ThermalEngine(  563): #algo_type monitor
11-02 16:12:41.126 I/ThermalEngine(  563): sampling 1000
11-02 16:12:41.126 I/ThermalEngine(  563): sensor tsens_tz_sensor9
11-02 16:12:41.126 I/ThermalEngine(  563): thresholds 5000
11-02 16:12:41.126 I/ThermalEngine(  563): thresholds_clr 10000
11-02 16:12:41.126 I/ThermalEngine(  563): actions vdd_restriction
11-02 16:12:41.126 I/ThermalEngine(  563): action_info 1
11-02 16:12:41.126 I/ThermalEngine(  563): descending
11-02 16:12:41.126 I/ThermalEngine(  563): [VDD_RSTR_MONITOR-TSENS8]
11-02 16:12:41.126 I/ThermalEngine(  563): #algo_type monitor
11-02 16:12:41.126 I/ThermalEngine(  563): sampling 1000
11-02 16:12:41.126 I/ThermalEngine(  563): sensor tsens_tz_sensor8
11-02 16:12:41.126 I/ThermalEngine(  563): thresholds 5000
11-02 16:12:41.126 I/ThermalEngine(  563): thresholds_clr 10000
11-02 16:12:41.126 I/ThermalEngine(  563): actions vdd_restriction
11-02 16:12:41.126 I/ThermalEngine(  563): action_info 1
11-02 16:12:41.126 I/ThermalEngine(  563): descending
11-02 16:12:41.126 I/ThermalEngine(  563): [VDD_RSTR_MONITOR-TSENS7]
11-02 16:12:41.126 I/ThermalEngine(  563): #algo_type monitor
11-02 16:12:41.126 I/ThermalEngine(  563): sampling 1000
11-02 16:12:41.126 I/ThermalEngine(  563): sensor tsens_tz_sensor7
11-02 16:12:41.126 I/ThermalEngine(  563): thresholds 5000
11-02 16:12:41.126 I/ThermalEngine(  563): thresholds_clr 10000
11-02 16:12:41.126 I/ThermalEngine(  563): actions vdd_restriction
11-02 16:12:41.126 I/ThermalEngine(  563): action_info 1
11-02 16:12:41.126 I/ThermalEngine(  563): descending
11-02 16:12:41.126 I/ThermalEngine(  563): [VDD_RSTR_MONITOR-TSENS6]
11-02 16:12:41.126 I/ThermalEngine(  563): #algo_type monitor
11-02 16:12:41.126 I/ThermalEngine(  563): sampling 1000
11-02 16:12:41.126 I/ThermalEngine(  563): sensor tsens_tz_sensor6
11-02 16:12:41.126 I/ThermalEngine(  563): thresholds 5000
11-02 16:12:41.126 I/ThermalEngine(  563): thresholds_clr 10000
11-02 16:12:41.126 I/ThermalEngine(  563): actions vdd_restriction
11-02 16:12:41.126 I/ThermalEngine(  563): action_info 1
11-02 16:12:41.126 I/ThermalEngine(  563): descending
11-02 16:12:41.126 I/ThermalEngine(  563): [VDD_RSTR_MONITOR-TSENS5]
11-02 16:12:41.126 I/ThermalEngine(  563): #algo_type monitor
11-02 16:12:41.126 I/ThermalEngine(  563): sampling 1000
11-02 16:12:41.126 I/ThermalEngine(  563): sensor tsens_tz_sensor5
11-02 16:12:41.126 I/ThermalEngine(  563): thresholds 5000
11-02 16:12:41.126 I/ThermalEngine(  563): thresholds_clr 10000
11-02 16:12:41.126 I/ThermalEngine(  563): actions vdd_restriction
11-02 16:12:41.126 I/ThermalEngine(  563): action_info 1
11-02 16:12:41.126 I/ThermalEngine(  563): descending
11-02 16:12:41.126 I/ThermalEngine(  563): [VDD_RSTR_MONITOR-TSENS4]
11-02 16:12:41.126 I/ThermalEngine(  563): #algo_type monitor
11-02 16:12:41.126 I/ThermalEngine(  563): sampling 1000
11-02 16:12:41.126 I/ThermalEngine(  563): sensor tsens_tz_sensor4
11-02 16:12:41.126 I/ThermalEngine(  563): thresholds 5000
11-02 16:12:41.126 I/ThermalEngine(  563): thresholds_clr 10000
11-02 16:12:41.126 I/ThermalEngine(  563): actions vdd_restriction
11-02 16:12:41.126 I/ThermalEngine(  563): action_info 1
11-02 16:12:41.126 I/ThermalEngine(  563): descending
11-02 16:12:41.126 I/ThermalEngine(  563): [VDD_RSTR_MONITOR-TSENS3]
11-02 16:12:41.126 I/ThermalEngine(  563): #algo_type monitor
11-02 16:12:41.126 I/ThermalEngine(  563): sampling 1000
11-02 16:12:41.126 I/ThermalEngine(  563): sensor tsens_tz_sensor3
11-02 16:12:41.126 I/ThermalEngine(  563): thresholds 5000
11-02 16:12:41.126 I/ThermalEngine(  563): thresholds_clr 10000
11-02 16:12:41.126 I/ThermalEngine(  563): actions vdd_restriction
11-02 16:12:41.126 I/ThermalEngine(  563): action_info 1
11-02 16:12:41.126 I/ThermalEngine(  563): descending
11-02 16:12:41.126 I/ThermalEngine(  563): [VDD_RSTR_MONITOR-TSENS2]
11-02 16:12:41.126 I/ThermalEngine(  563): #algo_type monitor
11-02 16:12:41.126 I/ThermalEngine(  563): sampling 1000
11-02 16:12:41.126 I/ThermalEngine(  563): sensor tsens_tz_sensor2
11-02 16:12:41.126 I/ThermalEngine(  563): thresholds 5000
11-02 16:12:41.126 I/ThermalEngine(  563): thresholds_clr 10000
11-02 16:12:41.126 I/ThermalEngine(  563): actions vdd_restriction
11-02 16:12:41.126 I/ThermalEngine(  563): action_info 1
11-02 16:12:41.126 I/ThermalEngine(  563): descending
11-02 16:12:41.126 I/ThermalEngine(  563): [VDD_RSTR_MONITOR-TSENS1]
11-02 16:12:41.126 I/ThermalEngine(  563): #algo_type monitor
11-02 16:12:41.126 I/ThermalEngine(  563): sampling 1000
11-02 16:12:41.126 I/ThermalEngine(  563): sensor tsens_tz_sensor1
11-02 16:12:41.126 I/ThermalEngine(  563): thresholds 5000
11-02 16:12:41.126 I/ThermalEngine(  563): thresholds_clr 10000
11-02 16:12:41.126 I/ThermalEngine(  563): actions vdd_restriction
11-02 16:12:41.126 I/ThermalEngine(  563): action_info 1
11-02 16:12:41.126 I/ThermalEngine(  563): descending
11-02 16:12:41.126 I/ThermalEngine(  563): [VDD_RSTR_MONITOR-TSENS0]
11-02 16:12:41.126 I/ThermalEngine(  563): #algo_type monitor
11-02 16:12:41.126 I/ThermalEngine(  563): sampling 1000
11-02 16:12:41.126 I/ThermalEngine(  563): sensor tsens_tz_sensor0
11-02 16:12:41.127 I/ThermalEngine(  563): thresholds 5000
11-02 16:12:41.127 I/ThermalEngine(  563): thresholds_clr 10000
11-02 16:12:41.127 I/ThermalEngine(  563): actions vdd_restriction
11-02 16:12:41.127 I/ThermalEngine(  563): action_info 1
11-02 16:12:41.127 I/ThermalEngine(  563): descending
11-02 16:12:41.127 I/ThermalEngine(  563): [SS-GPU]
11-02 16:12:41.127 I/ThermalEngine(  563): #algo_type ss
11-02 16:12:41.127 I/ThermalEngine(  563): sampling 250
11-02 16:12:41.127 I/ThermalEngine(  563): sensor gpu
11-02 16:12:41.127 I/ThermalEngine(  563): device gpu
11-02 16:12:41.127 I/ThermalEngine(  563): set_point 95000
11-02 16:12:41.127 I/ThermalEngine(  563): set_point_clr 65000
11-02 16:12:41.127 I/ThermalEngine(  563): time_constant 0
11-02 16:12:41.127 I/ThermalEngine(  563): [SS-POPMEM]
11-02 16:12:41.127 I/ThermalEngine(  563): #algo_type ss
11-02 16:12:41.127 I/ThermalEngine(  563): sampling 250
11-02 16:12:41.127 I/ThermalEngine(  563): sensor pop_mem
11-02 16:12:41.127 I/ThermalEngine(  563): device cluster0
11-02 16:12:41.127 I/ThermalEngine(  563): set_point 70000
11-02 16:12:41.127 I/ThermalEngine(  563): set_point_clr 55000
11-02 16:12:41.127 I/ThermalEngine(  563): time_constant 2
11-02 16:12:41.127 I/ThermalEngine(  563): [SS-CPUS-ALL]
11-02 16:12:41.127 I/ThermalEngine(  563): #algo_type ss
11-02 16:12:41.127 I/ThermalEngine(  563): sampling 50
11-02 16:12:41.127 I/ThermalEngine(  563): sensor VIRTUAL-CPUS
11-02 16:12:41.127 I/ThermalEngine(  563): device cluster0
11-02 16:12:41.127 I/ThermalEngine(  563): set_point 95000
11-02 16:12:41.127 I/ThermalEngine(  563): set_point_clr 55000
11-02 16:12:41.127 I/ThermalEngine(  563): time_constant 0
11-02 16:12:41.127 I/ThermalEngine(  563): [SPEAKER-CAL]
11-02 16:12:41.127 I/ThermalEngine(  563): sampling 30000 30000 10 1800000
11-02 16:12:41.127 I/ThermalEngine(  563): sensor pm8953_tz
11-02 16:12:41.127 I/ThermalEngine(  563): sensors tsens_tz_sensor1 tsens_tz_sensor2 tsens_tz_sensor3 tsens_tz_sensor14 tsens_tz_sensor15
11-02 16:12:41.127 I/ThermalEngine(  563): temp_range 6000 10000 2000
11-02 16:12:41.127 I/ThermalEngine(  563): max_temp 45000
11-02 16:12:41.127 I/ThermalEngine(  563): offset -4000
11-02 16:12:41.140 V/MediaUtils(  582): physMem: 3748995072
11-02 16:12:41.140 V/MediaUtils(  582): requested limit: 749799000
11-02 16:12:41.140 V/MediaUtils(  582): actual limit: 749799000
11-02 16:12:41.140 V/MediaUtils(  582): original limits: 4294967295/4294967295
11-02 16:12:41.140 V/MediaUtils(  582): new limits: 749799000/4294967295
11-02 16:12:41.140 W//system/bin/mediaextractor(  582): libminijail: allowing syscall: clock_gettime
11-02 16:12:41.141 W//system/bin/mediaextractor(  582): libminijail: allowing syscall: connect
11-02 16:12:41.141 W//system/bin/mediaextractor(  582): libminijail: allowing syscall: fcntl64
11-02 16:12:41.141 W//system/bin/mediaextractor(  582): libminijail: allowing syscall: socket
11-02 16:12:41.141 W//system/bin/mediaextractor(  582): libminijail: allowing syscall: writev
11-02 16:12:41.142 I/ThermalEngine(  563): vdd_restrict_qmi_request: MODEM req level(0) is recorded and waiting for completing QMI registration
11-02 16:12:41.142 I/ThermalEngine(  563): vdd_restrict_qmi_request: ADSP req level(0) is recorded and waiting for completing QMI registration
11-02 16:12:41.142 I/ThermalEngine(  563): hotplug_ktm_disable_cb: write out 0
11-02 16:12:41.143 W//system/bin/mediaextractor(  582): libminijail: logging seccomp filter failures
11-02 16:12:41.159 I/MSM-irqbalance(  664): msm-irq_balance (1.3) initialized
11-02 16:12:41.159 I/MSM-irqbalance(  664): Configuration
11-02 16:12:41.160 I/MSM-irqbalance(  664): Rate: 0.2 Hz
11-02 16:12:41.160 I/MSM-irqbalance(  664): Decay Factor: 75.0
11-02 16:12:41.160 I/MSM-irqbalance(  664): Balancing Factor: 0.1
11-02 16:12:41.160 I/MSM-irqbalance(  664): Debug Log: OFF
11-02 16:12:41.160 I/MSM-irqbalance(  664): Cfg file: /system/vendor/etc/msm_irqbalance.conf
11-02 16:12:41.160 I/MSM-irqbalance(  664): CPU PRIO: CPU0: 0 CPU1: 0 CPU2: 0 CPU3: 0 CPU4: 1 CPU5: 1 CPU6: 1 CPU7: 1 
11-02 16:12:41.160 I/MSM-irqbalance(  664): Ignored IRQs: 20 39 
11-02 16:12:41.193 V/AudioDaemonMain(  600): Audio daemon starting sequence..
11-02 16:12:41.210 I/        (  573): sMaxFastTracks = 8
11-02 16:12:41.247 E/Diag_Lib(  648): qpLogDiagInit <== result : 1
11-02 16:12:41.247 E/Diag_Lib(  648): DATAD : gIsQXDMDisabled 0, gIsADBDisabled 1, gIsDebugDisabled 0, gIsIMSLogsDisabled 0
11-02 16:12:41.247 E/Diag_Lib(  648): [IMS_DataD] imsdatad.c | 5236 | | 648 |DATAD#$$#0#DATAD STARTED
11-02 16:12:41.354 I/qcom-bluetooth(  762): /system/etc/init.qcom.bt.sh: Bluetooth stack is Bluedroid 
11-02 16:12:41.654 E/Sensors (  640): sns_debug_main.c(283):Debug Config File missing in EFS!
11-02 16:12:41.724 I/wcnss_service(  564): wcnss_read_and_store_cal_data trying to read cal
11-02 16:12:41.725 I/cameraserver(  575): ServiceManager: 0xf64996e0
11-02 16:12:41.725 I/CameraService(  575): CameraService started (pid=575)
11-02 16:12:41.725 I/CameraService(  575): CameraService process starting
11-02 16:12:41.725 V/AudioDaemon(  600): Start audiod daemon
11-02 16:12:41.726 V/AudioDaemon(  600): readyToRun: open snd card state node files
11-02 16:12:41.726 V/AudioDaemon(  600): Start threadLoop()
11-02 16:12:41.726 D/AudioDaemon(  600): Opening sound card state : /proc/asound/card0/state
11-02 16:12:41.727 V/AudioDaemon(  600): bool android::AudioDaemon::getStateFDs(std::vector<std::pair<int, int> > &): 1 sound cards detected
11-02 16:12:41.727 W/BatteryNotifier(  575): batterystats service unavailable!
11-02 16:12:41.727 I/SurfaceFlinger(  550): SurfaceFlinger is starting
11-02 16:12:41.728 I/SurfaceFlinger(  550): SurfaceFlinger's main thread ready to run. Initializing graphics H/W...
11-02 16:12:41.728 I/mediaserver(  585): ServiceManager: 0xf5e19740
11-02 16:12:41.728 I/mediaserver(  581): ServiceManager: 0xf6099740
11-02 16:12:41.728 I/audioserver(  573): ServiceManager: 0xf65196e0
11-02 16:12:41.728 W/BatteryNotifier(  575): batterystats service unavailable!
11-02 16:12:41.728 D/PerMgrSrv(  546): modem state: is off-line, add client QCRIL
11-02 16:12:41.728 D/PerMgrSrv(  546): QCRIL registered
11-02 16:12:41.728 V/AudioDaemon(  600): bool android::AudioDaemon::getDeviceEventFDs(): 0 audio device event detected
11-02 16:12:41.728 E/AudioDaemon(  600): No audio device events detected
11-02 16:12:41.728 D/AudioDaemon(  600): Opening cpe0_state : /proc/asound/card0/cpe0_state
11-02 16:12:41.729 E/AudioDaemon(  600): CPE state open /proc/asound/card0/cpe0_state failed No such file or directory, Retrying 1
11-02 16:12:41.729 D/PerMgrLib(  589): QCRIL successfully registered for modem
11-02 16:12:41.729 W/BatteryNotifier(  585): batterystats service unavailable!
11-02 16:12:41.729 W/BatteryNotifier(  573): batterystats service unavailable!
11-02 16:12:41.729 I/AudioFlinger(  573): Using default 3000 mSec as standby time.
11-02 16:12:41.729 D/PerMgrSrv(  546): modem state: is off-line, add client QCRIL
11-02 16:12:41.729 D/PerMgrSrv(  546): QCRIL registered
11-02 16:12:41.729 D/PerMgrLib(  715): QCRIL successfully registered for modem
11-02 16:12:41.730 I/AudioPolicyService(  573): AudioPolicyService CSTOR in new mode
11-02 16:12:41.751 D/libEGL  (  550): loaded /vendor/lib64/egl/libEGL_adreno.so
11-02 16:12:41.774 D/audio_hw_primary(  573): adev_open: enter
11-02 16:12:41.794 D/msm8916_platform(  573): platform_init: snd_card_name: msm8953-snd-card-mtp
11-02 16:12:41.794 D/msm8916_platform(  573): platform_init: mixer path file is /system/etc/mixer_paths_mtp.xml
11-02 16:12:41.801 D/AndroidRuntime(  571): >>>>>> START com.android.internal.os.ZygoteInit uid 0 <<<<<<
11-02 16:12:41.817 E/QMI_FW  (  561): QMUXD: WARNING qmi_qmux_if_pwr_up_init failed! rc=-6
11-02 16:12:41.819 D/DrmLibTime(  624): registering fs service to QSEECom is done!
11-02 16:12:41.819 D/DrmLibTime(  624): begin to create a thread!
11-02 16:12:41.819 D/DrmLibTime(  624): Creating a pthread in atime_start is done! return 0
11-02 16:12:41.819 D/QSEECOMD: (  624): Init atime_start ret = 0
11-02 16:12:41.819 D/QSEECOMD: (  624): time services: Started (Listener ID = 11)
11-02 16:12:41.819 E/QSEECOMD: (  624): Listener: index = 4, hierarchy = 1
11-02 16:12:41.819 D/DrmLibTime(  624): QSEE Time Listener: dispatch
11-02 16:12:41.819 D/DrmLibTime(  624): before calling ioctl to read the next time_cmd
11-02 16:12:41.819 D/QSEECOMD: (  624): Init dlopen(libdrmfs.so, RTLD_NOW) succeeds
11-02 16:12:41.819 D/QSEECOMD: (  624): Init::Init dlsym(g_FSHandle fs_start) succeeds
11-02 16:12:41.819 D/QSEECOMAPI(  624): QSEECom_register_listener 10 sb_length = 0x5000
11-02 16:12:41.821 D/QSEECOMD: (  624): Init fs_start ret = 0
11-02 16:12:41.821 D/QSEECOMD: (  624): file system services: Started (Listener ID = 10)
11-02 16:12:41.821 E/QSEECOMD: (  624): Listener: index = 5, hierarchy = 1
11-02 16:12:41.821 D/QSEECOMD: (  624): Init dlopen(libdrmfs.so, RTLD_NOW) succeeds
11-02 16:12:41.821 D/QSEECOMD: (  624): Init::Init dlsym(g_FSHandle gpfs_start) succeeds
11-02 16:12:41.821 D/QSEECOMAPI(  624): QSEECom_register_listener 28672 sb_length = 0x7e000
11-02 16:12:41.823 D/QSEECOMD: (  624): Init gpfs_start ret = 0
11-02 16:12:41.823 D/QSEECOMD: (  624): gpfile system services: Started (Listener ID = 28672)
11-02 16:12:41.823 E/QSEECOMD: (  624): Listener: index = 6, hierarchy = 1
11-02 16:12:41.823 E/QSEECOMD: (  624): Init dlopen(libqisl.so, RLTD_NOW) is failed....
11-02 16:12:41.823 E/QSEECOMD: (  624): Listener: index = 7, hierarchy = 1
11-02 16:12:41.823 E/QSEECOMD: (  624): Init dlopen(libspl.so, RLTD_NOW) is failed....
11-02 16:12:41.823 E/QSEECOMD: (  624): Listener: index = 8, hierarchy = 1
11-02 16:12:41.823 E/QSEECOMD: (  624): Init dlopen(libGPreqcancel.so, RLTD_NOW) is failed....
11-02 16:12:41.824 D/QSEECOMAPI(  624): QSEECom_get_handle sb_length = 0x400
11-02 16:12:41.824 D/QSEECOMAPI(  624): App is not loaded in QSEE
11-02 16:12:41.824 E/QSEECOMAPI(  624): Error::Cannot open the file /firmware/image/keymaste.mdt errno = 2
11-02 16:12:41.824 E/QSEECOMAPI(  624): Error::Loading image failed with ret = -1
11-02 16:12:41.824 D/QSEECOMAPI(  624): QSEECom_get_handle sb_length = 0x400
11-02 16:12:41.824 D/QSEECOMAPI(  624): App is already loaded QSEE and app id = 65537
11-02 16:12:41.825 D/QSEECOMD: (  624): QSEECOM DAEMON RUNNING 
11-02 16:12:41.829 E/AudioDaemon(  600): CPE state open /proc/asound/card0/cpe0_state failed No such file or directory, Retrying 2
11-02 16:12:41.841 D/AndroidRuntime(  571): CheckJNI is ON
11-02 16:12:41.850 E/HAL     (  575): load: module=/system/lib/hw/camera.msm8953.so
11-02 16:12:41.850 E/HAL     (  575): dlopen failed: cannot locate symbol "_ZN7android16CameraParameters26KEY_MAX_LONG_EXPOSURE_TIMEE" referenced by "/system/lib/hw/camera.msm8953.so"...
11-02 16:12:41.850 E/CameraService(  575): Could not load camera HAL module: -22 (Invalid argument)
11-02 16:12:41.861 I/art     (  571): option[0]=-Xzygote
11-02 16:12:41.861 I/art     (  571): option[1]=-Xcheck:jni
11-02 16:12:41.861 I/art     (  571): option[2]=-Xstacktracefile:/data/anr/traces.txt
11-02 16:12:41.861 I/art     (  571): option[3]=exit
11-02 16:12:41.861 I/art     (  571): option[4]=vfprintf
11-02 16:12:41.861 I/art     (  571): option[5]=sensitiveThread
11-02 16:12:41.861 I/art     (  571): option[6]=-verbose:gc
11-02 16:12:41.861 I/art     (  571): option[7]=-Xms8m
11-02 16:12:41.861 I/art     (  571): option[8]=-Xmx768m
11-02 16:12:41.861 I/art     (  571): option[9]=-XX:HeapGrowthLimit=288m
11-02 16:12:41.861 I/art     (  571): option[10]=-XX:HeapMinFree=512k
11-02 16:12:41.861 I/art     (  571): option[11]=-XX:HeapMaxFree=8m
11-02 16:12:41.861 I/art     (  571): option[12]=-XX:HeapTargetUtilization=0.75
11-02 16:12:41.861 I/art     (  571): option[13]=-Xusejit:true
11-02 16:12:41.861 I/art     (  571): option[14]=-Xjitsaveprofilinginfo
11-02 16:12:41.861 I/art     (  571): option[15]=-agentlib:jdwp=transport=dt_android_adb,suspend=n,server=y
11-02 16:12:41.861 I/art     (  571): option[16]=-Xlockprofthreshold:500
11-02 16:12:41.861 I/art     (  571): option[17]=-Ximage-compiler-option
11-02 16:12:41.861 I/art     (  571): option[18]=--runtime-arg
11-02 16:12:41.861 I/art     (  571): option[19]=-Ximage-compiler-option
11-02 16:12:41.861 I/art     (  571): option[20]=-Xms64m
11-02 16:12:41.861 I/art     (  571): option[21]=-Ximage-compiler-option
11-02 16:12:41.861 I/art     (  571): option[22]=--runtime-arg
11-02 16:12:41.861 I/art     (  571): option[23]=-Ximage-compiler-option
11-02 16:12:41.862 I/art     (  571): option[24]=-Xmx64m
11-02 16:12:41.862 I/art     (  571): option[25]=-Ximage-compiler-option
11-02 16:12:41.862 I/art     (  571): option[26]=--compiler-filter=verify-at-runtime
11-02 16:12:41.862 I/art     (  571): option[27]=-Ximage-compiler-option
11-02 16:12:41.862 I/art     (  571): option[28]=--image-classes=/system/etc/preloaded-classes
11-02 16:12:41.862 I/art     (  571): option[29]=-Ximage-compiler-option
11-02 16:12:41.862 I/art     (  571): option[30]=--compiled-classes=/system/etc/compiled-classes
11-02 16:12:41.862 I/art     (  571): option[31]=-Xcompiler-option
11-02 16:12:41.862 I/art     (  571): option[32]=--runtime-arg
11-02 16:12:41.862 I/art     (  571): option[33]=-Xcompiler-option
11-02 16:12:41.862 I/art     (  571): option[34]=-Xms64m
11-02 16:12:41.862 I/art     (  571): option[35]=-Xcompiler-option
11-02 16:12:41.862 I/art     (  571): option[36]=--runtime-arg
11-02 16:12:41.862 I/art     (  571): option[37]=-Xcompiler-option
11-02 16:12:41.862 I/art     (  571): option[38]=-Xmx512m
11-02 16:12:41.862 I/art     (  571): option[39]=-Ximage-compiler-option
11-02 16:12:41.862 I/art     (  571): option[40]=--instruction-set-variant=cortex-a53
11-02 16:12:41.862 I/art     (  571): option[41]=-Xcompiler-option
11-02 16:12:41.862 I/art     (  571): option[42]=--instruction-set-variant=cortex-a53
11-02 16:12:41.862 I/art     (  571): option[43]=-Ximage-compiler-option
11-02 16:12:41.862 I/art     (  571): option[44]=--instruction-set-features=default
11-02 16:12:41.862 I/art     (  571): option[45]=-Xcompiler-option
11-02 16:12:41.862 I/art     (  571): option[46]=--instruction-set-features=default
11-02 16:12:41.862 I/art     (  571): option[47]=-Duser.locale=zh-CN
11-02 16:12:41.862 I/art     (  571): option[48]=--cpu-abilist=arm64-v8a
11-02 16:12:41.862 I/art     (  571): option[49]=-Xfingerprint:OPPO/R9s/R9s:6.0.1/MMB29M/1390465867:user/release-keys
11-02 16:12:41.879 D/PerMgrSrv(  546): modem state: is off-line, add client PM-PROXY-THREAD
11-02 16:12:41.879 D/PerMgrSrv(  546): PM-PROXY-THREAD registered
11-02 16:12:41.879 D/PerMgrLib(  559): PM-PROXY-THREAD successfully registered for modem
11-02 16:12:41.879 I/PerMgrProxy(  559): pm-proxy-thread Voting for internal modem
11-02 16:12:41.879 D/PerMgrLib(  559): PM-PROXY-THREAD voting for modem
11-02 16:12:41.879 D/PerMgrSrv(  546): PM-PROXY-THREAD voting for modem
11-02 16:12:41.879 D/PerMgrSrv(  546): modem new state: going on-line
11-02 16:12:41.879 D/PerMgrSrv(  546): modem num voters is 1
11-02 16:12:41.886 E/audio_route(  573): Control 'HPHL Volume' doesn't exist - skipping
11-02 16:12:41.886 E/audio_route(  573): Control 'HPHR Volume' doesn't exist - skipping
11-02 16:12:41.886 E/audio_route(  573): Control 'RX2 MIX2 INP2' doesn't exist - skipping
11-02 16:12:41.886 E/audio_route(  573): Control 'RX1 MIX2 INP2' doesn't exist - skipping
11-02 16:12:41.887 E/audio_route(  573): Control 'SpkrMono WSA_RDAC' doesn't exist - skipping
11-02 16:12:41.887 E/audio_route(  573): Control 'SpkrMono BOOST Switch' doesn't exist - skipping
11-02 16:12:41.887 E/audio_route(  573): Control 'SpkrMono VISENSE Switch' doesn't exist - skipping
11-02 16:12:41.887 E/audio_route(  573): Control 'Program' doesn't exist - skipping
