10-11 15:39:02.000 D/        (  585): [ACDB Command]->ACDB File Major = 8, ACDB File Minor = 0, ACDB File Revision = 1, ACDB File Cpl Number = 0
10-11 15:39:02.002 D/        (  585): [ACDB Command]->SW Minor/Major/Revision version info for /etc/acdbdata/16017/Global_cal.acdb
10-11 15:39:02.002 D/        (  585): [ACDB Command]->ACDB Sw Major = 9, ACDB Sw Minor = 0, ACDB Sw Revision = 0, ACDB Sw Cpl Number = 0
10-11 15:39:02.002 D/        (  585): [ACDB Command]->ACDB File Major = 8, ACDB File Minor = 0, ACDB File Revision = 1, ACDB File Cpl Number = 0
10-11 15:39:02.007 D/        (  585): [ACDB Command]->SW Minor/Major/Revision version info for /etc/acdbdata/16017/Handset_cal.acdb
10-11 15:39:02.007 D/        (  585): [ACDB Command]->ACDB Sw Major = 9, ACDB Sw Minor = 0, ACDB Sw Revision = 0, ACDB Sw Cpl Number = 0
10-11 15:39:02.007 D/        (  585): [ACDB Command]->ACDB File Major = 8, ACDB File Minor = 0, ACDB File Revision = 1, ACDB File Cpl Number = 0
10-11 15:39:02.007 D/QSEECOMD: (  551): Init dlopen(libdrmtime.so, RTLD_NOW) succeeds
10-11 15:39:02.007 D/QSEECOMD: (  551): Init::Init dlsym(g_FSHandle atime_start) succeeds
10-11 15:39:02.007 D/DrmLibTime(  551): QSEE Time Listener: atime_start
10-11 15:39:02.007 D/QSEECOMAPI(  551): QSEECom_register_listener 11 sb_length = 0x5000
10-11 15:39:02.009 I/rmt_storage(  529): rmt_storage_connect_cb: clnt_h=0x1 conn_h=0x7f8182a000
10-11 15:39:02.009 I/rmt_storage(  529): rmt_storage_open_cb: data->path /boot/modem_fs1
10-11 15:39:02.009 I/rmt_storage(  529): rmt_storage_open_cb: rmt_storage:client->path=/boot/modem_fs1
10-11 15:39:02.009 I/rmt_storage(  529): rmt_storage_open_cb: rmt_storage,is rmt_storage_client_thread:ret:0
10-11 15:39:02.009 I/rmt_storage(  529): rmt_storage_open_cb: /boot/modem_fs1: clnt_h=0x1: req_h=0x1 msg_id=1: Client found
10-11 15:39:02.009 I/rmt_storage(  529): rmt_storage_open_cb: /boot/modem_fs1: clnt_h=0x1: req_h=0x1 msg_id=1: Send response: res=0 err=0
10-11 15:39:02.009 I/rmt_storage(  529): rmt_storage_client_thread: /boot/modem_fs1: clnt_h=0x1 Worker thread started
10-11 15:39:02.009 I/rmt_storage(  529): wake lock name: rmt_storage_547632444496, name creation success: 24
10-11 15:39:02.009 I/rmt_storage(  529): rmt_storage_disconnect_cb: clnt_h=0x1 conn_h=0x7f8182a000
10-11 15:39:02.009 I/rmt_storage(  529): rmt_storage_connect_cb: clnt_h=0x2 conn_h=0x7f8182a000
10-11 15:39:02.009 I/rmt_storage(  529): rmt_storage_open_cb: data->path /boot/modem_fs2
10-11 15:39:02.009 I/rmt_storage(  529): rmt_storage_open_cb: rmt_storage:client->path=/boot/modem_fs2
10-11 15:39:02.009 I/rmt_storage(  529): rmt_storage_open_cb: rmt_storage,is rmt_storage_client_thread:ret:0
10-11 15:39:02.009 I/rmt_storage(  529): rmt_storage_open_cb: /boot/modem_fs2: clnt_h=0x2: req_h=0x2 msg_id=1: Client found
10-11 15:39:02.009 I/rmt_storage(  529): rmt_storage_open_cb: /boot/modem_fs2: clnt_h=0x2: req_h=0x2 msg_id=1: Send response: res=0 err=0
10-11 15:39:02.009 I/rmt_storage(  529): rmt_storage_client_thread: /boot/modem_fs2: clnt_h=0x2 Worker thread started
10-11 15:39:02.009 I/rmt_storage(  529): wake lock name: rmt_storage_547631408208, name creation success: 24
10-11 15:39:02.010 I/rmt_storage(  529): rmt_storage_disconnect_cb: clnt_h=0x2 conn_h=0x7f8182a000
10-11 15:39:02.010 I/rmt_storage(  529): rmt_storage_connect_cb: clnt_h=0x3 conn_h=0x7f8182a000
10-11 15:39:02.010 I/rmt_storage(  529): rmt_storage_open_cb: data->path /boot/modem_fsg
10-11 15:39:02.010 I/rmt_storage(  529): rmt_storage_open_cb: rmt_storage:client->path=/boot/modem_fsg
10-11 15:39:02.010 I/rmt_storage(  529): rmt_storage_open_cb: rmt_storage,is rmt_storage_client_thread:ret:0
10-11 15:39:02.010 I/rmt_storage(  529): rmt_storage_open_cb: /boot/modem_fsg: clnt_h=0x3: req_h=0x3 msg_id=1: Client found
10-11 15:39:02.010 I/rmt_storage(  529): rmt_storage_client_thread: /boot/modem_fsg: clnt_h=0x3 Worker thread started
10-11 15:39:02.010 I/rmt_storage(  529): rmt_storage_open_cb: /boot/modem_fsg: clnt_h=0x3: req_h=0x3 msg_id=1: Send response: res=0 err=0
10-11 15:39:02.010 I/rmt_storage(  529): wake lock name: rmt_storage_547630371920, name creation success: 24
10-11 15:39:02.010 I/rmt_storage(  529): rmt_storage_disconnect_cb: clnt_h=0x3 conn_h=0x7f8182a000
10-11 15:39:02.010 I/rmt_storage(  529): rmt_storage_connect_cb: clnt_h=0x4 conn_h=0x7f8182a000
10-11 15:39:02.010 I/rmt_storage(  529): rmt_storage_open_cb: data->path /boot/modem_fsc
10-11 15:39:02.010 I/rmt_storage(  529): rmt_storage_open_cb: rmt_storage:client->path=/boot/modem_fsc
10-11 15:39:02.010 I/rmt_storage(  529): rmt_storage_open_cb: rmt_storage,is rmt_storage_client_thread:ret:0
10-11 15:39:02.010 I/rmt_storage(  529): rmt_storage_open_cb: /boot/modem_fsc: clnt_h=0x4: req_h=0x4 msg_id=1: Client found
10-11 15:39:02.010 I/rmt_storage(  529): rmt_storage_open_cb: /boot/modem_fsc: clnt_h=0x4: req_h=0x4 msg_id=1: Send response: res=0 err=0
10-11 15:39:02.010 I/rmt_storage(  529): rmt_storage_client_thread: /boot/modem_fsc: clnt_h=0x4 Worker thread started
10-11 15:39:02.010 D/        (  585): [ACDB Command]->SW Minor/Major/Revision version info for /etc/acdbdata/16017/Hdmi_cal.acdb
10-11 15:39:02.010 I/rmt_storage(  529): wake lock name: rmt_storage_547629335632, name creation success: 24
10-11 15:39:02.010 D/        (  585): [ACDB Command]->ACDB Sw Major = 9, ACDB Sw Minor = 0, ACDB Sw Revision = 0, ACDB Sw Cpl Number = 0
10-11 15:39:02.010 D/        (  585): [ACDB Command]->ACDB File Major = 8, ACDB File Minor = 0, ACDB File Revision = 1, ACDB File Cpl Number = 0
10-11 15:39:02.011 I/rmt_storage(  529): rmt_storage_disconnect_cb: clnt_h=0x4 conn_h=0x7f8182a000
10-11 15:39:02.012 I/rmt_storage(  529): rmt_storage_connect_cb: clnt_h=0x5 conn_h=0x7f8182a000
10-11 15:39:02.012 I/rmt_storage(  529): rmt_storage_alloc_buff_cb: /boot/modem_fs1: clnt_h=0x5: req_h=0x5 msg_id=4: Alloc request received: Size: 0
10-11 15:39:02.012 I/rmt_storage(  529): rmt_storage_alloc_buff_cb: /boot/modem_fs1: clnt_h=0x5: req_h=0x5 msg_id=4: Alloc request received: Size: 0
10-11 15:39:02.012 I/rmt_storage(  529): rmt_storage_alloc_buff_cb: /boot/modem_fs1: clnt_h=0x5: req_h=0x5 msg_id=4: New client making a dummy request with buffer req size 0
10-11 15:39:02.012 I/rmt_storage(  529): rmt_storage_alloc_buff_cb: /boot/modem_fs1: clnt_h=0x5: req_h=0x5 msg_id=4: Send response: res=0 err=0
10-11 15:39:02.012 I/rmt_storage(  529): rmt_storage_disconnect_cb: clnt_h=0x5 conn_h=0x7f8182a000
10-11 15:39:02.012 I/rmt_storage(  529): rmt_storage_connect_cb: clnt_h=0x6 conn_h=0x7f8182a000
10-11 15:39:02.012 I/rmt_storage(  529): rmt_storage_rw_iovec_cb: /boot/modem_fs1: clnt_h=0x6: req_h=0x6 msg_id=3: R/W request received
10-11 15:39:02.012 I/rmt_storage(  529): wakelock acquired: 1, error no: 42
10-11 15:39:02.013 I/rmt_storage(  529): rmt_storage_client_thread: /boot/modem_fs1: clnt_h=0x6 Unblock worker thread (th_id: 547632444496)
10-11 15:39:02.013 I/rmt_storage(  529): rmt_storage_client_thread: /boot/modem_fs1: clnt_h=0x6: req_h=0x6 msg_id=3: Bytes read = 512
10-11 15:39:02.013 D/        (  585): [ACDB Command]->SW Minor/Major/Revision version info for /etc/acdbdata/16017/Headset_cal.acdb
10-11 15:39:02.013 I/rmt_storage(  529): rmt_storage_client_thread: /boot/modem_fs1: clnt_h=0x6: req_h=0x6 msg_id=3: Send response: res=0 err=0
10-11 15:39:02.013 D/        (  585): [ACDB Command]->ACDB Sw Major = 9, ACDB Sw Minor = 0, ACDB Sw Revision = 0, ACDB Sw Cpl Number = 0
10-11 15:39:02.013 D/        (  585): [ACDB Command]->ACDB File Major = 8, ACDB File Minor = 0, ACDB File Revision = 1, ACDB File Cpl Number = 0
10-11 15:39:02.014 I/rmt_storage(  529): rmt_storage_client_thread: /boot/modem_fs1: clnt_h=0x6 About to block rmt_storage client thread (th_id: 547632444496) wakelock released: 1, error no: 0
10-11 15:39:02.014 I/rmt_storage(  529): 
10-11 15:39:02.014 I/rmt_storage(  529): rmt_storage_disconnect_cb: clnt_h=0x6 conn_h=0x7f8182a000
10-11 15:39:02.014 I/rmt_storage(  529): rmt_storage_connect_cb: clnt_h=0x7 conn_h=0x7f8182a000
10-11 15:39:02.014 I/rmt_storage(  529): rmt_storage_rw_iovec_cb: /boot/modem_fs2: clnt_h=0x7: req_h=0x7 msg_id=3: R/W request received
10-11 15:39:02.014 I/rmt_storage(  529): wakelock acquired: 1, error no: 42
10-11 15:39:02.014 I/rmt_storage(  529): rmt_storage_client_thread: /boot/modem_fs2: clnt_h=0x7 Unblock worker thread (th_id: 547631408208)
10-11 15:39:02.018 I/rmt_storage(  529): rmt_storage_client_thread: /boot/modem_fs2: clnt_h=0x7: req_h=0x7 msg_id=3: Bytes read = 512
10-11 15:39:02.018 I/rmt_storage(  529): rmt_storage_client_thread: /boot/modem_fs2: clnt_h=0x7: req_h=0x7 msg_id=3: Send response: res=0 err=0
10-11 15:39:02.019 D/        (  585): [ACDB Command]->SW Minor/Major/Revision version info for /etc/acdbdata/16017/Speaker_cal.acdb
10-11 15:39:02.019 I/rmt_storage(  529): rmt_storage_client_thread: /boot/modem_fs2: clnt_h=0x7 About to block rmt_storage client thread (th_id: 547631408208) wakelock released: 1, error no: 0
10-11 15:39:02.019 I/rmt_storage(  529): 
10-11 15:39:02.019 D/        (  585): [ACDB Command]->ACDB Sw Major = 9, ACDB Sw Minor = 0, ACDB Sw Revision = 0, ACDB Sw Cpl Number = 0
10-11 15:39:02.019 D/        (  585): [ACDB Command]->ACDB File Major = 8, ACDB File Minor = 0, ACDB File Revision = 1, ACDB File Cpl Number = 0
10-11 15:39:02.019 I/rmt_storage(  529): rmt_storage_disconnect_cb: clnt_h=0x7 conn_h=0x7f8182a000
10-11 15:39:02.020 D/DrmLibTime(  551): registering fs service to QSEECom is done!
10-11 15:39:02.020 D/DrmLibTime(  551): begin to create a thread!
10-11 15:39:02.020 D/DrmLibTime(  551): Creating a pthread in atime_start is done! return 0
10-11 15:39:02.020 D/QSEECOMD: (  551): Init atime_start ret = 0
10-11 15:39:02.020 D/QSEECOMD: (  551): time services: Started (Listener ID = 11)
10-11 15:39:02.020 E/QSEECOMD: (  551): Listener: index = 4, hierarchy = 1
10-11 15:39:02.020 D/DrmLibTime(  551): QSEE Time Listener: dispatch
10-11 15:39:02.020 D/DrmLibTime(  551): before calling ioctl to read the next time_cmd
10-11 15:39:02.020 I/qcom-bluetooth(  557): /system/etc/init.qcom.bt.sh: init.qcom.bt.sh config = onboot 
10-11 15:39:02.020 I/rmt_storage(  529): rmt_storage_connect_cb: clnt_h=0x8 conn_h=0x7f8182a000
10-11 15:39:02.020 I/rmt_storage(  529): rmt_storage_rw_iovec_cb: /boot/modem_fs1: clnt_h=0x8: req_h=0x8 msg_id=3: R/W request received
10-11 15:39:02.020 I/rmt_storage(  529): wakelock acquired: 1, error no: 42
10-11 15:39:02.020 I/rmt_storage(  529): rmt_storage_client_thread: /boot/modem_fs1: clnt_h=0x8 Unblock worker thread (th_id: 547632444496)
10-11 15:39:02.020 D/QSEECOMD: (  551): Init dlopen(libdrmfs.so, RTLD_NOW) succeeds
10-11 15:39:02.020 D/QSEECOMD: (  551): Init::Init dlsym(g_FSHandle fs_start) succeeds
10-11 15:39:02.020 D/QSEECOMAPI(  551): QSEECom_register_listener 10 sb_length = 0x5000
10-11 15:39:02.023 D/        (  585): [ACDB Command]->SW Minor/Major/Revision version info for /etc/acdbdata/16017/workspaceFile.qwsp
10-11 15:39:02.023 D/        (  585): [ACDB Command]->ACDB Sw Major = 9, ACDB Sw Minor = 0, ACDB Sw Revision = 0, ACDB Sw Cpl Number = 0
10-11 15:39:02.023 D/        (  585): [ACDB Command]->ACDB File Major = 8, ACDB File Minor = 0, ACDB File Revision = 1
10-11 15:39:02.023 D/ACDB-LOADER(  585): ACDB -> ACPH INIT
10-11 15:39:02.023 D/        (  585): [ACPH]->Online service registered with ACPH
10-11 15:39:02.024 D/        (  585): [ACPH]->ACPH init success
10-11 15:39:02.024 D/ACDB-LOADER(  585): ACDB -> RTAC INIT
10-11 15:39:02.024 D/        (  585): [ACPH]->DSP RTC service registered with ACPH
10-11 15:39:02.024 D/ACDB-LOADER(  585): ACDB -> MCS, FTS INIT
10-11 15:39:02.025 D/        (  585): [ACPH]->MCS RTC service registered with ACPH
10-11 15:39:02.025 D/        (  585): [ACPH]->FTS RTC service registered with ACPH
10-11 15:39:02.025 D/ACDB-LOADER(  585): ACDB -> ADIE RTAC INIT
10-11 15:39:02.025 D/        (  585): [ACPH]->ADIE RTC service registered with ACPH
10-11 15:39:02.025 D/ACDB-LOADER(  585): ACDB -> ACDB_CMD_GET_VOC_PROC_DYNAMIC_TABLE_SIZE
10-11 15:39:02.028 D/ACDB-LOADER(  585): ACDB -> send_meta_info, lic 0
10-11 15:39:02.028 D/        (  585): Couldnt find the key 00000000 
10-11 15:39:02.028 D/        (  585): Output from GetMetaInfoSize command : 0
10-11 15:39:02.029 I/pm-service(  575): type=1400 audit(0.0:3): avc: denied { net_raw } for uid=1000 capability=13 scontext=u:r:per_mgr:s0 tcontext=u:r:per_mgr:s0 tclass=capability permissive=1
10-11 15:39:02.029 I/PerMgrSrv(  537): Adding entry for modem : offTimeout : 500 ackTimeout : 200
10-11 15:39:02.031 I/rmt_storage(  529): rmt_storage_client_thread: /boot/modem_fs1: clnt_h=0x8: req_h=0x8 msg_id=3: Bytes read = 1571840
10-11 15:39:02.031 I/rmt_storage(  529): rmt_storage_client_thread: /boot/modem_fs1: clnt_h=0x8: req_h=0x8 msg_id=3: Send response: res=0 err=0
10-11 15:39:02.031 I/rmt_storage(  529): rmt_storage_client_thread: /boot/modem_fs1: clnt_h=0x8 About to block rmt_storage client thread (th_id: 547632444496) wakelock released: 1, error no: 0
10-11 15:39:02.031 I/rmt_storage(  529): 
10-11 15:39:02.032 I/rmt_storage(  529): rmt_storage_disconnect_cb: clnt_h=0x8 conn_h=0x7f8182a000
10-11 15:39:02.034 D/QSEECOMD: (  551): Init fs_start ret = 0
10-11 15:39:02.034 D/ACDB-LOADER(  585): ACDB -> send_common_custom_topology
10-11 15:39:02.034 D/ACDB-LOADER(  585): ACDB -> ACDB_CMD_GET_AVCS_CUSTOM_TOPO_INFO
10-11 15:39:02.034 D/QSEECOMD: (  551): file system services: Started (Listener ID = 10)
10-11 15:39:02.034 E/QSEECOMD: (  551): Listener: index = 5, hierarchy = 1
10-11 15:39:02.034 D/ACDB-LOADER(  585): ACDB -> ACDB_CMD_GET_AVCS_CUSTOM_TOPO_INFO: size:0x1d4 ret=0 
10-11 15:39:02.034 D/ACDB-LOADER(  585): ACDB -> CORE_CUSTOM_TOPOLOGIES
10-11 15:39:02.034 D/QSEECOMD: (  551): Init dlopen(libdrmfs.so, RTLD_NOW) succeeds
10-11 15:39:02.034 D/QSEECOMD: (  551): Init::Init dlsym(g_FSHandle gpfs_start) succeeds
10-11 15:39:02.034 D/QSEECOMAPI(  551): QSEECom_register_listener 28672 sb_length = 0x7e000
10-11 15:39:02.034 I/PerMgrSrv(  537): Peripheral Mananager service start
10-11 15:39:02.034 I/PerMgrSrv(  537): power-off timeout 500,ms; event-ack timeout 200,ms; debug-mode false
10-11 15:39:02.034 I/PerMgrSrv(  537): Statistics for : modem
10-11 15:39:02.034 I/PerMgrSrv(  537): modem: Current State : is off-line
10-11 15:39:02.034 I/PerMgrSrv(  537): modem: Voter/Listener count : 0/0
10-11 15:39:02.034 I/PerMgrSrv(  537): modem: Power on count : 0
10-11 15:39:02.034 I/PerMgrSrv(  537): modem: Power off count: 0
10-11 15:39:02.034 I/PerMgrSrv(  537): modem: Client list:
10-11 15:39:02.036 E/ACDB-LOADER(  585): AUDIO_SET_CALIBRATION, Error = -1
10-11 15:39:02.036 D/ACDB-LOADER(  585): ACDB -> acdb_loader_send_common_custom_topology: Common custom topology not in use
10-11 15:39:02.036 D/ACDB-LOADER(  585): ACDB -> send_afe_custom_topology
10-11 15:39:02.036 D/ACDB-LOADER(  585): ACDB -> ACDB_CMD_GET_AFE_TOPOLOGIES
10-11 15:39:02.036 D/        (  585): ACDBFILE_MGR: Property for the pid 000130DE not found
10-11 15:39:02.036 D/        (  585): ACDB_COMMAND: Failed to fetch the property info for pid 000130DE 
10-11 15:39:02.036 E/ACDB-LOADER(  585): Error: ACDB get afe custom topologies returned = -18
10-11 15:39:02.036 D/ACDB-LOADER(  585): ACDB -> ACDB_CMD_GET_AFE_TOPOLOGIES: size:0x0 ret=-18 
10-11 15:39:02.036 D/ACDB-LOADER(  585): ACDB -> AUDIO_SET_AFE_CUSTOM_TOPOLOGY
10-11 15:39:02.036 D/ACDB-LOADER(  585): ACDB -> send_adm_custom_topology
10-11 15:39:02.036 D/ACDB-LOADER(  585): ACDB -> ACDB_CMD_GET_AUDIO_COPP_TOPOLOGIES
10-11 15:39:02.036 D/ACDB-LOADER(  585): ACDB -> AUDIO_SET_ADM_CUSTOM_TOPOLOGY
10-11 15:39:02.036 D/ACDB-LOADER(  585): ACDB -> send_asm_custom_topology
10-11 15:39:02.036 D/ACDB-LOADER(  585): ACDB -> ACDB_CMD_GET_AUDIO_POPP_TOPOLOGIES
10-11 15:39:02.036 D/ACDB-LOADER(  585): ACDB -> AUDIO_SET_ASM_CUSTOM_TOPOLOGY
10-11 15:39:02.036 D/ACDB-LOADER(  585): ACDB -> send_lsm_custom_topology
10-11 15:39:02.036 D/ACDB-LOADER(  585): ACDB -> ACDB_CMD_GET_LSM_TOPOLOGIES
10-11 15:39:02.036 D/        (  585): ACDBFILE_MGR: Property for the pid 000130DF not found
10-11 15:39:02.036 D/        (  585): ACDB_COMMAND: Failed to fetch the property info for pid 000130DF 
10-11 15:39:02.036 E/ACDB-LOADER(  585): Error: ACDB get lsm custom topologies returned = -18
10-11 15:39:02.036 D/ACDB-LOADER(  585): ACDB -> AUDIO_SET_LSM_CUSTOM_TOPOLOGY
10-11 15:39:02.036 D/ACDB-LOADER(  585): ACDB -> send_meta_info Enter
10-11 15:39:02.036 E/ACDB-LOADER(  585): Fail to allocate memory for metainfo
10-11 15:39:02.036 D/ACDB-LOADER(  585): ACDB -> send_meta_info failed
10-11 15:39:02.036 D/ACDB-LOADER(  585): ACDB -> init done!
10-11 15:39:02.036 D/msm8916_platform(  585): ACDB initialized
10-11 15:39:02.036 D/msm8916_platform(  585): hw_util_open Opening device /dev/snd/hwC0D1000
10-11 15:39:02.036 D/msm8916_platform(  585): hw_util_open success
10-11 15:39:02.036 D/ACDB-LOADER(  585): ACDB -> ACDB_CMD_GET_ANC_SETTING
10-11 15:39:02.036 D/        (  585): Failed to fetch the lookup information of the device 0000001A 
10-11 15:39:02.036 E/ACDB-LOADER(  585): Error: ACDB ANC returned = -19
10-11 15:39:02.036 D/ACDB-LOADER(  585): ACDB -> ACDB_CMD_GET_ANC_SETTING
10-11 15:39:02.036 D/        (  585): Failed to fetch the lookup information of the device 0000001A 
10-11 15:39:02.036 E/ACDB-LOADER(  585): Error: ACDB ANC returned = -19
10-11 15:39:02.036 D/ACDB-LOADER(  585): ACDB -> ACDB_CMD_GET_ANC_SETTING
10-11 15:39:02.036 D/        (  585): Failed to fetch the lookup information of the device 0000001B 
10-11 15:39:02.036 E/ACDB-LOADER(  585): Error: ACDB ANC returned = -19
10-11 15:39:02.036 D/ACDB-LOADER(  585): ACDB -> ACDB_CMD_GET_ANC_SETTING
10-11 15:39:02.036 D/        (  585): Failed to fetch the lookup information of the device 0000001B 
10-11 15:39:02.036 E/ACDB-LOADER(  585): Error: ACDB ANC returned = -19
10-11 15:39:02.037 D/ACDB-LOADER(  585): ACDB -> ACDB_CMD_GET_ANC_SETTING
10-11 15:39:02.037 D/        (  585): Failed to fetch the lookup information of the device 0000001C 
10-11 15:39:02.037 E/ACDB-LOADER(  585): Error: ACDB ANC returned = -19
10-11 15:39:02.037 D/ACDB-LOADER(  585): ACDB -> ACDB_CMD_GET_ANC_SETTING
10-11 15:39:02.037 D/        (  585): Failed to fetch the lookup information of the device 0000001C 
10-11 15:39:02.037 E/ACDB-LOADER(  585): Error: ACDB ANC returned = -19
10-11 15:39:02.037 D/ACDB-LOADER(  585): ACDB -> ACDB_CMD_GET_ANC_SETTING
10-11 15:39:02.037 D/        (  585): Failed to fetch the lookup information of the device 0000001D 
10-11 15:39:02.037 E/ACDB-LOADER(  585): Error: ACDB ANC returned = -19
10-11 15:39:02.037 D/ACDB-LOADER(  585): ACDB -> ACDB_CMD_GET_ANC_SETTING
10-11 15:39:02.037 D/        (  585): Failed to fetch the lookup information of the device 0000001D 
10-11 15:39:02.037 E/ACDB-LOADER(  585): Error: ACDB ANC returned = -19
10-11 15:39:02.037 D/ACDB-LOADER(  585): ACDB -> ACDB_CMD_GET_ANC_SETTING
10-11 15:39:02.037 D/        (  585): Failed to fetch the lookup information of the device 0000001E 
10-11 15:39:02.037 E/ACDB-LOADER(  585): Error: ACDB ANC returned = -19
10-11 15:39:02.037 D/ACDB-LOADER(  585): ACDB -> ACDB_CMD_GET_ANC_SETTING
10-11 15:39:02.037 D/        (  585): Failed to fetch the lookup information of the device 0000001E 
10-11 15:39:02.037 E/ACDB-LOADER(  585): Error: ACDB ANC returned = -19
10-11 15:39:02.037 D/ACDB-LOADER(  585): ACDB -> ACDB_CMD_GET_ANC_SETTING
10-11 15:39:02.037 D/        (  585): Failed to fetch the lookup information of the device 0000001F 
10-11 15:39:02.037 E/ACDB-LOADER(  585): Error: ACDB ANC returned = -19
10-11 15:39:02.037 D/ACDB-LOADER(  585): ACDB -> ACDB_CMD_GET_ANC_SETTING
10-11 15:39:02.037 D/        (  585): Failed to fetch the lookup information of the device 0000001F 
10-11 15:39:02.037 E/ACDB-LOADER(  585): Error: ACDB ANC returned = -19
10-11 15:39:02.037 D/ACDB-LOADER(  585): ACDB -> ACDB_CMD_GET_ANC_SETTING
10-11 15:39:02.037 D/        (  585): Failed to fetch the lookup information of the device 00000067 
10-11 15:39:02.037 E/ACDB-LOADER(  585): Error: ACDB ANC returned = -19
10-11 15:39:02.037 D/ACDB-LOADER(  585): ACDB -> ACDB_CMD_GET_ANC_SETTING
10-11 15:39:02.037 D/        (  585): Failed to fetch the lookup information of the device 00000067 
10-11 15:39:02.037 E/ACDB-LOADER(  585): Error: ACDB ANC returned = -19
10-11 15:39:02.037 D/ACDB-LOADER(  585): ACDB -> ACDB_CMD_GET_ANC_SETTING
10-11 15:39:02.037 D/        (  585): Failed to fetch the lookup information of the device 00000056 
10-11 15:39:02.037 E/ACDB-LOADER(  585): Error: ACDB ANC returned = -19
10-11 15:39:02.037 D/ACDB-LOADER(  585): ACDB -> ACDB_CMD_GET_ANC_SETTING
10-11 15:39:02.037 D/        (  585): Failed to fetch the lookup information of the device 00000056 
10-11 15:39:02.037 E/ACDB-LOADER(  585): Error: ACDB ANC returned = -19
10-11 15:39:02.037 D/ACDB-LOADER(  585): ACDB -> ACDB_CMD_GET_ANC_SETTING
10-11 15:39:02.037 D/        (  585): Failed to fetch the lookup information of the device 00000059 
10-11 15:39:02.037 E/ACDB-LOADER(  585): Error: ACDB ANC returned = -19
10-11 15:39:02.037 D/ACDB-LOADER(  585): ACDB -> ACDB_CMD_GET_ANC_SETTING
10-11 15:39:02.037 D/        (  585): Failed to fetch the lookup information of the device 00000059 
10-11 15:39:02.037 E/ACDB-LOADER(  585): Error: ACDB ANC returned = -19
10-11 15:39:02.037 E/msm8916_platform(  585): Failed to call ioctl  for anc_cal err=14 calib.size=16
10-11 15:39:02.037 D/msm8916_platform(  585): send_codec_cal cal sent for anc_cal calib.size=16
10-11 15:39:02.037 D/ACDB-LOADER(  585): send mbhc data
10-11 15:39:02.037 D/ACDB-LOADER(  585): ACDB -> MBHC ACDB_PID_GENERAL_CONFIG
10-11 15:39:02.037 D/ACDB-LOADER(  585): ACDB -> MBHC ACDB_PID_PLUG_REMOVAL_DETECTION
10-11 15:39:02.037 D/ACDB-LOADER(  585): ACDB -> MBHC ACDB_PID_PLUG_TYPE_DETECTION
10-11 15:39:02.037 D/ACDB-LOADER(  585): ACDB -> MBHC ACDB_PID_BUTTON_PRESS_DETECTION
10-11 15:39:02.037 D/ACDB-LOADER(  585): ACDB -> MBHC ACDB_PID_IMPEDANCE_DETECTION
10-11 15:39:02.037 D/msm8916_platform(  585): send_codec_cal cal sent for mbhc_cal calib.size=154
10-11 15:39:02.037 D/ACDB-LOADER(  585): send vbat data
10-11 15:39:02.037 D/ACDB-LOADER(  585): ACDB -> VBAT ACDB_PID_ADC_CAL
10-11 15:39:02.037 D/ACDB-LOADER(  585): ACDB -> VBAT ACDB_PID_GAIN_PROC
10-11 15:39:02.037 D/ACDB-LOADER(  585): send vbat data, calling convert_vbat_data
10-11 15:39:02.037 D/ACDB-LOADER(  585): copied vbat cal size =72
10-11 15:39:02.038 E/msm8916_platform(  585): Failed to call ioctl  for vbat_cal err=14 calib.size=72
10-11 15:39:02.038 D/msm8916_platform(  585): send_codec_cal cal sent for vbat_cal calib.size=72
10-11 15:39:02.038 D/msm8916_platform(  585): Alac software decoder is available...removing alac from DSP decoder list
10-11 15:39:02.038 D/msm8916_platform(  585): APE software decoder is available...removing ape from DSP decoder list
10-11 15:39:02.038 D/QSEECOMD: (  551): Init gpfs_start ret = 0
10-11 15:39:02.038 D/QSEECOMD: (  551): gpfile system services: Started (Listener ID = 28672)
10-11 15:39:02.038 E/QSEECOMD: (  551): Listener: index = 6, hierarchy = 1
10-11 15:39:02.039 E/QSEECOMD: (  551): Init dlopen(libqisl.so, RLTD_NOW) is failed....
10-11 15:39:02.039 E/QSEECOMD: (  551): Listener: index = 7, hierarchy = 1
10-11 15:39:02.039 E/QSEECOMD: (  551): Init dlopen(libspl.so, RLTD_NOW) is failed....
10-11 15:39:02.039 E/QSEECOMD: (  551): Listener: index = 8, hierarchy = 1
10-11 15:39:02.039 E/QSEECOMD: (  551): Init dlopen(libGPreqcancel.so, RLTD_NOW) is failed....
10-11 15:39:02.040 I/PerMgrSrv(  537): QMI service start
10-11 15:39:02.040 D/msm8916_platform(  585): platform_set_audio_device_interface: Enter, device name:AUDIO_DEVICE_IN_BUILTIN_MIC, intf name:SLIMBUS_0, codec_type:external
10-11 15:39:02.041 E/msm8916_platform(  585): Invalid codec_type specified. Ignoring this interface entry.
10-11 15:39:02.041 D/msm8916_platform(  585): platform_set_audio_device_interface: Enter, device name:AUDIO_DEVICE_IN_BACK_MIC, intf name:SLIMBUS_0, codec_type:external
10-11 15:39:02.041 E/msm8916_platform(  585): Invalid codec_type specified. Ignoring this interface entry.
10-11 15:39:02.041 D/msm8916_platform(  585): platform_set_audio_device_interface: Enter, device name:AUDIO_DEVICE_IN_BUILTIN_MIC, intf name:TERT_MI2S, codec_type:internal
10-11 15:39:02.041 D/msm8916_platform(  585): platform_set_audio_device_interface: Matched device name:AUDIO_DEVICE_IN_BUILTIN_MIC, overwrite intf name with TERT_MI2S
10-11 15:39:02.041 D/msm8916_platform(  585): platform_set_audio_device_interface: Enter, device name:AUDIO_DEVICE_IN_BACK_MIC, intf name:TERT_MI2S, codec_type:internal
10-11 15:39:02.041 D/msm8916_platform(  585): platform_set_audio_device_interface: Matched device name:AUDIO_DEVICE_IN_BACK_MIC, overwrite intf name with TERT_MI2S
10-11 15:39:02.041 D/msm8916_platform(  585): platform_set_snd_device_backend: backend_tag_table[speaker]: old = null new = speaker
10-11 15:39:02.041 D/msm8916_platform(  585): platform_set_snd_device_backend: backend_tag_table[speaker-reverse]: old = null new = speaker
10-11 15:39:02.041 D/msm8916_platform(  585): platform_set_snd_device_backend: backend_tag_table[voice-speaker]: old = null new = speaker
10-11 15:39:02.041 E/msm8916_platform(  585): find_index: Could not find index for name = SND_DEVICE_OUT_VOIP_SPEAKER
10-11 15:39:02.041 E/platform_info(  585): process_backend_name: Device SND_DEVICE_OUT_VOIP_SPEAKER not found, no ACDB ID set!
10-11 15:39:02.041 D/msm8916_platform(  585): platform_set_snd_device_backend: backend_tag_table[speaker-and-headphones]: old = null new = speaker-and-headphones
10-11 15:39:02.041 D/msm8916_platform(  585): platform_set_snd_device_backend: backend_tag_table[speaker-and-line]: old = null new = speaker-and-headphones
10-11 15:39:02.041 D/msm8916_platform(  585): platform_init: Fluence_Type(1) max_mic_count(2) mic_type(0x3) fluence_in_voice_call(1) fluence_in_voice_rec(0) fluence_in_spkr_mode(0) 
10-11 15:39:02.041 D/audio_hw_ssr(  585): audio_extn_ssr_update_enabled: surround sound recording is not supported
10-11 15:39:02.041 D/audio_hw_spkr_prot(  585): audio_extn_spkr_prot_init: Initialize speaker protection module
10-11 15:39:02.041 D/audio_hw_spkr_prot(  585): audio_extn_spkr_prot_init: Speaker protection disabled
10-11 15:39:02.042 E/audio_hw_dolby(  585): audio_extn_dap_hal_init: DLOPEN failed for vendor/lib/libhwdaphal.so error dlopen failed: library "vendor/lib/libhwdaphal.so" not found
10-11 15:39:02.042 E/audio_hw_dolby(  585): audio_extn_dolby_set_license: dap_hal_set_hw_info is NULL
10-11 15:39:02.046 D/aud_dev_arbi(  585): runSocketThread: entered
10-11 15:39:02.048 E/PerMgrProxy(  563): Starting pm-proxy service
10-11 15:39:02.049 E/adsprpc (  574): vendor/qcom/proprietary/adsprpc/src/adsprpcd.c:26:adsp daemon starting
10-11 15:39:02.049 I/PerMgrProxy(  563): Found internal modem
10-11 15:39:02.052 D/PerMgrSrv(  537): modem state: is off-line, add client PM-PROXY-THREAD
10-11 15:39:02.052 D/PerMgrSrv(  537): PM-PROXY-THREAD registered
10-11 15:39:02.053 D/PerMgrLib(  563): PM-PROXY-THREAD successfully registered for modem
10-11 15:39:02.053 I/PerMgrProxy(  563): pm-proxy-thread Voting for internal modem
10-11 15:39:02.053 D/PerMgrLib(  563): PM-PROXY-THREAD voting for modem
10-11 15:39:02.053 D/PerMgrSrv(  537): PM-PROXY-THREAD voting for modem
10-11 15:39:02.053 D/PerMgrSrv(  537): modem new state: going on-line
10-11 15:39:02.053 D/PerMgrSrv(  537): modem num voters is 1
10-11 15:39:02.056 I/soundtrigger(  585): audio_extn_sound_trigger_init: Enter
10-11 15:39:02.060 D/AndroidRuntime(  580): >>>>>> START com.android.internal.os.ZygoteInit uid 0 <<<<<<
10-11 15:39:02.061 D/QC-time-services(  567): Daemon:genoff_pre_init::Base = 0
10-11 15:39:02.061 D/QC-time-services(  567): Daemon:ats_rtc_init: Time read from RTC -- year = 70, month = 9,day = 11
10-11 15:39:02.061 D/QC-time-services(  567): Daemon ats_rtc_init: seconds = 24507541
10-11 15:39:02.061 D/QC-time-services(  567): Daemon:Value read from RTC seconds = 24507541000
10-11 15:39:02.061 D/QC-time-services(  567): Daemon:genoff_init_config: ATS_RTC initialized with rc: 0
10-11 15:39:02.061 D/QC-time-services(  567): Daemon:genoff_pre_init::Base = 1
10-11 15:39:02.061 D/QC-time-services(  567): Daemon: Storage Name: ats_1 
10-11 15:39:02.061 D/QC-time-services(  567): Daemon:Opening File: /persist/time/ats_1 /data/time/ats_1
10-11 15:39:02.061 D/QC-time-services(  567): Daemon:time_persistent_memory_opr:Genoff Read operation 
10-11 15:39:02.062 I/soundtrigger(  585): audio_extn_sound_trigger_init: DLOPEN successful for /system/vendor/lib/hw/sound_trigger.primary.msm8953.so
10-11 15:39:02.064 I/ThermalEngine(  568): Thermal daemon started
10-11 15:39:02.065 I/ThermalEngine(  568): No target config file, falling back to '/system/etc/thermal-engine.conf'
10-11 15:39:02.065 I/ThermalEngine(  568): devices_manager_init: Init
10-11 15:39:02.065 I/ThermalEngine(  568): Number of gpus :1
10-11 15:39:02.065 I/Thermal-IOCTL(  568): KTM IOCTL interface "/dev/msm_thermal_query" opened
10-11 15:39:02.065 E/ThermalEngine(  568): update_cpu_topology: Cluster Info[0]. Cluster Id: 0 cpu_bits:0xf sync:1
10-11 15:39:02.065 E/ThermalEngine(  568): update_cpu_topology: Cluster Info[1]. Cluster Id: 1 cpu_bits:0xf0 sync:1
10-11 15:39:02.066 I/ThermalEngine(  568): vdd_rstr_init: Init KTM VDD RSTR enabled: 0
10-11 15:39:02.069 E/Diag_Lib(  572): qpLogDiagInit <== result : 1
10-11 15:39:02.069 E/Diag_Lib(  572): QMID : gIsQXDMDisabled 0, gIsADBDisabled 1, gIsDebugDisabled 0, gIsIMSLogsDisabled 0
10-11 15:39:02.069 E/Diag_Lib(  572): [IMS_QMID] |imsqmiserver.c | 538 | QMID#$$#0#QMI DAEMON STARTED
10-11 15:39:02.070 E/audio_hw_primary(  585): Amplifier initialization failed
10-11 15:39:02.070 E/QMI_FW  (  565): QMUXD: WARNING qmi_qmux_if_pwr_up_init failed! rc=-6
10-11 15:39:02.070 E/audio_hw_utils(  585): audio_extn_utils_update_streams_output_cfg_list: could not load output policy config file
10-11 15:39:02.072 E/QMI_FW  (  568): QMUXD: WARNING qmi_qmux_if_pwr_up_init failed! rc=-6
10-11 15:39:02.073 E/audio_hw_extn(  585): audio_extn_perf_lock_init: Perf lock handles Success 
10-11 15:39:02.073 I/AudioFlinger(  585): loadHwModule() Loaded primary audio interface from QCOM Audio HAL (audio) handle 10
10-11 15:39:02.073 I/AudioFlinger(  585): openOutput(), module 10 Device 2, SamplingRate 48000, Format 0x000001, Channels 3, flags 6
10-11 15:39:02.073 D/audio_hw_primary(  585): adev_open_output_stream: enter: format(0x1) sample_rate(48000) channel_mask(0x3) devices(0x2) flags(0x6)        stream_handle(0xf69fc800)
10-11 15:39:02.073 W/audio_hw_utils(  585): audio_extn_utils_update_stream_app_type_cfg: App type could not be selected. Falling back to default
10-11 15:39:02.073 D/audio_hw_primary(  585): adev_open_output_stream: Stream (0xf69fc800) picks up usecase (low-latency-playback)
10-11 15:39:02.074 I/AudioFlinger(  585): HAL output buffer size 192 frames, normal sink buffer size 960 frames
10-11 15:39:02.074 I/SurfaceFlinger(  540): SurfaceFlinger is starting
10-11 15:39:02.074 I/SurfaceFlinger(  540): SurfaceFlinger's main thread ready to run. Initializing graphics H/W...
10-11 15:39:02.080 D/AndroidRuntime(  583): >>>>>> START com.android.internal.os.ZygoteInit uid 0 <<<<<<
10-11 15:39:02.086 D/AndroidRuntime(  580): CheckJNI is ON
10-11 15:39:02.091 W/EffectsFactory(  585): loadLibrary() failed to open /system/vendor/lib/soundfx/libswdap.so
10-11 15:39:02.091 W/EffectsFactory(  585): loadEffect() could not get library ds
10-11 15:39:02.091 I/BufferProvider(  585): found effect "Multichannel Downmix To Stereo" from The Android Open Source Project
10-11 15:39:02.091 I/AudioFlinger(  585): Using module 10 has the primary audio interface
10-11 15:39:02.091 I/AudioFlinger(  585): AudioFlinger's thread 0xf5e83300 ready to run
10-11 15:39:02.092 W/BatteryNotifier(  585): batterystats service unavailable!
10-11 15:39:02.092 D/audio_hw_primary(  585): out_standby: enter: stream (0xf69fc800) usecase(1: low-latency-playback)
10-11 15:39:02.092 D/audio_hw_primary(  585): out_standby: exit
10-11 15:39:02.092 W/BatteryNotifier(  585): batterystats service unavailable!
10-11 15:39:02.092 W/BatteryNotifier(  585): batterystats service unavailable!
10-11 15:39:02.092 D/audio_hw_primary(  585): out_set_parameters: enter: usecase(1: low-latency-playback) kvpairs: routing=2
10-11 15:39:02.092 D/audio_hw_extn(  585): audio_extn_set_anc_parameters: anc_enabled:0
10-11 15:39:02.092 D/audio_hw_spkr_prot(  585): audio_extn_fbsp_set_parameters: Speaker protection disabled
10-11 15:39:02.092 W/AudioFlinger(  585): no wake lock to update, system not ready yet
10-11 15:39:02.093 I/AudioFlinger(  585): openOutput(), module 10 Device 2, SamplingRate 48000, Format 0x000001, Channels 3, flags 104
10-11 15:39:02.093 D/audio_hw_primary(  585): adev_open_output_stream: enter: format(0x1) sample_rate(48000) channel_mask(0x3) devices(0x2) flags(0x104)        stream_handle(0xf69fcc00)
10-11 15:39:02.094 W/audio_hw_utils(  585): audio_extn_utils_update_stream_app_type_cfg: App type could not be selected. Falling back to default
10-11 15:39:02.094 D/audio_hw_primary(  585): adev_open_output_stream: Stream (0xf69fcc00) picks up usecase (audio-ull-playback)
10-11 15:39:02.094 I/AudioFlinger(  585): HAL output buffer size 192 frames, normal sink buffer size 960 frames
10-11 15:39:02.094 I/AudioFlinger(  585): AudioFlinger's thread 0xf5b03e00 ready to run
10-11 15:39:02.094 W/BatteryNotifier(  585): batterystats service unavailable!
10-11 15:39:02.095 D/audio_hw_primary(  585): out_set_parameters: enter: usecase(12: audio-ull-playback) kvpairs: routing=2
10-11 15:39:02.095 D/audio_hw_primary(  585): out_standby: enter: stream (0xf69fcc00) usecase(12: audio-ull-playback)
10-11 15:39:02.095 D/audio_hw_primary(  585): out_standby: exit
10-11 15:39:02.095 W/BatteryNotifier(  585): batterystats service unavailable!
10-11 15:39:02.095 W/BatteryNotifier(  585): batterystats service unavailable!
10-11 15:39:02.095 W/AudioFlinger(  585): no wake lock to update, system not ready yet
10-11 15:39:02.095 I/AudioFlinger(  585): openOutput(), module 10 Device 2, SamplingRate 48000, Format 0x000001, Channels 3, flags 8
10-11 15:39:02.096 D/audio_hw_primary(  585): adev_open_output_stream: enter: format(0x1) sample_rate(48000) channel_mask(0x3) devices(0x2) flags(0x8)        stream_handle(0xf5efe000)
10-11 15:39:02.096 W/audio_hw_utils(  585): audio_extn_utils_update_stream_app_type_cfg: App type could not be selected. Falling back to default
10-11 15:39:02.096 D/audio_hw_primary(  585): adev_open_output_stream: Stream (0xf5efe000) picks up usecase (deep-buffer-playback)
10-11 15:39:02.096 I/AudioFlinger(  585): HAL output buffer size 1920 frames, normal sink buffer size 1920 frames
10-11 15:39:02.096 I/AudioFlinger(  585): AudioFlinger's thread 0xf5803400 ready to run
10-11 15:39:02.096 W/BatteryNotifier(  585): batterystats service unavailable!
10-11 15:39:02.096 D/audio_hw_primary(  585): out_set_parameters: enter: usecase(0: deep-buffer-playback) kvpairs: routing=2
10-11 15:39:02.096 D/audio_hw_primary(  585): out_standby: enter: stream (0xf5efe000) usecase(0: deep-buffer-playback)
10-11 15:39:02.096 D/audio_hw_primary(  585): out_standby: exit
10-11 15:39:02.096 W/BatteryNotifier(  585): batterystats service unavailable!
10-11 15:39:02.097 W/BatteryNotifier(  585): batterystats service unavailable!
10-11 15:39:02.097 W/AudioFlinger(  585): no wake lock to update, system not ready yet
10-11 15:39:02.097 I/AudioFlinger(  585): openOutput(), module 10 Device 10000, SamplingRate 48000, Format 0x000001, Channels 3, flags 0
10-11 15:39:02.097 D/audio_hw_primary(  585): adev_open_output_stream: enter: format(0x1) sample_rate(48000) channel_mask(0x3) devices(0x10000) flags(0)        stream_handle(0xf5efe400)
10-11 15:39:02.097 W/audio_hw_utils(  585): audio_extn_utils_update_stream_app_type_cfg: App type could not be selected. Falling back to default
10-11 15:39:02.097 D/audio_hw_primary(  585): adev_open_output_stream: Stream (0xf5efe400) picks up usecase (afe-proxy-playback)
10-11 15:39:02.097 I/AudioFlinger(  585): HAL output buffer size 768 frames, normal sink buffer size 1152 frames
10-11 15:39:02.098 I/AudioFlinger(  585): AudioFlinger's thread 0xf5683dc0 ready to run
10-11 15:39:02.098 W/BatteryNotifier(  585): batterystats service unavailable!
10-11 15:39:02.098 D/audio_hw_primary(  585): out_set_parameters: enter: usecase(38: afe-proxy-playback) kvpairs: routing=65536
10-11 15:39:02.098 D/audio_hw_primary(  585): out_standby: enter: stream (0xf5efe400) usecase(38: afe-proxy-playback)
10-11 15:39:02.098 D/audio_hw_primary(  585): out_standby: exit
10-11 15:39:02.098 W/BatteryNotifier(  585): batterystats service unavailable!
10-11 15:39:02.099 W/BatteryNotifier(  585): batterystats service unavailable!
10-11 15:39:02.099 W/AudioFlinger(  585): no wake lock to update, system not ready yet
10-11 15:39:02.099 D/audio_hw_primary(  585): adev_open_input_stream: enter: sample_rate(48000) channel_mask(0xc) devices(0x80002000)        stream_handle(0xf69cfcc0) io_handle(14) source(1) format 1
10-11 15:39:02.100 I/AudioFlinger(  585): AudioFlinger's thread 0xf5383940 ready to run
10-11 15:39:02.100 D/audio_hw_primary(  585): adev_close_input_stream: enter:stream_handle(0xf69cfcc0)
10-11 15:39:02.100 D/audio_hw_primary(  585): in_standby: enter: stream (0xf69cfcc0) usecase(16: audio-record)
10-11 15:39:02.100 D/audio_hw_primary(  585): adev_open_input_stream: enter: sample_rate(48000) channel_mask(0xfc) devices(0x80000004)        stream_handle(0xf69cfcc0) io_handle(22) source(1) format 1
10-11 15:39:02.100 I/art     (  580): option[0]=-Xzygote
10-11 15:39:02.100 I/art     (  580): option[1]=-Xcheck:jni
10-11 15:39:02.100 I/art     (  580): option[2]=-Xstacktracefile:/data/anr/traces.txt
10-11 15:39:02.100 I/art     (  580): option[3]=exit
10-11 15:39:02.100 I/art     (  580): option[4]=vfprintf
10-11 15:39:02.100 I/art     (  580): option[5]=sensitiveThread
10-11 15:39:02.100 I/art     (  580): option[6]=-verbose:gc
10-11 15:39:02.100 I/art     (  580): option[7]=-Xms8m
10-11 15:39:02.100 I/art     (  580): option[8]=-Xmx768m
10-11 15:39:02.100 I/art     (  580): option[9]=-XX:HeapGrowthLimit=288m
10-11 15:39:02.100 I/art     (  580): option[10]=-XX:HeapMinFree=512k
10-11 15:39:02.100 I/art     (  580): option[11]=-XX:HeapMaxFree=8m
10-11 15:39:02.100 I/AudioFlinger(  585): AudioFlinger's thread 0xf5303bc0 ready to run
10-11 15:39:02.100 I/art     (  580): option[12]=-XX:HeapTargetUtilization=0.75
10-11 15:39:02.101 I/art     (  580): option[13]=-Xusejit:true
10-11 15:39:02.101 I/art     (  580): option[14]=-Xjitsaveprofilinginfo
10-11 15:39:02.101 I/art     (  580): option[15]=-agentlib:jdwp=transport=dt_android_adb,suspend=n,server=y
10-11 15:39:02.101 D/audio_hw_primary(  585): adev_close_input_stream: enter:stream_handle(0xf69cfcc0)
10-11 15:39:02.101 I/art     (  580): option[16]=-Xlockprofthreshold:500
10-11 15:39:02.101 D/audio_hw_primary(  585): in_standby: enter: stream (0xf69cfcc0) usecase(16: audio-record)
10-11 15:39:02.101 I/art     (  580): option[17]=-Ximage-compiler-option
10-11 15:39:02.101 I/art     (  580): option[18]=--runtime-arg
10-11 15:39:02.101 I/art     (  580): option[19]=-Ximage-compiler-option
10-11 15:39:02.101 I/art     (  580): option[20]=-Xms64m
10-11 15:39:02.101 I/art     (  580): option[21]=-Ximage-compiler-option
10-11 15:39:02.101 I/art     (  580): option[22]=--runtime-arg
10-11 15:39:02.101 I/art     (  580): option[23]=-Ximage-compiler-option
10-11 15:39:02.101 D/audio_hw_primary(  585): adev_open_input_stream: enter: sample_rate(192000) channel_mask(0x8000000f) devices(0x80000004)        stream_handle(0xf69cfcc0) io_handle(30) source(1) format 5
10-11 15:39:02.101 I/art     (  580): option[24]=-Xmx64m
10-11 15:39:02.101 I/art     (  580): option[25]=-Ximage-compiler-option
10-11 15:39:02.101 I/art     (  580): option[26]=--compiler-filter=verify-at-runtime
10-11 15:39:02.101 D/audio_hw_primary(  585): adev_open_input_stream: enter: sample_rate(48000) channel_mask(0x8000000f) devices(0x80000004)        stream_handle(0xf69cfcc0) io_handle(30) source(1) format 1
10-11 15:39:02.101 I/art     (  580): option[27]=-Ximage-compiler-option
10-11 15:39:02.101 I/art     (  580): option[28]=--image-classes=/system/etc/preloaded-classes
10-11 15:39:02.101 I/art     (  580): option[29]=-Ximage-compiler-option
10-11 15:39:02.101 I/art     (  580): option[30]=--compiled-classes=/system/etc/compiled-classes
10-11 15:39:02.101 I/art     (  580): option[31]=-Xcompiler-option
10-11 15:39:02.101 I/art     (  580): option[32]=--runtime-arg
10-11 15:39:02.101 I/art     (  580): option[33]=-Xcompiler-option
10-11 15:39:02.101 I/art     (  580): option[34]=-Xms64m
10-11 15:39:02.101 I/art     (  580): option[35]=-Xcompiler-option
10-11 15:39:02.101 I/art     (  580): option[36]=--runtime-arg
10-11 15:39:02.101 I/art     (  580): option[37]=-Xcompiler-option
10-11 15:39:02.101 I/art     (  580): option[38]=-Xmx512m
10-11 15:39:02.101 I/art     (  580): option[39]=-Ximage-compiler-option
10-11 15:39:02.101 I/AudioFlinger(  585): AudioFlinger's thread 0xf5303a00 ready to run
10-11 15:39:02.101 I/art     (  580): option[40]=--instruction-set-variant=cortex-a53
10-11 15:39:02.101 I/art     (  580): option[41]=-Xcompiler-option
10-11 15:39:02.101 I/art     (  580): option[42]=--instruction-set-variant=cortex-a53
10-11 15:39:02.101 D/audio_hw_primary(  585): adev_close_input_stream: enter:stream_handle(0xf69cfcc0)
10-11 15:39:02.101 I/art     (  580): option[43]=-Ximage-compiler-option
10-11 15:39:02.101 D/audio_hw_primary(  585): in_standby: enter: stream (0xf69cfcc0) usecase(16: audio-record)
10-11 15:39:02.101 I/art     (  580): option[44]=--instruction-set-features=default
10-11 15:39:02.101 I/art     (  580): option[45]=-Xcompiler-option
10-11 15:39:02.101 I/art     (  580): option[46]=--instruction-set-features=default
10-11 15:39:02.101 I/art     (  580): option[47]=-Duser.locale=en-US
10-11 15:39:02.101 I/art     (  580): option[48]=--cpu-abilist=arm64-v8a
10-11 15:39:02.101 D/audio_hw_primary(  585): adev_open_input_stream: enter: sample_rate(48000) channel_mask(0xc) devices(0x80000040)        stream_handle(0xf69cfcc0) io_handle(38) source(1) format 1
10-11 15:39:02.101 I/art     (  580): option[49]=-Xfingerprint:OPPO/R9s/R9s:6.0.1/MMB29M/1390465867:user/release-keys
10-11 15:39:02.101 D/audio_hw_primary(  585): adev_open_input_stream: enter: sample_rate(48000) channel_mask(0xc) devices(0x80000040)        stream_handle(0xf69cfcc0) io_handle(38) source(1) format 1
10-11 15:39:02.101 W/APM_AudioPolicyManager(  585): Cannot open input stream for device 80000040 on hw module primary
10-11 15:39:02.101 E/adsprpc (  574): vendor/qcom/proprietary/adsprpc/src/adsp_default_listener.c:28:adsp_default_listener_start started
10-11 15:39:02.106 I/rmt_storage(  529): rmt_storage_connect_cb: clnt_h=0x9 conn_h=0x7f8182a000
10-11 15:39:02.106 I/rmt_storage(  529): rmt_storage_open_cb: data->path /oppo/oem_partion
10-11 15:39:02.106 I/rmt_storage(  529): rmt_storage_open_cb: fd=12,reserved_fd=13
10-11 15:39:02.107 I/rmt_storage(  529): rmt_storage_open_cb: rmt_storage:client->path=/oppo/oem_partion
10-11 15:39:02.107 I/rmt_storage(  529): rmt_storage_open_cb: rmt_storage,is oppo_nv_client_thread:ret:0
10-11 15:39:02.107 I/rmt_storage(  529): rmt_storage_open_cb: /oppo/oem_partion: clnt_h=0x9: req_h=0x9 msg_id=1: Client found
10-11 15:39:02.107 I/rmt_storage(  529): oppo_nv_client_thread: /oppo/oem_partion: clnt_h=0x9 oppo_nv_client_thread:Worker thread started
10-11 15:39:02.107 I/rmt_storage(  529): rmt_storage_open_cb: /oppo/oem_partion: clnt_h=0x9: req_h=0x9 msg_id=1: Send response: res=0 err=0
10-11 15:39:02.107 I/rmt_storage(  529): oppo_init_rfversion_by_modemtype: oppo_init_rfversion_by_modemtype(),fd_prjVersion= 16,fd_modemType= 17,fd_operatorName= 18,fd_pcbVersion= 19
10-11 15:39:02.107 I/rmt_storage(  529): oppo_init_rfversion_by_modemtype: oppo_init_rfversion_by_modemtype(),rbuf_prjVersion = 16017,rbuf_modemType= 0,rbuf_operatorName= 8,rbuf_pcbVersion= 3
10-11 15:39:02.107 I/rmt_storage(  529): rmt_storage_disconnect_cb: clnt_h=0x9 conn_h=0x7f8182a000
10-11 15:39:02.107 I/rmt_storage(  529): oppo_init_rfversion_by_modemtype: oppo_init_rfversion_by_modemtype(), rf_version = TDD_FDD_Ch_A_16017
10-11 15:39:02.107 I/rmt_storage(  529): rmt_storage_connect_cb: clnt_h=0xa conn_h=0x7f8182a000
10-11 15:39:02.108 I/rmt_storage(  529): rmt_storage_alloc_buff_cb: /oppo/oem_partion: clnt_h=0xa: req_h=0xa msg_id=4: Alloc request received: Size: 1048576
10-11 15:39:02.108 I/rmt_storage(  529): rmt_storage_alloc_buff_cb: /oppo/oem_partion: clnt_h=0xa: req_h=0xa msg_id=4: Alloc request received: Size: 1048576
10-11 15:39:02.108 I/rmt_storage(  529): rmt_storage_alloc_buff_cb: /oppo/oem_partion: clnt_h=0xa: req_h=0xa msg_id=4: Old Client requesting buffer from RMTS Server
10-11 15:39:02.108 I/rmt_storage(  529): rmt_storage_alloc_buff_cb: /oppo/oem_partion: clnt_h=0xa: req_h=0xa msg_id=4: Send response: res=0 err=0
10-11 15:39:02.109 I/rmt_storage(  529): rmt_storage_disconnect_cb: clnt_h=0xa conn_h=0x7f8182a000
10-11 15:39:02.109 I/rmt_storage(  529): rmt_storage_connect_cb: clnt_h=0xb conn_h=0x7f8182a000
10-11 15:39:02.109 I/rmt_storage(  529): rmt_storage_rw_iovec_cb: /oppo/oem_partion: clnt_h=0xb: req_h=0xb msg_id=3: R/W request received
10-11 15:39:02.109 I/rmt_storage(  529): wakelock acquired: 1, error no: 42
10-11 15:39:02.110 I/rmt_storage(  529): crc16--e2f0
10-11 15:39:02.110 I/rmt_storage(  529): Valid CNV file detected
10-11 15:39:02.110 I/bt_a2dp_hw(  585): adev_open:  adev_open in A2dp_hw module
10-11 15:39:02.110 I/rmt_storage(  529): rmt_storage,read sb_header,ret=0,sb_header.inode_num=3,version=1,sector_cnt=20480,sector_size=512
10-11 15:39:02.110 I/rmt_storage(  529): my_rf_version = TDD_FDD_Ch_A_16017
10-11 15:39:02.110 I/AudioFlinger(  585): loadHwModule() Loaded a2dp audio interface from A2DP Audio HW HAL (audio) handle 18
10-11 15:39:02.110 I/rmt_storage(  529): oppo_init_rfversion_by_modemtype: oppo_init_rfversion_by_modemtype(),fd_prjVersion= 16,fd_modemType= 17,fd_operatorName= 18,fd_pcbVersion= 19
10-11 15:39:02.110 I/rmt_storage(  529): oppo_init_rfversion_by_modemtype: oppo_init_rfversion_by_modemtype(),rbuf_prjVersion = 16017,rbuf_modemType= 0,rbuf_operatorName= 8,rbuf_pcbVersion= 3
10-11 15:39:02.110 I/rmt_storage(  529): oppo_init_rfversion_by_modemtype: oppo_init_rfversion_by_modemtype(), rf_version = TDD_FDD_Ch_A_16017
10-11 15:39:02.110 I/rmt_storage(  529): find_the_board:1
10-11 15:39:02.110 I/rmt_storage(  529): start_sector:247,inode_data_size:120832
10-11 15:39:02.110 I/rmt_storage(  529): oppo_init_rfversion_by_modemtype: oppo_init_rfversion_by_modemtype(),fd_prjVersion= 16,fd_modemType= 17,fd_operatorName= 18,fd_pcbVersion= 19
10-11 15:39:02.110 I/rmt_storage(  529): oppo_init_rfversion_by_modemtype: oppo_init_rfversion_by_modemtype(),rbuf_prjVersion = 16017,rbuf_modemType= 0,rbuf_operatorName= 8,rbuf_pcbVersion= 3
10-11 15:39:02.110 I/rmt_storage(  529): oppo_init_rfversion_by_modemtype: oppo_init_rfversion_by_modemtype(), rf_version = TDD_FDD_Ch_A_16017
10-11 15:39:02.111 I/rmt_storage(  529): crc16--e2f0
10-11 15:39:02.111 I/rmt_storage(  529): Valid CNV file detected
10-11 15:39:02.111 I/rmt_storage(  529): rmt_storage,read sb_header,ret=0,sb_header.inode_num=9,version=1,sector_cnt=20480,sector_size=512
10-11 15:39:02.111 I/rmt_storage(  529): my_rf_version = TDD_FDD_Ch_A_16017
10-11 15:39:02.111 I/rmt_storage(  529): oppo_init_rfversion_by_modemtype: oppo_init_rfversion_by_modemtype(),fd_prjVersion= 16,fd_modemType= 17,fd_operatorName= 18,fd_pcbVersion= 19
10-11 15:39:02.111 I/rmt_storage(  529): oppo_init_rfversion_by_modemtype: oppo_init_rfversion_by_modemtype(),rbuf_prjVersion = 16017,rbuf_modemType= 0,rbuf_operatorName= 8,rbuf_pcbVersion= 3
10-11 15:39:02.111 I/rmt_storage(  529): oppo_init_rfversion_by_modemtype: oppo_init_rfversion_by_modemtype(), rf_version = TDD_FDD_Ch_A_16017
10-11 15:39:02.111 I/rmt_storage(  529): find_the_board:1
10-11 15:39:02.111 I/rmt_storage(  529): start_sector:1094,inode_data_size:75776
10-11 15:39:02.111 I/rmt_storage(  529): valid_oem_partition dycnvbk_size(120832)
10-11 15:39:02.111 I/rmt_storage(  529): valid_oem_partition stanvbk_size(75776)
10-11 15:39:02.111 I/rmt_storage(  529): inode_data_size1:120832
10-11 15:39:02.111 I/rmt_storage(  529): buf1:0x0x7f81700010
10-11 15:39:02.113 D/QC-time-services(  567): Daemon:Open File: /data/time/ats_1
10-11 15:39:02.113 D/QC-time-services(  567): Daemon:Unable to open filefor read
10-11 15:39:02.113 D/QC-time-services(  567): Daemon:genoff_post_init:Error in accessing storage
10-11 15:39:02.113 D/QC-time-services(  567): Daemon:genoff_pre_init::Base = 2
10-11 15:39:02.113 D/QC-time-services(  567): Daemon: Storage Name: ats_2 
10-11 15:39:02.113 D/QC-time-services(  567): Daemon:Opening File: /persist/time/ats_2 /data/time/ats_2
10-11 15:39:02.113 D/QC-time-services(  567): Daemon:time_persistent_memory_opr:Genoff Read operation 
10-11 15:39:02.113 D/QC-time-services(  567): Daemon:Open File: /data/time/ats_2
10-11 15:39:02.113 D/QC-time-services(  567): Daemon:Unable to open filefor read
10-11 15:39:02.113 D/QC-time-services(  567): Daemon:genoff_post_init:Error in accessing storage
10-11 15:39:02.113 D/QC-time-services(  567): Daemon:genoff_pre_init::Base = 3
10-11 15:39:02.113 D/QC-time-services(  567): Daemon: Storage Name: ats_3 
10-11 15:39:02.113 D/QC-time-services(  567): Daemon:Opening File: /persist/time/ats_3 /data/time/ats_3
10-11 15:39:02.113 D/QC-time-services(  567): Daemon:time_persistent_memory_opr:Genoff Read operation 
10-11 15:39:02.113 D/QC-time-services(  567): Daemon:Open File: /data/time/ats_3
10-11 15:39:02.113 D/QC-time-services(  567): Daemon:Unable to open filefor read
